{
 "cells": [
  {
   "cell_type": "code",
   "execution_count": 138,
   "id": "initial_id",
   "metadata": {
    "collapsed": true,
    "ExecuteTime": {
     "end_time": "2023-09-15T15:42:31.220386749Z",
     "start_time": "2023-09-15T15:42:30.431524264Z"
    }
   },
   "outputs": [
    {
     "data": {
      "text/html": "<style>\n        .bk-notebook-logo {\n            display: block;\n            width: 20px;\n            height: 20px;\n            background-image: url(data:image/png;base64,iVBORw0KGgoAAAANSUhEUgAAABQAAAAUCAYAAACNiR0NAAAABHNCSVQICAgIfAhkiAAAAAlwSFlzAAALEgAACxIB0t1+/AAAABx0RVh0U29mdHdhcmUAQWRvYmUgRmlyZXdvcmtzIENTNui8sowAAAOkSURBVDiNjZRtaJVlGMd/1/08zzln5zjP1LWcU9N0NkN8m2CYjpgQYQXqSs0I84OLIC0hkEKoPtiH3gmKoiJDU7QpLgoLjLIQCpEsNJ1vqUOdO7ppbuec5+V+rj4ctwzd8IIbbi6u+8f1539dt3A78eXC7QizUF7gyV1fD1Yqg4JWz84yffhm0qkFqBogB9rM8tZdtwVsPUhWhGcFJngGeWrPzHm5oaMmkfEg1usvLFyc8jLRqDOMru7AyC8saQr7GG7f5fvDeH7Ej8CM66nIF+8yngt6HWaKh7k49Soy9nXurCi1o3qUbS3zWfrYeQDTB/Qj6kX6Ybhw4B+bOYoLKCC9H3Nu/leUTZ1JdRWkkn2ldcCamzrcf47KKXdAJllSlxAOkRgyHsGC/zRday5Qld9DyoM4/q/rUoy/CXh3jzOu3bHUVZeU+DEn8FInkPBFlu3+nW3Nw0mk6vCDiWg8CeJaxEwuHS3+z5RgY+YBR6V1Z1nxSOfoaPa4LASWxxdNp+VWTk7+4vzaou8v8PN+xo+KY2xsw6une2frhw05CTYOmQvsEhjhWjn0bmXPjpE1+kplmmkP3suftwTubK9Vq22qKmrBhpY4jvd5afdRA3wGjFAgcnTK2s4hY0/GPNIb0nErGMCRxWOOX64Z8RAC4oCXdklmEvcL8o0BfkNK4lUg9HTl+oPlQxdNo3Mg4Nv175e/1LDGzZen30MEjRUtmXSfiTVu1kK8W4txyV6BMKlbgk3lMwYCiusNy9fVfvvwMxv8Ynl6vxoByANLTWplvuj/nF9m2+PDtt1eiHPBr1oIfhCChQMBw6Aw0UulqTKZdfVvfG7VcfIqLG9bcldL/+pdWTLxLUy8Qq38heUIjh4XlzZxzQm19lLFlr8vdQ97rjZVOLf8nclzckbcD4wxXMidpX30sFd37Fv/GtwwhzhxGVAprjbg0gCAEeIgwCZyTV2Z1REEW8O4py0wsjeloKoMr6iCY6dP92H6Vw/oTyICIthibxjm/DfN9lVz8IqtqKYLUXfoKVMVQVVJOElGjrnnUt9T9wbgp8AyYKaGlqingHZU/uG2NTZSVqwHQTWkx9hxjkpWDaCg6Ckj5qebgBVbT3V3NNXMSiWSDdGV3hrtzla7J+duwPOToIg42ChPQOQjspnSlp1V+Gjdged7+8UN5CRAV7a5EdFNwCjEaBR27b3W890TE7g24NAP/mMDXRWrGoFPQI9ls/MWO2dWFAar/xcOIImbbpA3zgAAAABJRU5ErkJggg==);\n        }\n    </style>\n    <div>\n        <a href=\"https://bokeh.org\" target=\"_blank\" class=\"bk-notebook-logo\"></a>\n        <span id=\"c877f32d-48a0-45cf-8d9a-dd096da082be\">Loading BokehJS ...</span>\n    </div>\n"
     },
     "metadata": {},
     "output_type": "display_data"
    },
    {
     "data": {
      "application/javascript": "(function(root) {\n  function now() {\n    return new Date();\n  }\n\n  const force = true;\n\n  if (typeof root._bokeh_onload_callbacks === \"undefined\" || force === true) {\n    root._bokeh_onload_callbacks = [];\n    root._bokeh_is_loading = undefined;\n  }\n\nconst JS_MIME_TYPE = 'application/javascript';\n  const HTML_MIME_TYPE = 'text/html';\n  const EXEC_MIME_TYPE = 'application/vnd.bokehjs_exec.v0+json';\n  const CLASS_NAME = 'output_bokeh rendered_html';\n\n  /**\n   * Render data to the DOM node\n   */\n  function render(props, node) {\n    const script = document.createElement(\"script\");\n    node.appendChild(script);\n  }\n\n  /**\n   * Handle when an output is cleared or removed\n   */\n  function handleClearOutput(event, handle) {\n    const cell = handle.cell;\n\n    const id = cell.output_area._bokeh_element_id;\n    const server_id = cell.output_area._bokeh_server_id;\n    // Clean up Bokeh references\n    if (id != null && id in Bokeh.index) {\n      Bokeh.index[id].model.document.clear();\n      delete Bokeh.index[id];\n    }\n\n    if (server_id !== undefined) {\n      // Clean up Bokeh references\n      const cmd_clean = \"from bokeh.io.state import curstate; print(curstate().uuid_to_server['\" + server_id + \"'].get_sessions()[0].document.roots[0]._id)\";\n      cell.notebook.kernel.execute(cmd_clean, {\n        iopub: {\n          output: function(msg) {\n            const id = msg.content.text.trim();\n            if (id in Bokeh.index) {\n              Bokeh.index[id].model.document.clear();\n              delete Bokeh.index[id];\n            }\n          }\n        }\n      });\n      // Destroy server and session\n      const cmd_destroy = \"import bokeh.io.notebook as ion; ion.destroy_server('\" + server_id + \"')\";\n      cell.notebook.kernel.execute(cmd_destroy);\n    }\n  }\n\n  /**\n   * Handle when a new output is added\n   */\n  function handleAddOutput(event, handle) {\n    const output_area = handle.output_area;\n    const output = handle.output;\n\n    // limit handleAddOutput to display_data with EXEC_MIME_TYPE content only\n    if ((output.output_type != \"display_data\") || (!Object.prototype.hasOwnProperty.call(output.data, EXEC_MIME_TYPE))) {\n      return\n    }\n\n    const toinsert = output_area.element.find(\".\" + CLASS_NAME.split(' ')[0]);\n\n    if (output.metadata[EXEC_MIME_TYPE][\"id\"] !== undefined) {\n      toinsert[toinsert.length - 1].firstChild.textContent = output.data[JS_MIME_TYPE];\n      // store reference to embed id on output_area\n      output_area._bokeh_element_id = output.metadata[EXEC_MIME_TYPE][\"id\"];\n    }\n    if (output.metadata[EXEC_MIME_TYPE][\"server_id\"] !== undefined) {\n      const bk_div = document.createElement(\"div\");\n      bk_div.innerHTML = output.data[HTML_MIME_TYPE];\n      const script_attrs = bk_div.children[0].attributes;\n      for (let i = 0; i < script_attrs.length; i++) {\n        toinsert[toinsert.length - 1].firstChild.setAttribute(script_attrs[i].name, script_attrs[i].value);\n        toinsert[toinsert.length - 1].firstChild.textContent = bk_div.children[0].textContent\n      }\n      // store reference to server id on output_area\n      output_area._bokeh_server_id = output.metadata[EXEC_MIME_TYPE][\"server_id\"];\n    }\n  }\n\n  function register_renderer(events, OutputArea) {\n\n    function append_mime(data, metadata, element) {\n      // create a DOM node to render to\n      const toinsert = this.create_output_subarea(\n        metadata,\n        CLASS_NAME,\n        EXEC_MIME_TYPE\n      );\n      this.keyboard_manager.register_events(toinsert);\n      // Render to node\n      const props = {data: data, metadata: metadata[EXEC_MIME_TYPE]};\n      render(props, toinsert[toinsert.length - 1]);\n      element.append(toinsert);\n      return toinsert\n    }\n\n    /* Handle when an output is cleared or removed */\n    events.on('clear_output.CodeCell', handleClearOutput);\n    events.on('delete.Cell', handleClearOutput);\n\n    /* Handle when a new output is added */\n    events.on('output_added.OutputArea', handleAddOutput);\n\n    /**\n     * Register the mime type and append_mime function with output_area\n     */\n    OutputArea.prototype.register_mime_type(EXEC_MIME_TYPE, append_mime, {\n      /* Is output safe? */\n      safe: true,\n      /* Index of renderer in `output_area.display_order` */\n      index: 0\n    });\n  }\n\n  // register the mime type if in Jupyter Notebook environment and previously unregistered\n  if (root.Jupyter !== undefined) {\n    const events = require('base/js/events');\n    const OutputArea = require('notebook/js/outputarea').OutputArea;\n\n    if (OutputArea.prototype.mime_types().indexOf(EXEC_MIME_TYPE) == -1) {\n      register_renderer(events, OutputArea);\n    }\n  }\n  if (typeof (root._bokeh_timeout) === \"undefined\" || force === true) {\n    root._bokeh_timeout = Date.now() + 5000;\n    root._bokeh_failed_load = false;\n  }\n\n  const NB_LOAD_WARNING = {'data': {'text/html':\n     \"<div style='background-color: #fdd'>\\n\"+\n     \"<p>\\n\"+\n     \"BokehJS does not appear to have successfully loaded. If loading BokehJS from CDN, this \\n\"+\n     \"may be due to a slow or bad network connection. Possible fixes:\\n\"+\n     \"</p>\\n\"+\n     \"<ul>\\n\"+\n     \"<li>re-rerun `output_notebook()` to attempt to load from CDN again, or</li>\\n\"+\n     \"<li>use INLINE resources instead, as so:</li>\\n\"+\n     \"</ul>\\n\"+\n     \"<code>\\n\"+\n     \"from bokeh.resources import INLINE\\n\"+\n     \"output_notebook(resources=INLINE)\\n\"+\n     \"</code>\\n\"+\n     \"</div>\"}};\n\n  function display_loaded() {\n    const el = document.getElementById(\"c877f32d-48a0-45cf-8d9a-dd096da082be\");\n    if (el != null) {\n      el.textContent = \"BokehJS is loading...\";\n    }\n    if (root.Bokeh !== undefined) {\n      if (el != null) {\n        el.textContent = \"BokehJS \" + root.Bokeh.version + \" successfully loaded.\";\n      }\n    } else if (Date.now() < root._bokeh_timeout) {\n      setTimeout(display_loaded, 100)\n    }\n  }\n\n  function run_callbacks() {\n    try {\n      root._bokeh_onload_callbacks.forEach(function(callback) {\n        if (callback != null)\n          callback();\n      });\n    } finally {\n      delete root._bokeh_onload_callbacks\n    }\n    console.debug(\"Bokeh: all callbacks have finished\");\n  }\n\n  function load_libs(css_urls, js_urls, callback) {\n    if (css_urls == null) css_urls = [];\n    if (js_urls == null) js_urls = [];\n\n    root._bokeh_onload_callbacks.push(callback);\n    if (root._bokeh_is_loading > 0) {\n      console.debug(\"Bokeh: BokehJS is being loaded, scheduling callback at\", now());\n      return null;\n    }\n    if (js_urls == null || js_urls.length === 0) {\n      run_callbacks();\n      return null;\n    }\n    console.debug(\"Bokeh: BokehJS not loaded, scheduling load and callback at\", now());\n    root._bokeh_is_loading = css_urls.length + js_urls.length;\n\n    function on_load() {\n      root._bokeh_is_loading--;\n      if (root._bokeh_is_loading === 0) {\n        console.debug(\"Bokeh: all BokehJS libraries/stylesheets loaded\");\n        run_callbacks()\n      }\n    }\n\n    function on_error(url) {\n      console.error(\"failed to load \" + url);\n    }\n\n    for (let i = 0; i < css_urls.length; i++) {\n      const url = css_urls[i];\n      const element = document.createElement(\"link\");\n      element.onload = on_load;\n      element.onerror = on_error.bind(null, url);\n      element.rel = \"stylesheet\";\n      element.type = \"text/css\";\n      element.href = url;\n      console.debug(\"Bokeh: injecting link tag for BokehJS stylesheet: \", url);\n      document.body.appendChild(element);\n    }\n\n    for (let i = 0; i < js_urls.length; i++) {\n      const url = js_urls[i];\n      const element = document.createElement('script');\n      element.onload = on_load;\n      element.onerror = on_error.bind(null, url);\n      element.async = false;\n      element.src = url;\n      console.debug(\"Bokeh: injecting script tag for BokehJS library: \", url);\n      document.head.appendChild(element);\n    }\n  };\n\n  function inject_raw_css(css) {\n    const element = document.createElement(\"style\");\n    element.appendChild(document.createTextNode(css));\n    document.body.appendChild(element);\n  }\n\n  const js_urls = [\"https://cdn.bokeh.org/bokeh/release/bokeh-3.2.2.min.js\", \"https://cdn.bokeh.org/bokeh/release/bokeh-gl-3.2.2.min.js\", \"https://cdn.bokeh.org/bokeh/release/bokeh-widgets-3.2.2.min.js\", \"https://cdn.bokeh.org/bokeh/release/bokeh-tables-3.2.2.min.js\", \"https://cdn.bokeh.org/bokeh/release/bokeh-mathjax-3.2.2.min.js\"];\n  const css_urls = [];\n\n  const inline_js = [    function(Bokeh) {\n      Bokeh.set_log_level(\"info\");\n    },\nfunction(Bokeh) {\n    }\n  ];\n\n  function run_inline_js() {\n    if (root.Bokeh !== undefined || force === true) {\n          for (let i = 0; i < inline_js.length; i++) {\n      inline_js[i].call(root, root.Bokeh);\n    }\nif (force === true) {\n        display_loaded();\n      }} else if (Date.now() < root._bokeh_timeout) {\n      setTimeout(run_inline_js, 100);\n    } else if (!root._bokeh_failed_load) {\n      console.log(\"Bokeh: BokehJS failed to load within specified timeout.\");\n      root._bokeh_failed_load = true;\n    } else if (force !== true) {\n      const cell = $(document.getElementById(\"c877f32d-48a0-45cf-8d9a-dd096da082be\")).parents('.cell').data().cell;\n      cell.output_area.append_execute_result(NB_LOAD_WARNING)\n    }\n  }\n\n  if (root._bokeh_is_loading === 0) {\n    console.debug(\"Bokeh: BokehJS loaded, going straight to plotting\");\n    run_inline_js();\n  } else {\n    load_libs(css_urls, js_urls, function() {\n      console.debug(\"Bokeh: BokehJS plotting callback run at\", now());\n      run_inline_js();\n    });\n  }\n}(window));",
      "application/vnd.bokehjs_load.v0+json": "(function(root) {\n  function now() {\n    return new Date();\n  }\n\n  const force = true;\n\n  if (typeof root._bokeh_onload_callbacks === \"undefined\" || force === true) {\n    root._bokeh_onload_callbacks = [];\n    root._bokeh_is_loading = undefined;\n  }\n\n\n  if (typeof (root._bokeh_timeout) === \"undefined\" || force === true) {\n    root._bokeh_timeout = Date.now() + 5000;\n    root._bokeh_failed_load = false;\n  }\n\n  const NB_LOAD_WARNING = {'data': {'text/html':\n     \"<div style='background-color: #fdd'>\\n\"+\n     \"<p>\\n\"+\n     \"BokehJS does not appear to have successfully loaded. If loading BokehJS from CDN, this \\n\"+\n     \"may be due to a slow or bad network connection. Possible fixes:\\n\"+\n     \"</p>\\n\"+\n     \"<ul>\\n\"+\n     \"<li>re-rerun `output_notebook()` to attempt to load from CDN again, or</li>\\n\"+\n     \"<li>use INLINE resources instead, as so:</li>\\n\"+\n     \"</ul>\\n\"+\n     \"<code>\\n\"+\n     \"from bokeh.resources import INLINE\\n\"+\n     \"output_notebook(resources=INLINE)\\n\"+\n     \"</code>\\n\"+\n     \"</div>\"}};\n\n  function display_loaded() {\n    const el = document.getElementById(\"c877f32d-48a0-45cf-8d9a-dd096da082be\");\n    if (el != null) {\n      el.textContent = \"BokehJS is loading...\";\n    }\n    if (root.Bokeh !== undefined) {\n      if (el != null) {\n        el.textContent = \"BokehJS \" + root.Bokeh.version + \" successfully loaded.\";\n      }\n    } else if (Date.now() < root._bokeh_timeout) {\n      setTimeout(display_loaded, 100)\n    }\n  }\n\n  function run_callbacks() {\n    try {\n      root._bokeh_onload_callbacks.forEach(function(callback) {\n        if (callback != null)\n          callback();\n      });\n    } finally {\n      delete root._bokeh_onload_callbacks\n    }\n    console.debug(\"Bokeh: all callbacks have finished\");\n  }\n\n  function load_libs(css_urls, js_urls, callback) {\n    if (css_urls == null) css_urls = [];\n    if (js_urls == null) js_urls = [];\n\n    root._bokeh_onload_callbacks.push(callback);\n    if (root._bokeh_is_loading > 0) {\n      console.debug(\"Bokeh: BokehJS is being loaded, scheduling callback at\", now());\n      return null;\n    }\n    if (js_urls == null || js_urls.length === 0) {\n      run_callbacks();\n      return null;\n    }\n    console.debug(\"Bokeh: BokehJS not loaded, scheduling load and callback at\", now());\n    root._bokeh_is_loading = css_urls.length + js_urls.length;\n\n    function on_load() {\n      root._bokeh_is_loading--;\n      if (root._bokeh_is_loading === 0) {\n        console.debug(\"Bokeh: all BokehJS libraries/stylesheets loaded\");\n        run_callbacks()\n      }\n    }\n\n    function on_error(url) {\n      console.error(\"failed to load \" + url);\n    }\n\n    for (let i = 0; i < css_urls.length; i++) {\n      const url = css_urls[i];\n      const element = document.createElement(\"link\");\n      element.onload = on_load;\n      element.onerror = on_error.bind(null, url);\n      element.rel = \"stylesheet\";\n      element.type = \"text/css\";\n      element.href = url;\n      console.debug(\"Bokeh: injecting link tag for BokehJS stylesheet: \", url);\n      document.body.appendChild(element);\n    }\n\n    for (let i = 0; i < js_urls.length; i++) {\n      const url = js_urls[i];\n      const element = document.createElement('script');\n      element.onload = on_load;\n      element.onerror = on_error.bind(null, url);\n      element.async = false;\n      element.src = url;\n      console.debug(\"Bokeh: injecting script tag for BokehJS library: \", url);\n      document.head.appendChild(element);\n    }\n  };\n\n  function inject_raw_css(css) {\n    const element = document.createElement(\"style\");\n    element.appendChild(document.createTextNode(css));\n    document.body.appendChild(element);\n  }\n\n  const js_urls = [\"https://cdn.bokeh.org/bokeh/release/bokeh-3.2.2.min.js\", \"https://cdn.bokeh.org/bokeh/release/bokeh-gl-3.2.2.min.js\", \"https://cdn.bokeh.org/bokeh/release/bokeh-widgets-3.2.2.min.js\", \"https://cdn.bokeh.org/bokeh/release/bokeh-tables-3.2.2.min.js\", \"https://cdn.bokeh.org/bokeh/release/bokeh-mathjax-3.2.2.min.js\"];\n  const css_urls = [];\n\n  const inline_js = [    function(Bokeh) {\n      Bokeh.set_log_level(\"info\");\n    },\nfunction(Bokeh) {\n    }\n  ];\n\n  function run_inline_js() {\n    if (root.Bokeh !== undefined || force === true) {\n          for (let i = 0; i < inline_js.length; i++) {\n      inline_js[i].call(root, root.Bokeh);\n    }\nif (force === true) {\n        display_loaded();\n      }} else if (Date.now() < root._bokeh_timeout) {\n      setTimeout(run_inline_js, 100);\n    } else if (!root._bokeh_failed_load) {\n      console.log(\"Bokeh: BokehJS failed to load within specified timeout.\");\n      root._bokeh_failed_load = true;\n    } else if (force !== true) {\n      const cell = $(document.getElementById(\"c877f32d-48a0-45cf-8d9a-dd096da082be\")).parents('.cell').data().cell;\n      cell.output_area.append_execute_result(NB_LOAD_WARNING)\n    }\n  }\n\n  if (root._bokeh_is_loading === 0) {\n    console.debug(\"Bokeh: BokehJS loaded, going straight to plotting\");\n    run_inline_js();\n  } else {\n    load_libs(css_urls, js_urls, function() {\n      console.debug(\"Bokeh: BokehJS plotting callback run at\", now());\n      run_inline_js();\n    });\n  }\n}(window));"
     },
     "metadata": {},
     "output_type": "display_data"
    },
    {
     "data": {
      "text/html": "\n  <div id=\"dc83faff-2341-4430-a552-48df48391d18\" data-root-id=\"p5928\" style=\"display: contents;\"></div>\n"
     },
     "metadata": {},
     "output_type": "display_data"
    },
    {
     "data": {
      "application/javascript": "(function(root) {\n  function embed_document(root) {\n  const docs_json = {\"fff5067f-d684-42b8-9489-14976f9eae62\":{\"version\":\"3.2.2\",\"title\":\"Bokeh Application\",\"roots\":[{\"type\":\"object\",\"name\":\"Figure\",\"id\":\"p5928\",\"attributes\":{\"width\":1000,\"height\":700,\"x_range\":{\"type\":\"object\",\"name\":\"DataRange1d\",\"id\":\"p5929\"},\"y_range\":{\"type\":\"object\",\"name\":\"DataRange1d\",\"id\":\"p5930\",\"attributes\":{\"flipped\":true}},\"x_scale\":{\"type\":\"object\",\"name\":\"LinearScale\",\"id\":\"p5938\"},\"y_scale\":{\"type\":\"object\",\"name\":\"LinearScale\",\"id\":\"p5939\"},\"title\":{\"type\":\"object\",\"name\":\"Title\",\"id\":\"p5931\",\"attributes\":{\"text\":\"Boot Time Measurements -- 1239 Actions\",\"text_color\":\"#E0E0E0\",\"text_font\":\"Helvetica\",\"text_font_size\":\"20pt\"}},\"outline_line_color\":\"#E0E0E0\",\"outline_line_alpha\":0.25,\"renderers\":[{\"type\":\"object\",\"name\":\"GlyphRenderer\",\"id\":\"p5963\",\"attributes\":{\"data_source\":{\"type\":\"object\",\"name\":\"ColumnDataSource\",\"id\":\"p5924\",\"attributes\":{\"selected\":{\"type\":\"object\",\"name\":\"Selection\",\"id\":\"p5925\",\"attributes\":{\"indices\":[],\"line_indices\":[]}},\"selection_policy\":{\"type\":\"object\",\"name\":\"UnionRenderers\",\"id\":\"p5926\"},\"data\":{\"type\":\"map\",\"entries\":[[\"id\",[1,2,3,4,5,6,7,8,9,10,11,12,13,14,15,16,17,18,19,20,21,22,23,24,25,26,27,28,29,30,31,32,33,34,35,36,37,38,39,40,41,42,43,44,45,46,47,48,49,50,51,52,53,54,55,56,57,58,59,60,61,62,63,64,65,66,67,68,69,70,71,72,73,74,75,76,77,78,79,80,81,82,83,84,85,86,87,88,89,90,91,92,93,94,95,96,97,98,99,100,101,102,103,104,105,106,107,108,109,110,111,112,113,114,115,116,117,118,119,120,121,122,123,124,125,126,127,128,129,130,131,132,133,134,135,136,137,138,139,140,141,142,143,144,145,146,147,148,149,150,151,152,153,154,155,156,157,158,159,160,161,162,163,164,165,166,167,168,169,170,171,172,173,174,175,176,177,178,179,180,181,182,183,184,185,186,187,188,189,190,191,192,193,194,195,196,197,198,199,200,201,202,203,204,205,206,207,208,209,210,211,212,213,214,215,216,217,218,219,220,221,222,223,224,225,226,227,228,229,230,231,232,233,234,235,236,237,238,239,240,241,242,243,244,245,246,247,248,249,250,251,252,253,254,255,256,257,258,259,260,261,262,263,264,265,266,267,268,269,270,271,272,273,274,275,276,277,278,279,280,281,282,283,284,285,286,287,288,289,290,291,292,293,294,295,296,297,298,299,300,301,302,303,304,305,306,307,308,309,310,311,312,313,314,315,316,317,318,319,320,321,322,323,324,325,326,327,328,329,330,331,332,333,334,335,336,337,338,339,340,341,342,343,344,345,346,347,348,349,350,351,352,353,354,355,356,357,358,359,360,361,362,363,364,365,366,367,368,369,370,371,372,373,374,375,376,377,378,379,380,381,382,383,384,385,386,387,388,389,390,391,392,393,394,395,396,397,398,399,400,401,402,403,404,405,406,407,408,409,410,411,412,413,414,415,416,417,418,419,420,421,422,423,424,425,426,427,428,429,430,431,432,433,434,435,436,437,438,439,440,441,442,443,444,445,446,447,448,449,450,451,452,453,454,455,456,457,458,459,460,461,462,463,464,465,466,467,468,469,470,471,472,473,474,475,476,477,478,479,480,481,482,483,484,485,486,487,488,489,490,491,492,493,494,495,496,497,498,499,500,501,502,503,504,505,506,507,508,509,510,511,512,513,514,515,516,517,518,519,520,521,522,523,524,525,526,527,528,529,530,531,532,533,534,535,536,537,538,539,540,541,542,543,544,545,546,547,548,549,550,551,552,553,554,555,556,557,558,559,560,561,562,563,564,565,566,567,568,569,570,571,572,573,574,575,576,577,578,579,580,581,582,583,584,585,586,587,588,589,590,591,592,593,594,595,596,597,598,599,600,601,602,603,604,605,606,607,608,609,610,611,612,613,614,615,616,617,618,619,620,621,622,623,624,625,626,627,628,629,630,631,632,633,634,635,636,637,638,639,640,641,642,643,644,645,646,647,648,649,650,651,652,653,654,655,656,657,658,659,660,661,662,663,664,665,666,667,668,669,670,671,672,673,674,675,676,677,678,679,680,681,682,683,684,685,686,687,688,689,690,691,692,693,694,695,696,697,698,699,700,701,702,703,704,705,706,707,708,709,710,711,712,713,714,715,716,717,718,719,720,721,722,723,724,725,726,727,728,729,730,731,732,733,734,735,736,737,738,739,740,741,742,743,744,745,746,747,748,749,750,751,752,753,754,755,756,757,758,759,760,761,762,763,764,765,766,767,768,769,770,771,772,773,774,775,776,777,778,779,780,781,782,783,784,785,786,787,788,789,790,791,792,793,794,795,796,797,798,799,800,801,802,803,804,805,806,807,808,809,810,811,812,813,814,815,816,817,818,819,820,821,822,823,824,825,826,827,828,829,830,831,832,833,834,835,836,837,838,839,840,841,842,843,844,845,846,847,848,849,850,851,852,853,854,855,856,857,858,859,860,861,862,863,864,865,866,867,868,869,870,871,872,873,874,875,876,877,878,879,880,881,882,883,884,885,886,887,888,889,890,891,892,893,894,895,896,897,898,899,900,901,902,903,904,905,906,907,908,909,910,911,912,913,914,915,916,917,918,919,920,921,922,923,924,925,926,927,928,929,930,931,932,933,934,935,936,937,938,939,940,941,942,943,944,945,946,947,948,949,950,951,952,953,954,955,956,957,958,959,960,961,962,963,964,965,966,967,968,969,970,971,972,973,974,975,976,977,978,979,980,981,982,983,984,985,986,987,988,989,990,991,992,993,994,995,996,997,998,999,1000,1001,1002,1003,1004,1005,1006,1007,1008,1009,1010,1011,1012,1013,1014,1015,1016,1017,1018,1019,1020,1021,1022,1023,1024,1025,1026,1027,1028,1029,1030,1031,1032,1033,1034,1035,1036,1037,1038,1039,1040,1041,1042,1043,1044,1045,1046,1047,1048,1049,1050,1051,1052,1053,1054,1055,1056,1057,1058,1059,1060,1061,1062,1063,1064,1065,1066,1067,1068,1069,1070,1071,1072,1073,1074,1075,1076,1077,1078,1079,1080,1081,1082,1083,1084,1085,1086,1087,1088,1089,1090,1091,1092,1093,1094,1095,1096,1097,1098,1099,1100,1101,1102,1103,1104,1105,1106,1107,1108,1109,1110,1111,1112,1113,1114,1115,1116,1117,1118,1119,1120,1121,1122,1123,1124,1125,1126,1127,1128,1129,1130,1131,1132,1133,1134,1135,1136,1137,1138,1139,1140,1141,1142,1143,1144,1145,1146,1147,1148,1149,1150,1151,1152,1153,1154,1155,1156,1157,1158,1159,1160,1161,1162,1163,1164,1165,1166,1167,1168,1169,1170,1171,1172,1173,1174,1175,1176,1177,1178,1179,1180,1181,1182,1183,1184,1185,1186,1187,1188,1189,1190,1191,1192,1193,1194,1195,1196,1197,1198,1199,1200,1201,1202,1203,1204,1205,1206,1207,1208,1209,1210,1211,1212,1213,1214,1215,1216,1217,1218,1219,1220,1221,1222,1223,1224,1225,1226,1227,1228,1229,1230,1231,1232,1233,1234,1235,1236,1237,1238,1239]],[\"start\",[0.0,0.0,0.0,0.0,0.0,0.0,0.0,0.0,0.0,0.0,0.0,0.0,0.0,0.0,0.0,0.0,0.0,0.0,0.0,0.0,0.0,0.0,0.0,0.0,0.0,0.0,0.0,0.0,0.0,0.0,0.0,0.0,0.0,0.0,0.0,0.0,0.0,0.0,0.0,0.0,0.0,0.0,0.0,0.0,0.0,0.0,0.0,0.0,0.0,0.0,0.0,0.0,0.0,0.0,0.0,0.0,0.0,0.0,0.0,0.0,0.0,0.0,0.0,0.0,0.0,0.0,0.0,0.0,0.0,0.0,0.0,0.0,0.0,0.0,0.0,0.0,0.0,0.0,0.0,0.0,0.0,0.0,0.0,0.0,0.0,0.0,0.0,0.0,0.0,0.0,0.0,0.0,0.0,0.0,0.0,0.0,0.0,0.0,0.09,0.248,0.294,0.298,0.429,0.456,0.471,0.566,0.644,0.661,1.708,1.712,1.767,1.805,1.961,1.962,1.984,2.653,2.69,2.915,3.201,3.924,3.983,3.996,4.028,4.667,4.703,4.713,4.736,5.347,5.392,5.402,5.425,6.464,6.494,6.503,6.525,7.106,7.143,7.152,7.175,7.754,7.786,7.796,7.82,8.401,8.433,8.441,8.463,8.511,8.514,8.516,8.518,8.519,8.52,8.521,8.523,8.523,8.524,8.525,8.527,8.601,8.608,11.558,21.052,21.059,21.222,21.477,21.746,22.097,22.183,22.261,22.288,22.341,22.535,22.537,22.537,22.591,22.652,22.723,22.899,25.633,27.882,31.363,31.364,31.365,31.365,31.367,31.369,31.37,31.37,31.667,32.048,32.127,32.13,32.287,32.336,32.405,32.421,32.431,32.48,32.481,32.485,32.537,32.729,32.787,33.224,33.224,33.225,33.248,33.327,33.479,62.475,62.499,62.623,65.342,65.49,67.908,67.969,67.978,68.147,68.619,68.782,68.856,69.009,69.246,69.256,69.26,69.341,69.832,69.934,70.567,70.581,70.636,75.203,76.008,88.882,88.886,89.543,90.184,90.622,90.622,90.625,90.626,90.628,156.775,157.401,157.489,157.49,157.568,159.34,161.682,164.368,164.37,164.382,164.383,164.384,164.386,164.39,164.789,164.79,164.953,166.876,166.924,166.925,166.962,167.309,167.538,167.544,167.617,167.897,168.459,168.517,168.518,168.858,179.007,179.31,452.341,503.347,503.411,503.891,506.071,510.713,511.938,512.329,512.711,513.201,513.329,513.43,513.432,513.568,515.227,515.26,515.278,515.719,515.723,515.75,515.791,515.792,515.794,515.796,515.796,515.798,515.799,515.8,515.8,515.803,751.956,811.93,811.971,811.974,811.976,811.977,811.978,811.978,811.979,811.98,811.98,820.89,830.722,831.19,831.196,831.601,831.735,831.919,1055.679,1056.357,1056.778,1056.904,1057.014,1057.135,1057.238,1057.351,1057.949,1058.516,1059.069,1059.481,1059.591,1064.115,1070.71,1072.473,1074.068,1076.346,1078.257,1084.975,1085.343,1086.765,1091.697,1093.126,1094.935,1100.563,1885.549,1959.369,1964.923,1965.124,1965.257,1965.505,1965.617,1965.788,1966.054,1966.331,1966.568,1966.714,1967.006,1967.305,1967.546,1967.739,2004.827,2007.842,2008.344,2008.351,2008.355,2008.357,2008.684,2008.789,2009.931,2010.155,2010.17,2145.757,2149.057,2149.683,2149.69,2149.695,2149.698,2151.104,2187.109,2188.057,2189.003,2189.005,2197.457,2197.625,2198.31,2198.886,2199.595,2199.596,2199.605,2199.628,2199.631,2199.632,2199.636,2199.638,2199.641,2199.644,2199.645,2199.647,2199.649,2199.651,2199.653,2199.655,2199.657,2199.659,2199.661,2199.663,2199.665,2199.666,2199.669,2199.674,2199.676,2199.69,2199.7,2199.702,2199.705,2199.706,2199.709,2199.712,2202.774,2203.346,2203.958,2204.459,2204.958,2205.465,2205.962,2206.354,2206.444,2206.503,2206.606,2207.357,2208.067,2208.084,2208.114,2208.117,2208.184,2208.187,2208.189,2208.569,2208.618,2208.622,2208.712,2208.716,2208.718,2210.834,2211.116,2211.154,2211.157,2211.241,2211.246,2211.249,2213.91,2214.883,2214.934,2214.936,2215.017,2215.021,2215.023,2216.458,2216.97,2217.01,2217.013,2217.127,2217.13,2217.132,2217.684,2218.854,2218.906,2218.908,2218.973,2218.989,2218.993,2218.995,2219.013,2219.015,2219.079,2219.081,2219.082,2219.893,2220.798,2221.431,2221.473,2221.475,2221.554,2221.558,2221.561,2264.873,2305.252,2305.47,2325.154,2325.163,2325.231,2325.252,2325.423,2325.446,2326.828,2326.882,2330.269,2330.411,2331.45,2332.898,2334.875,2338.822,3318.971,5924.934,6155.329,6338.176,6338.187,6338.19,6338.191,6338.193,6338.194,6338.195,6536.344,6540.256,6748.035,6762.039,6762.406,6779.728,6875.373,6894.915,6975.377,7246.12,7246.378,7275.761,7276.454,7306.468,7336.006,7366.601,7395.748,7425.766,7455.906,7486.078,7524.772,7555.265,7595.001,7624.853,7655.401,7685.0,7715.443,7744.853,7775.37,7805.286,7841.728,7855.029,7888.185,7916.512,7947.947,7989.029,8003.99,8037.913,8074.883,8117.143,8164.816,8197.882,8225.675,8225.891,8226.1,8285.323,8324.214,8371.015,8399.305,8444.681,8460.104,8475.486,8479.117,8518.742,9119.369,10486.017,10490.425,10491.878,10492.574,10492.58,10492.602,10492.609,10492.62,10492.623,10492.647,10492.65,10511.74,10512.252,10512.609,10514.061,10514.066,10514.071,10514.072,10514.073,10514.074,10514.074,10514.341,10514.346,10514.348,10514.353,10514.356,10514.357,10514.358,10514.89,10617.776,10617.812,10624.073,10695.744,10696.099,10696.26,10696.289,10696.293,10696.298,10696.299,10696.301,10696.302,10696.303,10696.306,10696.309,10696.311,10696.315,10696.317,10696.318,10696.319,10696.414,10696.418,10696.421,10696.423,10696.423,10696.424,10696.425,10696.428,10696.43,10696.431,10696.434,10696.435,10696.436,10696.437,10697.593,10894.661,11423.499,13199.412,13210.539,13220.592,13220.711,13274.458,13274.465,13275.559,13280.304,13447.44,13458.863,13468.915,13469.091,13546.014,13546.025,18868.069,18868.078,18872.618,18872.624,1012.457,1012.515,1012.519,1053.297,1054.467,1055.037,1070.582,1083.273,1434.003,1730.323,1748.196,1748.245,1749.471,1749.544,1751.26,1751.341,1752.898,1752.956,1790.954,1794.826,2010.326,2010.341,2322.901,2322.92,2322.927,2322.942,2322.966,2338.361,2338.52,2338.563,2338.621,2338.631,2338.64,2352.177,2352.218,2352.26,2352.268,2352.306,2352.358,2363.766,2363.864,2363.875,2363.884,2363.917,2363.957,2373.77,2373.931,2373.948,2373.958,2398.456,2398.71,2399.003,2399.016,2435.809,2435.823,2435.831,2436.203,2472.727,2473.046,2473.367,2473.383,2519.368,2519.385,2519.652,2519.9,2556.645,2556.92,2556.935,2556.944,2557.239,2557.523,2613.547,2613.563,2613.574,2613.915,2614.21,2655.429,2655.734,2655.895,2655.907,2681.206,2681.252,2681.295,2681.358,2681.409,2691.738,2691.748,2691.756,2691.763,2691.769,2691.776,2696.508,2696.517,2696.524,2696.531,2696.537,2701.186,2701.196,2701.202,2701.209,2701.215,2705.924,2705.933,2705.94,2705.947,2705.953,2710.775,2710.784,2710.792,2710.799,2710.805,2715.502,2715.511,2715.518,2715.525,2715.531,2722.259,2722.302,2722.335,2722.369,2722.4,2722.43,2733.133,2733.143,2733.15,2733.157,2733.163,2738.22,2738.229,2738.236,2738.242,2738.248,2738.255,2750.912,2750.921,2750.929,2750.935,2750.942,2770.301,2770.311,2770.318,2770.356,2770.412,2783.22,2783.228,2783.233,2783.238,2783.243,2783.247,2787.084,2787.091,2787.097,2787.102,2787.107,2787.112,2790.546,2790.553,2790.559,2790.565,2790.57,2793.973,2793.98,2793.985,2793.989,2793.995,2798.687,2798.693,2798.698,2798.703,2798.709,2798.715,2829.588,2829.644,2833.35,2833.356,2833.361,2833.366,2833.371,2836.733,2836.738,2836.743,2836.748,2836.753,2840.155,2840.162,2840.167,2840.172,2840.176,2843.552,2843.558,2843.563,2843.568,2843.573,2846.916,2846.922,2846.926,2846.932,2846.936,2850.343,2850.348,2850.353,2850.358,2850.363,2854.049,2854.055,2854.059,2854.064,2854.069,2854.073,2857.442,2857.449,2857.453,2857.458,2857.463,2860.844,2860.851,2860.855,2860.861,2860.865,2864.893,2864.899,2864.904,2864.908,2864.913,2864.918,2868.553,2868.559,2868.564,2868.569,2868.574,2868.579,2872.233,2872.239,2872.244,2872.248,2872.253,2872.258,2875.906,2875.911,2875.916,2875.921,2875.926,2875.931,2879.566,2879.572,2879.577,2879.582,2879.587,2879.591,2883.405,2883.412,2883.416,2883.421,2883.426,2883.431,2887.086,2887.092,2887.097,2887.102,2887.106,2887.111,2892.102,2892.108,2892.113,2892.118,2892.122,2892.127,2892.132,2892.137,2895.805,2895.812,2895.817,2895.821,2895.826,2895.831,2899.458,2899.463,2899.468,2899.473,2899.478,2899.483,2903.381,2903.388,2903.393,2903.398,2903.403,2903.408,2907.056,2907.062,2907.067,2907.072,2907.077,2907.082,2910.758,2910.764,2910.769,2910.774,2910.778,2910.783,2914.443,2914.449,2914.454,2914.459,2914.463,2914.469,2916.91,2916.916,2916.921,2916.925,2920.305,2920.311,2920.316,2920.321,2920.326,2923.65,2923.656,2923.661,2923.666,2923.671,2927.09,2927.096,2927.101,2927.107,2927.112,2930.466,2930.472,2930.478,2930.482,2930.487,2933.821,2933.827,2933.832,2933.836,2933.841,2937.198,2937.205,2937.21,2937.215,2937.22,2940.95,2940.957,2940.963,2940.967,2940.972,2944.347,2944.354,2944.359,2944.365,2944.37,2947.688,2947.694,2947.699,2947.704,2947.709,2951.061,2951.069,2951.073,2951.079,2951.084,2954.419,2954.425,2954.43,2954.436,2954.441,2957.753,2957.834,2957.839,2957.843,2957.848,2961.191,2961.196,2961.201,2961.206,2961.211,2964.535,2964.541,2964.546,2964.551,2964.556,2968.291,2968.297,2968.302,2968.307,2968.312,2971.633,2971.639,2971.644,2971.649,2971.654,2974.992,2974.998,2975.002,2975.007,2975.012,2978.369,2978.374,2978.379,2978.384,2978.389,2982.645,2982.651,2982.656,2982.661,2982.665,2985.993,2985.999,2986.003,2986.008,2986.013,2989.38,2989.386,2989.391,2989.396,2989.4,2992.789,2992.795,2992.8,2992.805,2992.81,2996.439,2996.444,2996.449,2996.454,2996.458,2996.464,2999.809,2999.815,2999.819,2999.824,2999.829,3003.444,3003.45,3003.455,3003.46,3003.465,3003.47,3007.071,3007.077,3007.082,3007.087,3007.092,3007.096,3011.25,3011.257,3011.262,3011.267,3011.272,3011.276,3014.932,3014.938,3014.943,3014.947,3014.952,3014.956,3018.547,3018.553,3018.558,3018.562,3018.567,3018.572,3023.448,3023.454,3023.459,3023.464,3023.469,3023.475,3023.479,3023.484,3027.106,3027.112,3027.117,3027.122,3027.127,3027.132,3030.752,3030.757,3030.763,3030.767,3030.772,3030.777,3034.347,3034.353,3034.358,3034.362,3034.367,3034.372,3037.989,3037.994,3037.999,3038.004,3038.008,3038.013,3038.061,3092.775,3370.802,3437.5,3591.821,3681.633,3757.724,5484.662,5671.787,5719.38,7272.972,7302.975,7332.518,7363.108,7392.261,7422.27,7452.41,7482.589,7521.267,7651.893,7681.492,7711.937,7741.338,7771.863,7801.767,7838.232,7851.532,7884.689,7913.017,7944.439,7985.503,8000.47,8034.407,8071.315,8161.284,8320.714,8367.5,8395.791,8441.111,8475.614,8955.833,8984.281,9029.454,9065.452,9106.184,9154.892,9182.583,9224.8,9253.41,9253.506,9512.39,9540.978,9570.867,9617.033,9643.735,9674.595,9703.484,9993.833,10032.636,10698.377,10769.364,10769.377,10906.164,10906.184,11613.777,11692.321,11731.925,11761.865,11791.795,11822.898,11851.522,11888.94,12502.755,12533.826,12567.535,12593.914,12622.301,12659.487,13242.643,13242.706,13314.823,13581.665,13613.334,13653.109,13682.277,13782.962,13813.451,13852.005,19559.36,19561.616,20113.811]],[\"duration\",[0.0,0.0,0.0,0.0,0.0,0.0,0.0,0.0,0.0,0.0,0.0,0.0,0.0,0.0,0.0,0.0,0.0,0.0,0.0,0.0,0.0,0.0,0.0,0.0,0.0,0.0,0.0,0.0,0.0,0.0,0.0,0.0,0.0,0.0,0.0,0.0,0.0,0.0,0.0,0.0,0.0,0.0,0.0,0.0,0.0,0.0,0.0,0.0,0.0,0.0,0.0,0.0,0.0,0.0,0.0,0.0,0.0,0.0,0.0,0.0,0.0,0.0,0.0,0.0,0.0,0.0,0.0,0.0,0.0,0.0,0.0,0.0,0.0,0.0,0.0,0.0,0.0,0.0,0.0,0.0,0.0,0.0,0.0,0.0,0.0,0.0,0.0,0.0,0.0,0.0,0.0,0.0,0.0,0.0,0.0,0.0,0.0,0.0,0.0,0.159,0.045,0.004,0.131,0.027,0.015,0.095,0.078,0.017,1.047,0.004,0.055,0.038,0.156,0.001,0.022,0.669,0.037,0.225,0.286,0.723,0.06,0.013,0.031,0.639,0.036,0.01,0.023,0.611,0.045,0.01,0.023,1.039,0.03,0.009,0.022,0.581,0.037,0.009,0.023,0.579,0.032,0.01,0.024,0.581,0.032,0.008,0.022,0.048,0.003,0.002,0.002,0.001,0.001,0.001,0.002,0.0,0.001,0.001,0.002,0.074,0.007,2.95,9.494,0.007,0.163,0.255,0.269,0.351,0.086,0.078,0.027,0.053,0.194,0.002,0.0,0.054,0.061,0.071,0.176,2.734,2.249,3.481,0.001,0.002,0.0,0.001,0.002,0.001,0.0,0.297,0.381,0.08,0.002,0.158,0.049,0.068,0.016,0.01,0.049,0.001,0.004,0.052,0.192,0.058,0.437,0.0,0.001,0.023,0.079,0.152,28.996,0.024,0.124,2.719,0.148,2.418,0.061,0.009,0.169,0.472,0.163,0.074,0.153,0.237,0.01,0.004,0.081,0.491,0.102,0.633,0.014,0.055,4.567,0.805,12.874,0.004,0.657,0.641,0.438,0.0,0.003,0.001,0.002,66.147,0.626,0.088,0.001,0.078,1.772,2.342,2.686,0.002,0.012,0.001,0.001,0.002,0.004,0.399,0.001,0.163,1.923,0.048,0.001,0.037,0.347,0.229,0.006,0.073,0.28,0.562,0.058,0.001,0.34,10.149,0.303,273.031,51.006,0.064,0.48,2.181,4.641,1.225,0.392,0.381,0.49,0.128,0.102,0.001,0.136,1.659,0.033,0.018,0.442,0.003,0.028,0.04,0.001,0.002,0.002,0.001,0.001,0.001,0.001,0.001,0.002,236.153,59.974,0.041,0.003,0.002,0.001,0.001,0.0,0.001,0.001,0.0,8.91,9.832,0.468,0.006,0.405,0.134,0.184,223.76,0.678,0.421,0.126,0.11,0.121,0.103,0.113,0.598,0.567,0.553,0.412,0.11,4.524,6.595,1.763,1.595,2.278,1.911,6.718,0.368,1.422,4.932,1.429,1.809,5.628,784.986,73.82,5.554,0.201,0.133,0.248,0.112,0.171,0.266,0.277,0.237,0.146,0.292,0.299,0.241,0.193,37.088,3.015,0.503,0.006,0.004,0.003,0.327,0.105,1.141,0.225,0.014,135.587,3.3,0.626,0.007,0.005,0.003,1.406,36.005,0.948,0.946,0.002,8.452,0.168,0.685,0.576,0.709,0.001,0.009,0.023,0.003,0.001,0.004,0.002,0.003,0.003,0.001,0.002,0.002,0.002,0.002,0.002,0.002,0.002,0.002,0.002,0.002,0.001,0.003,0.005,0.002,0.014,0.01,0.002,0.003,0.001,0.003,0.003,3.062,0.572,0.612,0.501,0.499,0.506,0.497,0.392,0.09,0.059,0.103,0.751,0.71,0.017,0.03,0.003,0.067,0.003,0.002,0.38,0.049,0.004,0.09,0.004,0.002,2.116,0.282,0.038,0.003,0.084,0.005,0.003,2.661,0.973,0.051,0.002,0.081,0.004,0.002,1.435,0.512,0.04,0.003,0.114,0.003,0.002,0.552,1.17,0.052,0.002,0.065,0.016,0.004,0.002,0.018,0.002,0.064,0.002,0.001,0.811,0.905,0.633,0.042,0.002,0.079,0.004,0.003,43.312,40.379,0.218,19.684,0.009,0.068,0.021,0.171,0.023,1.382,0.054,3.387,0.142,1.039,1.448,1.977,3.947,980.149,2605.963,230.395,182.847,0.011,0.003,0.001,0.002,0.001,0.001,198.149,3.911,207.779,14.004,0.367,17.322,95.645,19.542,80.462,270.743,0.258,29.383,0.693,30.014,29.538,30.595,29.147,30.018,30.14,30.172,38.694,30.493,39.736,29.852,30.548,29.599,30.443,29.41,30.517,29.916,36.442,13.301,33.156,28.327,31.434,41.082,14.961,33.923,36.97,42.26,47.673,33.066,27.793,0.216,0.209,59.223,38.891,46.801,28.29,45.376,15.423,15.382,3.631,39.625,600.627,1366.648,4.408,1.453,0.696,0.006,0.022,0.007,0.011,0.003,0.024,0.003,19.09,0.512,0.357,1.452,0.005,0.005,0.001,0.001,0.001,0.0,0.267,0.005,0.002,0.005,0.003,0.001,0.001,0.532,102.886,0.036,6.261,71.671,0.355,0.161,0.029,0.004,0.005,0.001,0.002,0.001,0.001,0.003,0.003,0.002,0.004,0.002,0.001,0.001,0.095,0.004,0.003,0.002,0.0,0.001,0.001,0.003,0.002,0.001,0.003,0.001,0.001,0.001,1.156,197.068,528.838,1775.913,11.127,10.053,0.119,53.747,0.007,1.094,4.745,167.136,11.423,10.052,0.176,76.923,0.011,5322.044,0.009,4.54,0.006,0.0,0.0,0.0,0.0,0.0,0.0,10.912,68.346,8557.619,8261.0,8424.889,8424.85,8428.253,8427.75,8415.217,8415.122,8422.734,8423.241,0.0,21.778,8161.051,8160.024,7900.485,7900.025,7900.443,7900.02,7900.43,8016.193,8015.957,8015.959,8015.879,8015.93,8015.852,7991.045,7990.841,7990.909,7990.855,7990.928,7990.905,7965.081,8006.337,8006.329,8006.314,8006.29,8006.235,7951.132,7950.981,7950.958,7950.936,7916.796,7917.283,7917.475,7916.623,7824.179,7822.669,7822.246,7823.434,7853.307,7853.0,7852.675,7852.668,7766.485,7766.451,7766.21,7765.965,7841.614,7841.341,7841.321,7841.307,7841.015,7840.74,7767.39,7767.365,7767.36,7767.017,7766.714,7671.699,7671.405,7671.239,7671.237,7687.326,7687.292,7687.067,7686.993,7687.053,7671.977,7671.942,7671.913,7672.014,7671.983,7671.945,7681.282,7681.267,7681.263,7681.264,7681.255,7677.646,7677.633,7677.637,7677.625,7677.621,7689.992,7689.973,7689.963,7689.962,7689.958,7688.483,7688.482,7688.472,7688.462,7688.463,7676.328,7676.324,7676.319,7676.302,7676.302,7657.623,7657.573,7657.538,7657.501,7657.48,7657.448,7669.742,7669.726,7670.402,7670.466,7670.475,7643.758,7643.744,7643.735,7643.726,7643.727,7643.71,7577.94,7577.922,7577.928,7577.896,7577.896,7613.73,7613.712,7613.711,7613.678,7613.615,7593.513,7593.508,7593.506,7593.506,7593.499,7593.501,7595.934,7595.922,7595.913,7595.921,7595.909,7595.908,7557.939,7557.923,7557.929,7557.887,7557.889,7581.662,7581.649,7581.653,7581.652,7581.649,7591.091,7591.09,7591.072,7591.072,7591.059,7591.066,7560.176,7560.135,7852.848,7852.832,7852.833,7852.837,7852.837,7845.403,7845.383,7845.383,7845.367,7845.378,7821.363,7821.358,7821.348,7821.338,7821.337,7847.015,7847.012,7847.01,7846.992,7847.003,7841.296,7841.281,7841.265,7841.266,7841.272,7843.68,7843.669,7843.675,7843.662,7843.662,7562.347,7808.436,7808.435,7808.434,7808.427,7808.415,7838.085,7838.075,7838.066,7838.058,7838.058,7835.75,7835.737,7835.727,7835.74,7835.739,7827.921,7827.922,7827.915,7827.909,7792.639,7827.893,7790.973,7790.969,7790.954,7790.952,7522.245,7790.945,7515.977,7792.223,7792.215,7792.209,7792.213,7792.206,7510.159,7772.696,7772.696,7772.684,7772.676,7772.678,7507.564,7785.857,7785.854,7785.853,7785.839,7785.842,7791.76,7513.519,7791.758,7791.749,7791.732,7791.748,7782.291,7782.287,7782.277,7782.27,7754.422,7782.258,7467.646,7788.121,7524.277,7788.108,7524.279,7788.106,7788.09,7788.094,7772.586,7772.577,7772.576,7772.575,7499.086,7772.555,7777.707,7777.708,7572.124,7777.708,7777.708,7777.693,7769.783,7769.765,7769.754,7490.485,7769.756,7769.761,7764.068,7764.057,7485.787,7764.042,7764.052,7764.024,7773.399,7528.995,7773.375,7773.387,7773.389,7773.368,7751.981,7751.967,7751.972,7751.963,7729.196,7751.95,7406.819,7406.826,7406.826,7406.813,7743.167,7743.165,7743.158,7743.158,7743.143,7734.897,7734.889,7734.889,7734.877,7734.869,7457.943,7457.929,7457.927,7457.924,7457.924,7457.751,7457.747,7457.729,7457.73,7457.728,7722.447,7722.438,7722.441,7722.435,7722.434,7457.712,7457.703,7457.69,7457.688,7457.685,7452.93,7452.928,7452.929,7452.92,7452.918,7723.069,7723.067,7723.067,7723.054,7723.053,7443.141,7443.13,7443.128,7443.118,7443.122,7691.563,7691.544,7691.544,7691.54,7691.537,7432.701,7432.693,7432.685,7432.691,7432.691,7428.302,7428.219,7428.219,7428.217,7428.215,7431.66,7431.668,7431.648,7431.652,7431.65,7696.004,7695.996,7695.989,7695.991,7695.976,7689.256,7689.262,7689.248,7689.247,7689.245,7677.955,7677.96,7677.952,7677.945,7677.937,7384.759,7384.733,7384.74,7384.738,7384.726,7663.168,7663.16,7663.16,7663.158,7663.155,7433.754,7433.735,7433.736,7433.743,7433.715,7657.655,7657.652,7657.651,7657.648,7657.648,7407.556,7407.553,7407.552,7407.55,7407.541,7446.98,7446.961,7446.949,7446.961,7446.952,7435.103,7434.529,7434.335,7434.713,7434.717,7434.722,7471.765,7471.771,7471.77,7471.755,7471.754,7466.294,7466.134,7466.248,7466.261,7466.266,7466.273,7640.542,7640.548,7640.534,7640.536,7640.526,7640.525,7634.395,7634.376,7634.385,7634.376,7634.368,7634.361,7629.714,7629.717,7629.706,7629.705,7629.691,7629.701,7633.213,7633.212,7633.209,7633.195,7633.187,7633.19,7630.828,7630.832,7630.815,7630.819,7630.8,7630.806,7630.8,7630.788,7619.533,7619.525,7619.516,7619.52,7619.503,7619.503,7621.999,7621.986,7621.991,7621.982,7621.985,7621.97,7616.423,7616.429,7616.417,7616.41,7616.412,7616.405,7617.291,7617.281,7617.27,7617.279,7617.265,7617.265,0.0,47.639,0.0,95.366,0.0,0.0,1598.065,148.822,0.0,1523.316,0.0,0.0,0.0,0.0,0.0,0.0,0.0,0.0,0.0,0.0,0.0,0.0,0.0,0.0,0.0,0.0,0.0,0.0,0.0,605.872,596.647,611.757,607.252,603.58,593.824,194.5,454.582,458.768,440.903,446.914,299.809,307.281,292.804,286.548,286.272,2273.321,248.755,246.696,0.0,0.0,0.0,0.0,0.0,87.944,868.42,289.927,0.0,81.052,90.837,883.935,0.0,0.0,0.0,0.0,49.706,0.0,0.0,0.0,0.0,0.0,0.0,577.814,0.0,1013.795,425.577,88.835,0.0,584.093,0.0,0.0,0.0,0.0,5945.477,58.153,58.54,0.0,0.0,0.0,0.0,551.555,0.0]],[\"end\",[0.0,0.0,0.0,0.0,0.0,0.0,0.0,0.0,0.0,0.0,0.0,0.0,0.0,0.0,0.0,0.0,0.0,0.0,0.0,0.0,0.0,0.0,0.0,0.0,0.0,0.0,0.0,0.0,0.0,0.0,0.0,0.0,0.0,0.0,0.0,0.0,0.0,0.0,0.0,0.0,0.0,0.0,0.0,0.0,0.0,0.0,0.0,0.0,0.0,0.0,0.0,0.0,0.0,0.0,0.0,0.0,0.0,0.0,0.0,0.0,0.0,0.0,0.0,0.0,0.0,0.0,0.0,0.0,0.0,0.0,0.0,0.0,0.0,0.0,0.0,0.0,0.0,0.0,0.0,0.0,0.0,0.0,0.0,0.0,0.0,0.0,0.0,0.0,0.0,0.0,0.0,0.0,0.0,0.0,0.0,0.0,0.0,0.0,0.09,0.407,0.339,0.302,0.56,0.483,0.486,0.661,0.722,0.678,2.755,1.716,1.822,1.843,2.117,1.963,2.006,3.322,2.727,3.14,3.487,4.647,4.043,4.009,4.059,5.306,4.739,4.723,4.759,5.958,5.437,5.412,5.448,7.503,6.524,6.512,6.547,7.687,7.18,7.161,7.198,8.333,7.818,7.806,7.844,8.982,8.465,8.449,8.485,8.559,8.517,8.518,8.52,8.52,8.521,8.522,8.525,8.523,8.525,8.526,8.529,8.675,8.615,14.508,30.546,21.066,21.385,21.732,22.015,22.448,22.269,22.339,22.315,22.394,22.729,22.539,22.537,22.645,22.713,22.794,23.075,28.367,30.131,34.844,31.365,31.367,31.365,31.368,31.371,31.371,31.37,31.964,32.429,32.207,32.132,32.445,32.385,32.473,32.437,32.441,32.529,32.482,32.489,32.589,32.921,32.845,33.661,33.224,33.226,33.271,33.406,33.631,91.471,62.523,62.747,68.061,65.638,70.326,68.03,67.987,68.316,69.091,68.945,68.93,69.162,69.483,69.266,69.264,69.422,70.323,70.036,71.2,70.595,70.691,79.77,76.813,101.756,88.89,90.2,90.825,91.06,90.622,90.628,90.627,90.63,222.922,158.027,157.577,157.491,157.646,161.112,164.024,167.054,164.372,164.394,164.384,164.385,164.388,164.394,165.188,164.791,165.116,168.799,166.972,166.926,166.999,167.656,167.767,167.55,167.69,168.177,169.021,168.575,168.519,169.198,189.156,179.613,725.372,554.353,503.475,504.371,508.252,515.354,513.163,512.721,513.092,513.691,513.457,513.532,513.433,513.704,516.886,515.293,515.296,516.161,515.726,515.778,515.831,515.793,515.796,515.798,515.797,515.799,515.8,515.801,515.801,515.805,988.109,871.904,812.012,811.977,811.978,811.978,811.979,811.978,811.98,811.981,811.98,829.8,840.554,831.658,831.202,832.006,831.869,832.103,1279.439,1057.035,1057.199,1057.03,1057.124,1057.256,1057.341,1057.464,1058.547,1059.083,1059.622,1059.893,1059.701,1068.639,1077.305,1074.236,1075.663,1078.624,1080.168,1091.693,1085.711,1088.187,1096.629,1094.555,1096.744,1106.191,2670.535,2033.189,1970.477,1965.325,1965.39,1965.753,1965.729,1965.959,1966.32,1966.608,1966.805,1966.86,1967.298,1967.604,1967.787,1967.932,2041.915,2010.857,2008.847,2008.357,2008.359,2008.36,2009.011,2008.894,2011.072,2010.38,2010.184,2281.344,2152.357,2150.309,2149.697,2149.7,2149.701,2152.51,2223.114,2189.005,2189.949,2189.007,2205.909,2197.793,2198.995,2199.462,2200.304,2199.597,2199.614,2199.651,2199.634,2199.633,2199.64,2199.64,2199.644,2199.647,2199.646,2199.649,2199.651,2199.653,2199.655,2199.657,2199.659,2199.661,2199.663,2199.665,2199.667,2199.667,2199.672,2199.679,2199.678,2199.704,2199.71,2199.704,2199.708,2199.707,2199.712,2199.715,2205.836,2203.918,2204.57,2204.96,2205.457,2205.971,2206.459,2206.746,2206.534,2206.562,2206.709,2208.108,2208.777,2208.101,2208.144,2208.12,2208.251,2208.19,2208.191,2208.949,2208.667,2208.626,2208.802,2208.72,2208.72,2212.95,2211.398,2211.192,2211.16,2211.325,2211.251,2211.252,2216.571,2215.856,2214.985,2214.938,2215.098,2215.025,2215.025,2217.893,2217.482,2217.05,2217.016,2217.241,2217.133,2217.134,2218.236,2220.024,2218.958,2218.91,2219.038,2219.005,2218.997,2218.997,2219.031,2219.017,2219.143,2219.083,2219.083,2220.704,2221.703,2222.064,2221.515,2221.477,2221.633,2221.562,2221.564,2308.185,2345.631,2305.688,2344.838,2325.172,2325.299,2325.273,2325.594,2325.469,2328.21,2326.936,2333.656,2330.553,2332.489,2334.346,2336.852,2342.769,4299.12,8530.897,6385.724,6521.023,6338.198,6338.193,6338.192,6338.195,6338.195,6338.196,6734.493,6544.167,6955.814,6776.043,6762.773,6797.05,6971.018,6914.457,7055.839,7516.863,7246.636,7305.144,7277.147,7336.482,7365.544,7397.196,7424.895,7455.784,7486.046,7516.25,7563.466,7585.758,7634.737,7654.705,7685.949,7714.599,7745.886,7774.263,7805.887,7835.202,7878.17,7868.33,7921.341,7944.839,7979.381,8030.111,8018.951,8071.836,8111.853,8159.403,8212.489,8230.948,8253.468,8226.107,8226.309,8344.546,8363.105,8417.816,8427.595,8490.057,8475.527,8490.868,8482.748,8558.367,9719.996,11852.665,10494.833,10493.331,10493.27,10492.586,10492.624,10492.616,10492.631,10492.626,10492.671,10492.653,10530.83,10512.764,10512.966,10515.513,10514.071,10514.076,10514.073,10514.074,10514.075,10514.074,10514.608,10514.351,10514.35,10514.358,10514.359,10514.358,10514.359,10515.422,10720.662,10617.848,10630.334,10767.415,10696.454,10696.421,10696.318,10696.297,10696.303,10696.3,10696.303,10696.303,10696.304,10696.309,10696.312,10696.313,10696.319,10696.319,10696.319,10696.32,10696.509,10696.422,10696.424,10696.425,10696.423,10696.425,10696.426,10696.431,10696.432,10696.432,10696.437,10696.436,10696.437,10696.438,10698.749,11091.729,11952.337,14975.325,13221.666,13230.645,13220.83,13328.205,13274.472,13276.653,13285.049,13614.576,13470.286,13478.967,13469.267,13622.937,13546.036,24190.113,18868.087,18877.158,18872.63,1012.457,1012.515,1012.519,1053.297,1054.467,1055.037,1081.494,1151.619,9991.622,9991.323,10173.085,10173.095,10177.724,10177.294,10166.477,10166.463,10175.632,10176.197,1790.954,1816.604,10171.377,10170.365,10223.386,10222.945,10223.37,10222.962,10223.396,10354.554,10354.477,10354.522,10354.5,10354.561,10354.492,10343.222,10343.059,10343.169,10343.123,10343.234,10343.263,10328.847,10370.201,10370.204,10370.198,10370.207,10370.192,10324.902,10324.912,10324.906,10324.894,10315.252,10315.993,10316.478,10315.639,10259.988,10258.492,10258.077,10259.637,10326.034,10326.046,10326.042,10326.051,10285.853,10285.836,10285.862,10285.865,10398.259,10398.261,10398.256,10398.251,10398.254,10398.263,10380.937,10380.928,10380.934,10380.932,10380.924,10327.128,10327.139,10327.134,10327.144,10368.532,10368.544,10368.362,10368.351,10368.462,10363.715,10363.69,10363.669,10363.777,10363.752,10363.721,10377.79,10377.784,10377.787,10377.795,10377.792,10378.832,10378.829,10378.839,10378.834,10378.836,10395.916,10395.906,10395.903,10395.909,10395.911,10399.258,10399.266,10399.264,10399.261,10399.268,10391.83,10391.835,10391.837,10391.827,10391.833,10379.882,10379.875,10379.873,10379.87,10379.88,10379.878,10402.875,10402.869,10403.552,10403.623,10403.638,10381.978,10381.973,10381.971,10381.968,10381.975,10381.965,10328.852,10328.843,10328.857,10328.831,10328.838,10384.031,10384.023,10384.029,10384.034,10384.027,10376.733,10376.736,10376.739,10376.744,10376.742,10376.748,10383.018,10383.013,10383.01,10383.023,10383.016,10383.02,10348.485,10348.476,10348.488,10348.452,10348.459,10375.635,10375.629,10375.638,10375.641,10375.644,10389.778,10389.783,10389.77,10389.775,10389.768,10389.781,10389.764,10389.779,10686.198,10686.188,10686.194,10686.203,10686.208,10682.136,10682.121,10682.126,10682.115,10682.131,10661.518,10661.52,10661.515,10661.51,10661.513,10690.567,10690.57,10690.573,10690.56,10690.576,10688.212,10688.203,10688.191,10688.198,10688.208,10694.023,10694.017,10694.028,10694.02,10694.025,10416.396,10662.491,10662.494,10662.498,10662.496,10662.488,10695.527,10695.524,10695.519,10695.516,10695.521,10696.594,10696.588,10696.582,10696.601,10696.604,10692.814,10692.821,10692.819,10692.817,10657.552,10692.811,10659.526,10659.528,10659.518,10659.521,10390.819,10659.524,10388.21,10664.462,10664.459,10664.457,10664.466,10664.464,10386.065,10648.607,10648.612,10648.605,10648.602,10648.609,10387.13,10665.429,10665.431,10665.435,10665.426,10665.433,10675.165,10396.931,10675.174,10675.17,10675.158,10675.179,10669.377,10669.379,10669.374,10669.372,10641.528,10669.369,10359.748,10680.229,10416.39,10680.226,10416.401,10680.233,10680.222,10680.231,10668.391,10668.389,10668.393,10668.396,10394.912,10668.386,10677.165,10677.171,10471.592,10677.181,10677.186,10677.176,10673.164,10673.153,10673.147,10393.883,10673.159,10673.169,10671.124,10671.119,10392.854,10671.114,10671.129,10671.106,10684.157,10439.759,10684.144,10684.161,10684.167,10684.151,10666.424,10666.416,10666.426,10666.422,10643.659,10666.419,10323.729,10323.742,10323.747,10323.738,10663.472,10663.476,10663.474,10663.479,10663.469,10658.547,10658.545,10658.55,10658.543,10658.54,10385.033,10385.025,10385.028,10385.031,10385.036,10388.217,10388.219,10388.207,10388.212,10388.215,10656.268,10656.265,10656.273,10656.271,10656.275,10394.91,10394.908,10394.9,10394.903,10394.905,10393.88,10393.885,10393.892,10393.887,10393.89,10667.416,10667.421,10667.426,10667.419,10667.423,10390.829,10390.824,10390.827,10390.822,10390.831,10642.624,10642.613,10642.617,10642.619,10642.621,10387.12,10387.118,10387.115,10387.127,10387.132,10386.055,10386.053,10386.058,10386.06,10386.063,10392.851,10392.864,10392.849,10392.858,10392.861,10660.539,10660.537,10660.535,10660.542,10660.532,10657.547,10657.559,10657.55,10657.554,10657.557,10649.588,10649.599,10649.596,10649.594,10649.591,10359.751,10359.731,10359.742,10359.745,10359.738,10641.537,10641.534,10641.539,10641.542,10641.544,10416.399,10416.386,10416.392,10416.404,10416.38,10643.648,10643.651,10643.654,10643.656,10643.661,10396.936,10396.939,10396.943,10396.946,10396.941,10439.769,10439.756,10439.749,10439.766,10439.762,10431.542,10430.973,10430.784,10431.167,10431.175,10431.186,10471.574,10471.586,10471.589,10471.579,10471.583,10469.738,10469.584,10469.703,10469.721,10469.731,10469.743,10647.613,10647.625,10647.616,10647.623,10647.618,10647.621,10645.645,10645.633,10645.647,10645.643,10645.64,10645.637,10644.646,10644.655,10644.649,10644.652,10644.643,10644.657,10651.76,10651.765,10651.767,10651.757,10651.754,10651.762,10654.276,10654.286,10654.274,10654.283,10654.269,10654.281,10654.279,10654.272,10646.639,10646.637,10646.633,10646.642,10646.63,10646.635,10652.751,10652.743,10652.754,10652.749,10652.757,10652.747,10650.77,10650.782,10650.775,10650.772,10650.779,10650.777,10655.28,10655.275,10655.269,10655.283,10655.273,10655.278,3038.061,3140.414,3370.802,3532.866,3591.821,3681.633,5355.789,5633.484,5671.787,7242.696,7272.972,7302.975,7332.518,7363.108,7392.261,7422.27,7452.41,7482.589,7521.267,7651.893,7681.492,7711.937,7741.338,7771.863,7801.767,7838.232,7851.532,7884.689,7913.017,8550.311,8582.15,8612.227,8641.659,8674.895,8755.108,8515.214,8822.082,8854.559,8882.014,8922.528,9255.642,9291.562,9322.258,9352.0,9392.456,11428.213,9431.338,9471.496,9253.41,9253.506,9512.39,9540.978,9570.867,9704.977,10512.155,9964.522,9703.484,10074.885,10123.473,11582.312,10769.364,10769.377,10906.164,10906.184,11663.483,11692.321,11731.925,11761.865,11791.795,11822.898,11851.522,12466.754,12502.755,13547.621,12993.112,12682.749,12622.301,13243.58,13242.643,13242.706,13314.823,13581.665,19558.811,13711.262,13740.817,13782.962,13813.451,13852.005,19559.36,20113.171,20113.811]],[\"name\",[\"Booting Linux on physical CPU 0x0000000000 [0x410fd4b0]\",\"Linux version 5.14.0-328.291.el9iv.aarch64 (mockbuild@arm64-025.build.eng.bos.redhat.com) (gcc (GCC) 11.3.1 20221121 (Red Hat 11.3.1-4), GNU ld version 2.35.2-37.el9) #1 SMP PREEMPT_RT Thu Jun 15 17:59:55 EDT 2023\",\"The list of certified hardware and cloud instances for Red Hat Enterprise Linux 9 can be viewed at the Red Hat Ecosystem Catalog, https://catalog.redhat.com.\",\"Machine model: Qualcomm SA8540P Ride\",\"efi: UEFI not found.\",\"[Firmware Bug]: Kernel image misaligned at boot, please fix your bootloader!\",\"ACPI: Early table checksum verification disabled\",\"ACPI: Failed to init ACPI tables\",\"NUMA: No NUMA configuration found\",\"NUMA: Faking a node at [mem 0x0000000080000000-0x000000087fffffff]\",\"NUMA: NODE_DATA [mem 0x848754e00-0x848759fff]\",\"Zone ranges:\",\"  DMA      [mem 0x0000000080000000-0x00000000ffffffff]\",\"  DMA32    empty\",\"  Normal   [mem 0x0000000100000000-0x000000087fffffff]\",\"  Device   empty\",\"Movable zone start for each node\",\"Early memory node ranges\",\"  node   0: [mem 0x0000000080000000-0x0000000080bfffff]\",\"  node   0: [mem 0x0000000080c00000-0x0000000083afffff]\",\"  node   0: [mem 0x0000000083b00000-0x00000000851fffff]\",\"  node   0: [mem 0x0000000085200000-0x0000000085afffff]\",\"  node   0: [mem 0x0000000085b00000-0x00000000866fffff]\",\"  node   0: [mem 0x0000000086700000-0x0000000086bfffff]\",\"  node   0: [mem 0x0000000086c00000-0x0000000088bfffff]\",\"  node   0: [mem 0x0000000088c00000-0x000000008a0fffff]\",\"  node   0: [mem 0x000000008a100000-0x000000008befffff]\",\"  node   0: [mem 0x000000008bf00000-0x000000008c5fffff]\",\"  node   0: [mem 0x000000008c600000-0x000000008e3fffff]\",\"  node   0: [mem 0x000000008e400000-0x00000000aeafffff]\",\"  node   0: [mem 0x00000000aeb00000-0x00000000b746bfff]\",\"  node   0: [mem 0x00000000c0000000-0x00000000c50fffff]\",\"  node   0: [mem 0x00000000c5100000-0x00000003ffffffff]\",\"  node   0: [mem 0x0000000800000000-0x00000008491fffff]\",\"  node   0: [mem 0x000000087ecf0000-0x000000087fffffff]\",\"Initmem setup node 0 [mem 0x0000000080000000-0x000000087fffffff]\",\"On node 0, zone DMA: 2964 pages in unavailable ranges\",\"On node 0, zone Normal: 56048 pages in unavailable ranges\",\"crashkernel reserved: 0x00000000e0000000 - 0x0000000100000000 (512 MB)\",\"psci: probing for conduit method from DT.\",\"psci: PSCIv1.1 detected in firmware.\",\"psci: Using standard PSCI v0.2 function IDs\",\"psci: MIGRATE_INFO_TYPE not supported.\",\"psci: SMC Calling Convention v1.1\",\"psci: OSI mode supported.\",\"percpu: Embedded 32 pages/cpu s90816 r8192 d32064 u131072\",\"pcpu-alloc: s90816 r8192 d32064 u131072 alloc=32*4096\",\"pcpu-alloc: [0] 0 [0] 1 [0] 2 [0] 3 [0] 4 [0] 5 [0] 6 [0] 7 \",\"Detected PIPT I-cache on CPU0\",\"CPU features: detected: GIC system register CPU interface\",\"CPU features: detected: Hardware dirty bit management\",\"CPU features: detected: Spectre-v4\",\"CPU features: detected: Spectre-BHB\",\"CPU features: kernel page table isolation forced ON by KASLR\",\"CPU features: detected: Kernel page table isolation (KPTI)\",\"alternatives: applying boot alternatives\",\"Fallback order for Node 0: 0 \",\"Built 1 zonelists, mobility grouping on.  Total pages: 3877141\",\"Policy zone: Normal\",\"Kernel command line: root=UUID=76a22bf4-f153-4541-b6c7-0332c0dfaeac root=PARTLABEL=userdata crashkernel=512M androidboot.bootdevice=1d84000.ufshc androidboot.fstab_suffix=default androidboot.serialno=695ee2c0 androidboot.baseband=apq eipv4= eipv6= ermac= androidboot.silent_boot_mode=nonsilent\",\"Unknown kernel command line parameters \\\"eipv4= eipv6= ermac=\\\", will be passed to user space.\",\"Dentry cache hash table entries: 2097152 (order: 12, 16777216 bytes, linear)\",\"Inode-cache hash table entries: 1048576 (order: 11, 8388608 bytes, linear)\",\"mem auto-init: stack:off, heap alloc:off, heap free:off\",\"software IO TLB: area num 8.\",\"software IO TLB: mapped [mem 0x00000000dc000000-0x00000000e0000000] (64MB)\",\"Memory: 14420520K/15754736K available (13248K kernel code, 5472K rwdata, 10712K rodata, 5760K init, 10889K bss, 1334216K reserved, 0K cma-reserved)\",\"random: get_random_u64 called from kmem_cache_open+0x2c/0x324 with crng_init=0\",\"SLUB: HWalign=64, Order=0-3, MinObjects=0, CPUs=8, Nodes=1\",\"ftrace: allocating 46371 entries in 182 pages\",\"ftrace: allocated 182 pages with 5 groups\",\"trace event string verifier disabled\",\"rcu: Preemptible hierarchical RCU implementation.\",\"rcu: \\tRCU restricting CPUs from NR_CPUS=4096 to nr_cpu_ids=8.\",\"rcu: \\tRCU priority boosting: priority 1 delay 500 ms.\",\"rcu: \\tRCU_SOFTIRQ processing moved to rcuc kthreads.\",\"\\tNo expedited grace period (rcu_normal_after_boot).\",\"\\tTrampoline variant of Tasks RCU enabled.\",\"\\tRude variant of Tasks RCU enabled.\",\"\\tTracing variant of Tasks RCU enabled.\",\"rcu: RCU calculated value of scheduler-enlistment delay is 10 jiffies.\",\"rcu: Adjusting geometry for rcu_fanout_leaf=16, nr_cpu_ids=8\",\"NR_IRQS: 64, nr_irqs: 64, preallocated irqs: 0\",\"GICv3: 960 SPIs implemented\",\"GICv3: 0 Extended SPIs implemented\",\"Root IRQ handler: gic_handle_irq\",\"GICv3: GICv3 features: 16 PPIs\",\"GICv3: CPU0: found redistributor 0 region 0:0x0000000017a60000\",\"ITS [mem 0x17a40000-0x17a5ffff]\",\"ITS@0x0000000017a40000: allocated 8192 Devices @1001b0000 (indirect, esz 8, psz 64K, shr 1)\",\"ITS@0x0000000017a40000: allocated 32768 Interrupt Collections @1001c0000 (flat, esz 2, psz 64K, shr 1)\",\"GICv3: using LPI property table @0x00000001001d0000\",\"GICv3: CPU0: using allocated LPI pending table @0x00000001001e0000\",\"rcu: srcu_init: Setting srcu_struct sizes based on contention.\",\"kfence: initialized - using 2097152 bytes for 255 objects at 0x(____ptrval____)-0x(____ptrval____)\",\"arch_timer: cp15 and mmio timer(s) running at 19.20MHz (virt/virt).\",\"clocksource: arch_sys_counter: mask: 0xffffffffffffff max_cycles: 0x46d987e47, max_idle_ns: 440795202767 ns\",\"sched_clock: 56 bits at 19MHz, resolution 52ns, wraps every 4398046511078ns\",\"Console: colour dummy device 80x25\",\"printk: console [tty0] enabled\",\"Calibrating delay loop (skipped), value calculated using timer frequency.. 38.40 BogoMIPS (lpj=192000)\",\"pid_max: default: 32768 minimum: 301\",\"LSM: initializing lsm=lockdown,capability,yama,integrity,selinux,bpf\",\"Yama: becoming mindful.\",\"SELinux:  Initializing.\",\"LSM support for eBPF active\",\"Mount-cache hash table entries: 32768 (order: 6, 262144 bytes, linear)\",\"Mountpoint-cache hash table entries: 32768 (order: 6, 262144 bytes, linear)\",\"cblist_init_generic: Setting adjustable number of callback queues.\",\"cblist_init_generic: Setting shift to 3 and lim to 1.\",\"cblist_init_generic: Setting shift to 3 and lim to 1.\",\"cblist_init_generic: Setting shift to 3 and lim to 1.\",\"rcu: Hierarchical SRCU implementation.\",\"rcu: \\tMax phase no-delay instances is 1000.\",\"printk: console [tty0] printing thread started\",\"Platform MSI: gic-its@17a40000 domain created\",\"PCI/MSI: /soc@0/interrupt-controller@17a00000/gic-its@17a40000 domain created\",\"EFI services will not be available.\",\"smp: Bringing up secondary CPUs ...\",\"Detected PIPT I-cache on CPU1\",\"GICv3: CPU1: found redistributor 100 region 0:0x0000000017a80000\",\"GICv3: CPU1: using allocated LPI pending table @0x00000001001f0000\",\"CPU1: Booted secondary processor 0x0000000100 [0x410fd4b0]\",\"Detected PIPT I-cache on CPU2\",\"GICv3: CPU2: found redistributor 200 region 0:0x0000000017aa0000\",\"GICv3: CPU2: using allocated LPI pending table @0x0000000100200000\",\"CPU2: Booted secondary processor 0x0000000200 [0x410fd4b0]\",\"Detected PIPT I-cache on CPU3\",\"GICv3: CPU3: found redistributor 300 region 0:0x0000000017ac0000\",\"GICv3: CPU3: using allocated LPI pending table @0x0000000100210000\",\"CPU3: Booted secondary processor 0x0000000300 [0x410fd4b0]\",\"Detected PIPT I-cache on CPU4\",\"GICv3: CPU4: found redistributor 400 region 0:0x0000000017ae0000\",\"GICv3: CPU4: using allocated LPI pending table @0x0000000100220000\",\"CPU4: Booted secondary processor 0x0000000400 [0x410fd4c0]\",\"Detected PIPT I-cache on CPU5\",\"GICv3: CPU5: found redistributor 500 region 0:0x0000000017b00000\",\"GICv3: CPU5: using allocated LPI pending table @0x0000000100230000\",\"CPU5: Booted secondary processor 0x0000000500 [0x410fd4c0]\",\"Detected PIPT I-cache on CPU6\",\"GICv3: CPU6: found redistributor 600 region 0:0x0000000017b20000\",\"GICv3: CPU6: using allocated LPI pending table @0x0000000100240000\",\"CPU6: Booted secondary processor 0x0000000600 [0x410fd4c0]\",\"Detected PIPT I-cache on CPU7\",\"GICv3: CPU7: found redistributor 700 region 0:0x0000000017b40000\",\"GICv3: CPU7: using allocated LPI pending table @0x0000000100250000\",\"CPU7: Booted secondary processor 0x0000000700 [0x410fd4c0]\",\"smp: Brought up 1 node, 8 CPUs\",\"SMP: Total of 8 processors activated.\",\"CPU features: detected: 32-bit EL0 Support\",\"CPU features: detected: Data cache clean to the PoU not required for I/D coherence\",\"CPU features: detected: Common not Private translations\",\"CPU features: detected: CRC32 instructions\",\"CPU features: detected: Data cache clean to Point of Persistence\",\"CPU features: detected: RCpc load-acquire (LDAPR)\",\"CPU features: detected: LSE atomic instructions\",\"CPU features: detected: Privileged Access Never\",\"CPU features: detected: RAS Extension Support\",\"CPU features: detected: Speculative Store Bypassing Safe (SSBS)\",\"CPU: All CPU(s) started at EL1\",\"alternatives: applying system-wide alternatives\",\"devtmpfs: initialized\",\"clocksource: jiffies: mask: 0xffffffff max_cycles: 0xffffffff, max_idle_ns: 19112604462750000 ns\",\"futex hash table entries: 2048 (order: 5, 131072 bytes, linear)\",\"pinctrl core: initialized pinctrl subsystem\",\"DMI not present or invalid.\",\"NET: Registered PF_NETLINK/PF_ROUTE protocol family\",\"DMA: preallocated 2048 KiB GFP_KERNEL pool for atomic allocations\",\"DMA: preallocated 2048 KiB GFP_KERNEL|GFP_DMA pool for atomic allocations\",\"DMA: preallocated 2048 KiB GFP_KERNEL|GFP_DMA32 pool for atomic allocations\",\"audit: initializing netlink subsys (disabled)\",\"audit: type=2000 audit(0.020:1): state=initialized audit_enabled=0 res=1\",\"thermal_sys: Registered thermal governor 'fair_share'\",\"thermal_sys: Registered thermal governor 'step_wise'\",\"thermal_sys: Registered thermal governor 'user_space'\",\"cpuidle: using governor menu\",\"hw-breakpoint: found 6 breakpoint and 4 watchpoint registers.\",\"ASID allocator initialised with 32768 entries\",\"Serial: AMBA PL011 UART driver\",\"platform 1d87000.phy: Fixing up cyclic dependency with 1d84000.ufs\",\"KASLR enabled\",\"HugeTLB: registered 1.00 GiB page size, pre-allocated 0 pages\",\"HugeTLB: 16380 KiB vmemmap can be freed for a 1.00 GiB page\",\"HugeTLB: registered 32.0 MiB page size, pre-allocated 0 pages\",\"HugeTLB: 508 KiB vmemmap can be freed for a 32.0 MiB page\",\"HugeTLB: registered 2.00 MiB page size, pre-allocated 0 pages\",\"HugeTLB: 28 KiB vmemmap can be freed for a 2.00 MiB page\",\"HugeTLB: registered 64.0 KiB page size, pre-allocated 0 pages\",\"HugeTLB: 0 KiB vmemmap can be freed for a 64.0 KiB page\",\"cryptd: max_cpu_qlen set to 1000\",\"ACPI: Interpreter disabled.\",\"iommu: Default domain type: Translated \",\"iommu: DMA domain TLB invalidation policy: lazy mode \",\"SCSI subsystem initialized\",\"libata version 3.00 loaded.\",\"usbcore: registered new interface driver usbfs\",\"usbcore: registered new interface driver hub\",\"usbcore: registered new device driver usb\",\"pps_core: LinuxPPS API ver. 1 registered\",\"pps_core: Software ver. 5.3.6 - Copyright 2005-2007 Rodolfo Giometti <giometti@linux.it>\",\"PTP clock support registered\",\"EDAC MC: Ver: 3.0.0\",\"CPUidle PSCI: Initialized CPU PM domain topology\",\"qcom_scm: convention: smc arm 64\",\"NetLabel: Initializing\",\"NetLabel:  domain hash size = 128\",\"NetLabel:  protocols = UNLABELED CIPSOv4 CALIPSO\",\"NetLabel:  unlabeled traffic allowed by default\",\"vgaarb: loaded\",\"clocksource: Switched to clocksource arch_sys_counter\",\"VFS: Disk quotas dquot_6.6.0\",\"VFS: Dquot-cache hash table entries: 512 (order 0, 4096 bytes)\",\"pnp: PnP ACPI: disabled\",\"NET: Registered PF_INET protocol family\",\"IP idents hash table entries: 262144 (order: 9, 2097152 bytes, linear)\",\"tcp_listen_portaddr_hash hash table entries: 8192 (order: 6, 327680 bytes, linear)\",\"Table-perturb hash table entries: 65536 (order: 6, 262144 bytes, linear)\",\"TCP established hash table entries: 131072 (order: 8, 1048576 bytes, linear)\",\"TCP bind hash table entries: 65536 (order: 9, 2621440 bytes, linear)\",\"TCP: Hash tables configured (established 131072 bind 65536)\",\"MPTCP token hash table entries: 16384 (order: 7, 917504 bytes, linear)\",\"UDP hash table entries: 8192 (order: 7, 786432 bytes, linear)\",\"UDP-Lite hash table entries: 8192 (order: 7, 786432 bytes, linear)\",\"NET: Registered PF_UNIX/PF_LOCAL protocol family\",\"NET: Registered PF_XDP protocol family\",\"PCI: CLS 0 bytes, default 64\",\"Trying to unpack rootfs image as initramfs...\",\"hw perfevents: enabled with armv8_pmuv3 PMU driver, 7 counters available\",\"kvm [1]: HYP mode not available\",\"Initialise system trusted keyrings\",\"Key type blacklist registered\",\"workingset: timestamp_bits=40 max_order=22 bucket_order=0\",\"zbud: loaded\",\"integrity: Platform Keyring initialized\",\"NET: Registered PF_ALG protocol family\",\"xor: measuring software checksum speed\",\"   8regs           : 15036 MB/sec\",\"   32regs          : 15424 MB/sec\",\"   arm64_neon      : 22631 MB/sec\",\"xor: using function: arm64_neon (22631 MB/sec)\",\"Key type asymmetric registered\",\"Asymmetric key parser 'x509' registered\",\"Running certificate verification selftests\",\"Loaded X.509 cert 'Certificate verification self-testing key: f58703bb33ce1b73ee02eccdee5b8817518fe3db'\",\"Block layer SCSI generic (bsg) driver version 0.4 loaded (major 244)\",\"io scheduler mq-deadline registered\",\"io scheduler kyber registered\",\"io scheduler bfq registered\",\"atomic64_test: passed\",\"Serial: 8250/16550 driver, 4 ports, IRQ sharing enabled\",\"arm-smmu 15000000.iommu: probing hardware configuration...\",\"arm-smmu 15000000.iommu: SMMUv2 with:\",\"arm-smmu 15000000.iommu: \\tstage 1 translation\",\"arm-smmu 15000000.iommu: \\tnon-coherent table walk\",\"arm-smmu 15000000.iommu: \\t(IDR0.CTTW overridden by FW configuration)\",\"arm-smmu 15000000.iommu: \\tstream matching with 162 register groups\",\"arm-smmu 15000000.iommu: \\t110 context banks (0 stage-2 only)\",\"arm-smmu 15000000.iommu: \\tSupported page sizes: 0x61311000\",\"arm-smmu 15000000.iommu: \\tStage-1: 36-bit VA -> 36-bit IPA\",\"arm-smmu 15000000.iommu: \\tpreserved 0 boot mappings\",\"rdac: device handler registered\",\"hp_sw: device handler registered\",\"emc: device handler registered\",\"alua: device handler registered\",\"libphy: Fixed MDIO Bus: probed\",\"usbcore: registered new interface driver usbserial_generic\",\"usbserial: USB Serial support registered for generic\",\"mousedev: PS/2 mouse device common for all mice\",\"ghes_edac: GHES probing device list is empty\",\"hid: raw HID events driver (C) Jiri Kosina\",\"usbcore: registered new interface driver usbhid\",\"usbhid: USB HID core driver\",\"drop_monitor: Initializing network drop monitor service\",\"Initializing XFRM netlink socket\",\"NET: Registered PF_INET6 protocol family\",\"Freeing initrd memory: 23144K\",\"Segment Routing with IPv6\",\"NET: Registered PF_PACKET protocol family\",\"mpls_gso: MPLS GSO support\",\"registered taskstats version 1\",\"Loading compiled-in X.509 certificates\",\"Loaded X.509 cert 'Red Hat Enterprise Linux kernel signing key: c77cad8c97cda01c75c0937fc97985c61ce34fc2'\",\"Loaded X.509 cert 'Red Hat Enterprise Linux Driver Update Program (key 3): bf57f3e87362bc7229d9f465321773dfd1f77a80'\",\"Loaded X.509 cert 'Red Hat Enterprise Linux kpatch signing key: 4d38fd864ebe18c5f0b72e3852e2014c3a676fc8'\",\"zswap: loaded using pool lzo/zbud\",\"page_owner is disabled\",\"Key type .fscrypt registered\",\"Key type fscrypt-provisioning registered\",\"Key type big_key registered\",\"Key type encrypted registered\",\"ima: No TPM chip found, activating TPM-bypass!\",\"Loading compiled-in module X.509 certificates\",\"Loaded X.509 cert 'Red Hat Enterprise Linux kernel signing key: c77cad8c97cda01c75c0937fc97985c61ce34fc2'\",\"ima: Allocated hash algorithm: sha256\",\"ima: No architecture policies found\",\"evm: Initialising EVM extended attributes:\",\"evm: security.selinux\",\"evm: security.SMACK64 (disabled)\",\"evm: security.SMACK64EXEC (disabled)\",\"evm: security.SMACK64TRANSMUTE (disabled)\",\"evm: security.SMACK64MMAP (disabled)\",\"evm: security.apparmor (disabled)\",\"evm: security.ima\",\"evm: security.capability\",\"evm: HMAC attrs: 0x1\",\"Freeing unused kernel memory: 5760K\",\"Checked W+X mappings: passed, no W+X pages found\",\"Run /init as init process\",\"  with arguments:\",\"    /init\",\"  with environment:\",\"    HOME=/\",\"    TERM=linux\",\"    eipv4=\",\"    eipv6=\",\"    ermac=\",\"systemd[1]: System time before build time, advancing clock.\",\"systemd[1]: systemd 252-15.el9 running in system mode (+PAM +AUDIT +SELINUX -APPARMOR +IMA +SMACK +SECCOMP +GCRYPT +GNUTLS +OPENSSL +ACL +BLKID +CURL +ELFUTILS -FIDO2 +IDN2 -IDN -IPTC +KMOD +LIBCRYPTSETUP +LIBFDISK +PCRE2 -PWQUALITY +P11KIT -QRENCODE +TPM2 +BZIP2 +LZ4 +XZ +ZLIB +ZSTD -BPF_FRAMEWORK +XKBCOMMON +UTMP +SYSVINIT default-hierarchy=unified)\",\"systemd[1]: Detected architecture arm64.\",\"systemd[1]: Running in initrd.\",\"systemd[1]: No hostname configured, using default hostname.\",\"systemd[1]: Hostname set to <localhost>.\",\"systemd[1]: Initializing machine ID from random generator.\",\"systemd[1]: Queued start job for default target Initrd Default Target.\",\"systemd[1]: Started Dispatch Password Requests to Console Directory Watch.\",\"systemd[1]: Reached target Initrd /usr File System.\",\"systemd[1]: Reached target Local File Systems.\",\"systemd[1]: Reached target Path Units.\",\"systemd[1]: Reached target Slice Units.\",\"systemd[1]: Reached target Swaps.\",\"systemd[1]: Reached target Timer Units.\",\"systemd[1]: Listening on Journal Socket (/dev/log).\",\"systemd[1]: Listening on Journal Socket.\",\"systemd[1]: Listening on udev Control Socket.\",\"systemd[1]: Listening on udev Kernel Socket.\",\"systemd[1]: Reached target Socket Units.\",\"systemd[1]: Starting Create List of Static Device Nodes...\",\"systemd[1]: Starting Journal Service...\",\"systemd[1]: Starting Load Kernel Modules...\",\"systemd[1]: Starting Setup Virtual Console...\",\"systemd[1]: Finished Create List of Static Device Nodes.\",\"systemd[1]: Starting Create Static Device Nodes in /dev...\",\"systemd[1]: Finished Setup Virtual Console.\",\"systemd[1]: dracut ask for additional cmdline parameters was skipped because no trigger condition checks were met.\",\"systemd[1]: Starting dracut cmdline hook...\",\"fuse: init (API version 7.36)\",\"systemd[1]: Finished Load Kernel Modules.\",\"systemd[1]: Starting Apply Kernel Variables...\",\"systemd[1]: Started Journal Service.\",\"gpio gpiochip0: (f100000.pinctrl): not an immutable chip, please consider fixing it!\",\"alg: No test for stdrng (qcom-rng)\",\"vreg_l3a: Setting 1200000-1208000uV\",\"vreg_l5a: Setting 912000-912000uV\",\"vreg_l7a: Setting 1800000-1800000uV\",\"vreg_l11a: Setting 880000-880000uV\",\"vreg_l13a: Setting 3072000-3072000uV\",\"vreg_l1c: Setting 912000-912000uV\",\"vreg_l2c: Setting 3072000-3072000uV\",\"vreg_l4c: Setting 1200000-1208000uV\",\"vreg_l6c: Setting 1200000-1200000uV\",\"vreg_l7c: Setting 1800000-1800000uV\",\"vreg_l17c: Setting 2504000-2504000uV\",\"vreg_l3g: Setting 1200000-1200000uV\",\"vreg_l7g: Setting 1800000-1800000uV\",\"vreg_l8g: Setting 880000-880000uV\",\"geni_se_qup 8c0000.geniqup: Adding to iommu group 0\",\"ufshcd-qcom 1d84000.ufs: Adding to iommu group 1\",\"ufshcd-qcom 1d84000.ufs: ufshcd_populate_vreg: Unable to find vdd-hba-supply regulator, assuming enabled\",\"ufshcd-qcom 1d84000.ufs: ufshcd_populate_vreg: unable to find vcc-max-microamp\",\"ufshcd-qcom 1d84000.ufs: ufshcd_populate_vreg: unable to find vccq-max-microamp\",\"ufshcd-qcom 1d84000.ufs: ufshcd_populate_vreg: Unable to find vccq2-supply regulator, assuming enabled\",\"ufshcd-qcom 1d84000.ufs: ufshcd_variant_hba_init: variant qcom init failed err -517\",\"ufshcd-qcom 1d84000.ufs: Initialization failed\",\"884000.serial: ttyMSM0 at MMIO 0x884000 (irq = 159, base_baud = 0) is a MSM\",\"printk: console [ttyMSM0] printing thread started\",\"printk: console [ttyMSM0] enabled\",\"ufshcd-qcom 1d84000.ufs: ufshcd_pltfrm_init() failed -517\",\"qcom-qmp-combo-phy: probe of 88ec000.phy-wrapper failed with error -22\",\"ufshcd-qcom 1d84000.ufs: ufshcd_populate_vreg: Unable to find vdd-hba-supply regulator, assuming enabled\",\"ufshcd-qcom 1d84000.ufs: ufshcd_populate_vreg: unable to find vcc-max-microamp\",\"ufshcd-qcom 1d84000.ufs: ufshcd_populate_vreg: unable to find vccq-max-microamp\",\"ufshcd-qcom 1d84000.ufs: ufshcd_populate_vreg: Unable to find vccq2-supply regulator, assuming enabled\",\"scsi host0: ufshcd\",\"ufshcd-qcom 1d84000.ufs: ufshcd_query_flag: Sending flag query for idn 18 failed, err = 253\",\"ufshcd-qcom 1d84000.ufs: ufshcd_query_flag: Sending flag query for idn 18 failed, err = 253\",\"ufshcd-qcom 1d84000.ufs: ufshcd_query_flag: Sending flag query for idn 18 failed, err = 253\",\"ufshcd-qcom 1d84000.ufs: ufshcd_query_flag_retry: query attribute, opcode 5, idn 18, failed with error 253 after 3 retires\",\"ufshcd-qcom 1d84000.ufs: ufshcd_wb_toggle Write Booster enabled\",\"scsi 0:0:0:49488: Well-known LUN    KIOXIA   THGJFAT0T44BAILB 1001 PQ: 0 ANSI: 6\",\"scsi 0:0:0:49476: Well-known LUN    KIOXIA   THGJFAT0T44BAILB 1001 PQ: 0 ANSI: 6\",\"scsi 0:0:0:49456: Well-known LUN    KIOXIA   THGJFAT0T44BAILB 1001 PQ: 0 ANSI: 6\",\"------------[ cut here ]------------\",\"WARNING: CPU: 6 PID: 124 at kernel/kmod.c:136 __request_module+0x204/0x490\",\"Modules linked in: dwc3 udc_core qcom_geni_serial socinfo qcom_rpmh_regulator rpmhpd clk_rpmh crct10dif_ce ghash_ce sha2_ce pinctrl_sc8280xp sha256_arm64 sha1_ce pinctrl_msm ufs_qcom ufshcd_pltfrm qcom_aoss llcc_qcom dwc3_qcom qcom_geni_se ufshcd_core gcc_sc8280xp phy_qcom_qmp_combo phy_qcom_qmp_usb phy_qcom_snps_femto_v2 qcom_hwspinlock clk_qcom phy_qcom_qmp_ufs qcom_rng qcom_wdt smp2p qnoc_sc8280xp icc_rpmh icc_bcm_voter qcom_rpmh smem cmd_db fuse\",\"CPU: 6 PID: 124 Comm: kworker/u16:3 Not tainted 5.14.0-328.291.el9iv.aarch64 #1\",\"Hardware name: Qualcomm SA8540P Ride (DT)\",\"Workqueue: events_unbound async_run_entry_fn\",\"pstate: 00400005 (nzcv daif +PAN -UAO -TCO -DIT -SSBS BTYPE=--)\",\"pc : __request_module+0x204/0x490\",\"lr : __request_module+0x1fc/0x490\",\"sp : ffff800008d0bb40\",\"x29: ffff800008d0bb40 x28: 0000000000000000 x27: 0000000000000000\",\"x26: 0000000000000002 x25: ffff0af8c6c24010 x24: ffffa2ec49a41f00\",\"x23: ffffa2ec49a3b448 x22: 0000000000000001 x21: ffffa2ec5da85040\",\"x20: ffffa2ec5e293cd0 x19: ffff0af8c6c24000 x18: ffffffffffffffff\",\"x17: 312f716572667665 x16: 642f7366752e3030 x15: 30343864312f3040\",\"x14: 0000000000000260 x13: 000000000000000f x12: 0000000000000200\",\"x11: 0000000000000060 x10: 0000000014858868 x9 : ffffa2ec5d143eac\",\"x8 : ffff0af8c2f70000 x7 : 0000000000000000 x6 : 0000000000000080\",\"x5 : 0000000000000000 x4 : 8000000000000000 x3 : 0000000000000000\",\"x2 : 0000000000000000 x1 : ffffa2ec5d143ee0 x0 : 0000000000000001\",\"Call trace:\",\" __request_module+0x204/0x490\",\" try_then_request_governor+0x7c/0xfc\",\" devfreq_add_device+0x498/0x60c\",\" ufshcd_add_lus+0x184/0x2cc [ufshcd_core]\",\" ufshcd_async_scan+0x70/0x9c [ufshcd_core]\",\" async_run_entry_fn+0x38/0x160\",\" process_one_work+0x1e4/0x4f4\",\" worker_thread+0x64/0x43c\",\" kthread+0xec/0x100\",\" ret_from_fork+0x10/0x20\",\"---[ end trace a72fcdcec4adfe93 ]---\",\"scsi 0:0:0:0: Direct-Access     KIOXIA   THGJFAT0T44BAILB 1001 PQ: 0 ANSI: 6\",\"scsi 0:0:0:1: Direct-Access     KIOXIA   THGJFAT0T44BAILB 1001 PQ: 0 ANSI: 6\",\"scsi 0:0:0:2: Direct-Access     KIOXIA   THGJFAT0T44BAILB 1001 PQ: 0 ANSI: 6\",\"scsi 0:0:0:3: Direct-Access     KIOXIA   THGJFAT0T44BAILB 1001 PQ: 0 ANSI: 6\",\"scsi 0:0:0:4: Direct-Access     KIOXIA   THGJFAT0T44BAILB 1001 PQ: 0 ANSI: 6\",\"scsi 0:0:0:5: Direct-Access     KIOXIA   THGJFAT0T44BAILB 1001 PQ: 0 ANSI: 6\",\"scsi 0:0:0:6: Direct-Access     KIOXIA   THGJFAT0T44BAILB 1001 PQ: 0 ANSI: 6\",\"ufs_device_wlun 0:0:0:49488: Attached scsi generic sg0 type 30\",\"scsi 0:0:0:49476: Attached scsi generic sg1 type 30\",\"scsi 0:0:0:49456: Attached scsi generic sg2 type 30\",\"scsi 0:0:0:7: Direct-Access     KIOXIA   THGJFAT0T44BAILB 1001 PQ: 0 ANSI: 6\",\"sd 0:0:0:0: Attached scsi generic sg3 type 0\",\"sd 0:0:0:0: [sda] 2621440 4096-byte logical blocks: (10.7 GB/10.0 GiB)\",\"sd 0:0:0:1: Attached scsi generic sg4 type 0\",\"sd 0:0:0:0: [sda] Write Protect is off\",\"sd 0:0:0:0: [sda] Mode Sense: 00 32 00 10\",\"sd 0:0:0:0: [sda] Write cache: enabled, read cache: enabled, supports DPO and FUA\",\"sd 0:0:0:0: [sda] Preferred minimum I/O size 4096 bytes\",\"sd 0:0:0:0: [sda] Optimal transfer size 524288 bytes\",\"sd 0:0:0:1: [sdb] 5120 4096-byte logical blocks: (21.0 MB/20.0 MiB)\",\"sd 0:0:0:1: [sdb] Write Protect is off\",\"sd 0:0:0:1: [sdb] Mode Sense: 00 32 00 10\",\"sd 0:0:0:1: [sdb] Write cache: enabled, read cache: enabled, supports DPO and FUA\",\"sd 0:0:0:1: [sdb] Preferred minimum I/O size 4096 bytes\",\"sd 0:0:0:1: [sdb] Optimal transfer size 524288 bytes\",\"sd 0:0:0:2: Attached scsi generic sg5 type 0\",\"sd 0:0:0:2: [sdc] 5120 4096-byte logical blocks: (21.0 MB/20.0 MiB)\",\"sd 0:0:0:2: [sdc] Write Protect is off\",\"sd 0:0:0:2: [sdc] Mode Sense: 00 32 00 10\",\"sd 0:0:0:2: [sdc] Write cache: enabled, read cache: enabled, supports DPO and FUA\",\"sd 0:0:0:2: [sdc] Preferred minimum I/O size 4096 bytes\",\"sd 0:0:0:2: [sdc] Optimal transfer size 524288 bytes\",\"sd 0:0:0:3: Attached scsi generic sg6 type 0\",\"sd 0:0:0:3: [sdd] 8192 4096-byte logical blocks: (33.6 MB/32.0 MiB)\",\"sd 0:0:0:3: [sdd] Write Protect is off\",\"sd 0:0:0:3: [sdd] Mode Sense: 00 32 00 10\",\"sd 0:0:0:3: [sdd] Write cache: enabled, read cache: enabled, supports DPO and FUA\",\"sd 0:0:0:3: [sdd] Preferred minimum I/O size 4096 bytes\",\"sd 0:0:0:3: [sdd] Optimal transfer size 524288 bytes\",\"sd 0:0:0:4: Attached scsi generic sg7 type 0\",\"sd 0:0:0:4: [sde] 262144 4096-byte logical blocks: (1.07 GB/1.00 GiB)\",\"sd 0:0:0:4: [sde] Write Protect is off\",\"sd 0:0:0:4: [sde] Mode Sense: 00 32 00 10\",\"sd 0:0:0:4: [sde] Write cache: enabled, read cache: enabled, supports DPO and FUA\",\"sd 0:0:0:4: [sde] Preferred minimum I/O size 4096 bytes\",\"sd 0:0:0:4: [sde] Optimal transfer size 524288 bytes\",\"sd 0:0:0:5: Attached scsi generic sg8 type 0\",\"sd 0:0:0:5: [sdf] 262144 4096-byte logical blocks: (1.07 GB/1.00 GiB)\",\"sd 0:0:0:5: [sdf] Write Protect is off\",\"sd 0:0:0:5: [sdf] Mode Sense: 00 32 00 10\",\"sd 0:0:0:6: [sdg] 2621440 4096-byte logical blocks: (10.7 GB/10.0 GiB)\",\"sd 0:0:0:5: [sdf] Write cache: enabled, read cache: enabled, supports DPO and FUA\",\"sd 0:0:0:5: [sdf] Preferred minimum I/O size 4096 bytes\",\"sd 0:0:0:5: [sdf] Optimal transfer size 524288 bytes\",\"sd 0:0:0:6: [sdg] Write Protect is off\",\"sd 0:0:0:6: [sdg] Mode Sense: 00 32 00 10\",\"sd 0:0:0:6: [sdg] Write cache: enabled, read cache: enabled, supports DPO and FUA\",\"sd 0:0:0:6: [sdg] Preferred minimum I/O size 4096 bytes\",\"sd 0:0:0:6: [sdg] Optimal transfer size 524288 bytes\",\"sd 0:0:0:6: Attached scsi generic sg9 type 0\",\"sd 0:0:0:7: Attached scsi generic sg10 type 0\",\"sd 0:0:0:7: [sdh] 25440256 4096-byte logical blocks: (104 GB/97.0 GiB)\",\"sd 0:0:0:7: [sdh] Write Protect is off\",\"sd 0:0:0:7: [sdh] Mode Sense: 00 32 00 10\",\"sd 0:0:0:7: [sdh] Write cache: enabled, read cache: enabled, supports DPO and FUA\",\"sd 0:0:0:7: [sdh] Preferred minimum I/O size 4096 bytes\",\"sd 0:0:0:7: [sdh] Optimal transfer size 524288 bytes\",\"ufshcd-qcom 1d84000.ufs: ufshcd_wb_toggle Write Booster disabled\",\" sdd: sdd1 sdd2 sdd3\",\"sd 0:0:0:3: [sdd] Attached SCSI disk\",\" sdh: sdh1 sdh2 sdh3 sdh4 sdh5 sdh6 sdh7 sdh8 sdh9\",\" sdb: sdb1 sdb2 sdb3 sdb4\",\" sda: sda1\",\" sdg: sdg1\",\" sdc: sdc1 sdc2 sdc3 sdc4\",\" sdf: sdf1 sdf2 sdf3 sdf4 sdf5 sdf6 sdf7 sdf8 sdf9 sdf10 sdf11 sdf12 sdf13 sdf14 sdf15 sdf16 sdf17 sdf18 sdf19 sdf20 sdf21 sdf22 sdf23\",\"sd 0:0:0:0: [sda] Attached SCSI disk\",\"sd 0:0:0:6: [sdg] Attached SCSI disk\",\"sd 0:0:0:1: [sdb] Attached SCSI disk\",\"sd 0:0:0:2: [sdc] Attached SCSI disk\",\"sd 0:0:0:7: [sdh] Attached SCSI disk\",\"sd 0:0:0:5: [sdf] Attached SCSI disk\",\" sde: sde1 sde2 sde3 sde4 sde5 sde6 sde7 sde8 sde9 sde10 sde11 sde12 sde13 sde14 sde15 sde16 sde17 sde18 sde19 sde20 sde21 sde22 sde23 sde24 sde25 sde26 sde27 sde28 sde29 sde30 sde31 sde32 sde33 sde34\",\"sd 0:0:0:4: [sde] Attached SCSI disk\",\"EXT4-fs (sdh9): mounted filesystem with ordered data mode. Quota mode: none.\",\"systemd-journald[254]: Received SIGTERM from PID 1 (systemd).\",\"audit: type=1404 audit(1684368005.329:2): enforcing=1 old_enforcing=0 auid=4294967295 ses=4294967295 enabled=1 old-enabled=1 lsm=selinux res=1\",\"SELinux:  policy capability network_peer_controls=1\",\"SELinux:  policy capability open_perms=1\",\"SELinux:  policy capability extended_socket_class=1\",\"SELinux:  policy capability always_check_network=0\",\"SELinux:  policy capability cgroup_seclabel=1\",\"SELinux:  policy capability nnp_nosuid_transition=1\",\"SELinux:  policy capability genfs_seclabel_symlinks=1\",\"audit: type=1403 audit(1684368005.709:3): auid=4294967295 ses=4294967295 lsm=selinux res=1\",\"systemd[1]: Successfully loaded SELinux policy in 449.342ms.\",\"systemd[1]: Relabelled /dev, /dev/shm, /run, /sys/fs/cgroup in 179.415ms.\",\"systemd[1]: systemd 252-15.el9 running in system mode (+PAM +AUDIT +SELINUX -APPARMOR +IMA +SMACK +SECCOMP +GCRYPT +GNUTLS +OPENSSL +ACL +BLKID +CURL +ELFUTILS -FIDO2 +IDN2 -IDN -IPTC +KMOD +LIBCRYPTSETUP +LIBFDISK +PCRE2 -PWQUALITY +P11KIT -QRENCODE +TPM2 +BZIP2 +LZ4 +XZ +ZLIB +ZSTD -BPF_FRAMEWORK +XKBCOMMON +UTMP +SYSVINIT default-hierarchy=unified)\",\"systemd[1]: Detected architecture arm64.\",\"systemd[1]: Hostname set to <qdrive3-soc1>.\",\"systemd-rc-local-generator[446]: /etc/rc.d/rc.local is not marked executable, skipping.\",\"ufshcd-qcom 1d84000.ufs: ufshcd_wb_toggle Write Booster enabled\",\"ufshcd-qcom 1d84000.ufs: ufshcd_wb_toggle Write Booster disabled\",\"systemd[1]: initrd-switch-root.service: Deactivated successfully.\",\"systemd[1]: Stopped Switch Root.\",\"systemd[1]: systemd-journald.service: Scheduled restart job, restart counter is at 1.\",\"systemd[1]: Created slice Slice /system/getty.\",\"systemd[1]: Created slice Slice /system/modprobe.\",\"systemd[1]: Created slice Slice /system/serial-getty.\",\"systemd[1]: Created slice Slice /system/sshd-keygen.\",\"systemd[1]: Created slice User and Session Slice.\",\"systemd[1]: Started Dispatch Password Requests to Console Directory Watch.\",\"systemd[1]: Started Forward Password Requests to Wall Directory Watch.\",\"systemd[1]: Set up automount Arbitrary Executable File Formats File System Automount Point.\",\"systemd[1]: Reached target Local Encrypted Volumes.\",\"systemd[1]: Stopped target Switch Root.\",\"systemd[1]: Stopped target Initrd File Systems.\",\"systemd[1]: Stopped target Initrd Root File System.\",\"systemd[1]: Reached target Local Integrity Protected Volumes.\",\"systemd[1]: Reached target Path Units.\",\"systemd[1]: Reached target Remote File Systems.\",\"systemd[1]: Reached target Slice Units.\",\"systemd[1]: Reached target Swaps.\",\"systemd[1]: Reached target Local Verity Protected Volumes.\",\"systemd[1]: Listening on Process Core Dump Socket.\",\"systemd[1]: Listening on initctl Compatibility Named Pipe.\",\"systemd[1]: Listening on udev Control Socket.\",\"systemd[1]: Listening on udev Kernel Socket.\",\"systemd[1]: Mounting Huge Pages File System...\",\"systemd[1]: Mounting POSIX Message Queue File System...\",\"systemd[1]: Mounting Kernel Debug File System...\",\"systemd[1]: Mounting Kernel Trace File System...\",\"systemd[1]: Starting Create List of Static Device Nodes...\",\"systemd[1]: Starting Load Kernel Module configfs...\",\"systemd[1]: Starting Load Kernel Module drm...\",\"systemd[1]: Starting Load Kernel Module fuse...\",\"systemd[1]: Read and set NIS domainname from /etc/sysconfig/network was skipped because of an unmet condition check (ConditionPathExists=/etc/sysconfig/network).\",\"systemd[1]: systemd-fsck-root.service: Deactivated successfully.\",\"systemd[1]: Stopped File System Check on Root Device.\",\"systemd[1]: Stopped Journal Service.\",\"systemd[1]: Starting Journal Service...\",\"systemd[1]: Starting Load Kernel Modules...\",\"systemd[1]: Starting Generate network units from Kernel command line...\",\"systemd[1]: Starting Remount Root and Kernel File Systems...\",\"EXT4-fs (sdh9): re-mounted. Quota mode: none.\",\"systemd[1]: Repartition Root Disk was skipped because no trigger condition checks were met.\",\"systemd[1]: Starting Coldplug All udev Devices...\",\"systemd[1]: Started Journal Service.\",\"systemd-journald[467]: Received client request to flush runtime journal.\",\"NET: Registered PF_QIPCRTR protocol family\",\"remoteproc remoteproc0: 1b300000.remoteproc is available\",\"remoteproc remoteproc1: 21300000.remoteproc is available\",\"remoteproc remoteproc0: Direct firmware load for qcom/sa8540p/cdsp.mbn failed with error -2\",\"remoteproc remoteproc0: powering up 1b300000.remoteproc\",\"remoteproc remoteproc1: Direct firmware load for qcom/sa8540p/cdsp1.mbn failed with error -2\",\"remoteproc remoteproc1: powering up 21300000.remoteproc\",\"remoteproc remoteproc0: Direct firmware load for qcom/sa8540p/cdsp.mbn failed with error -2\",\"remoteproc remoteproc0: request_firmware failed: -2\",\"remoteproc remoteproc1: Direct firmware load for qcom/sa8540p/cdsp1.mbn failed with error -2\",\"remoteproc remoteproc1: request_firmware failed: -2\",\"spmi spmi-0: PMIC arbiter version v5 (0x50020000)\",\"qcom-ethqos 20000.ethernet: Adding to iommu group 2\",\"qcom-ethqos 20000.ethernet: IRQ eth_wake_irq not found\",\"qcom-ethqos 20000.ethernet: User ID: 0x20, Synopsys ID: 0x51\",\"qcom-ethqos 20000.ethernet: \\tDWMAC4/5\",\"qcom-ethqos 20000.ethernet: DMA HW capability register supported\",\"qcom-ethqos 20000.ethernet: RX Checksum Offload Engine supported\",\"qcom-ethqos 20000.ethernet: TX Checksum insertion supported\",\"qcom-ethqos 20000.ethernet: TSO supported\",\"qcom-ethqos 20000.ethernet: Enable RX Mitigation via HW Watchdog Timer\",\"qcom-ethqos 20000.ethernet: device MAC address 9a:99:e4:b3:da:78\",\"qcom-ethqos 20000.ethernet: Enabled L3L4 Flow TC (entries=8)\",\"qcom-ethqos 20000.ethernet: Enabled RFS Flow TC (entries=10)\",\"qcom-ethqos 20000.ethernet: Enabling HW TC (entries=128, max_off=64)\",\"qcom-ethqos 20000.ethernet: TSO feature enabled\",\"qcom-ethqos 20000.ethernet: SPH feature enabled\",\"qcom-ethqos 20000.ethernet: Using 40 bits DMA width\",\"libphy: stmmac: probed\",\"rtc-pm8xxx c440000.spmi:pmic@0:rtc@6000: registered as rtc0\",\"rtc-pm8xxx c440000.spmi:pmic@0:rtc@6000: setting system clock to 1970-01-16T01:43:57 UTC (1302237)\",\"systemd-journald[467]: Time jumped backwards, rotating.\",\"qcom-ethqos 23000000.ethernet: Adding to iommu group 3\",\"qcom-ethqos 20000.ethernet: IRQ eth_wake_irq not found\",\"qcom-ethqos 23000000.ethernet: IRQ eth_wake_irq not found\",\"qcom-ethqos 20000.ethernet: User ID: 0x20, Synopsys ID: 0x51\",\"qcom-ethqos 20000.ethernet: \\tDWMAC4/5\",\"qcom-ethqos 20000.ethernet: DMA HW capability register supported\",\"qcom-ethqos 20000.ethernet: RX Checksum Offload Engine supported\",\"qcom-ethqos 20000.ethernet: TX Checksum insertion supported\",\"qcom-ethqos 20000.ethernet: TSO supported\",\"qcom-ethqos 20000.ethernet: Enable RX Mitigation via HW Watchdog Timer\",\"qcom-ethqos 20000.ethernet: device MAC address 52:00:68:62:6c:93\",\"qcom-ethqos 20000.ethernet: Enabled L3L4 Flow TC (entries=8)\",\"qcom-ethqos 20000.ethernet: Enabled RFS Flow TC (entries=10)\",\"qcom-ethqos 20000.ethernet: Enabling HW TC (entries=128, max_off=64)\",\"qcom-ethqos 20000.ethernet: TSO feature enabled\",\"qcom-ethqos 20000.ethernet: SPH feature enabled\",\"qcom-ethqos 20000.ethernet: Using 40 bits DMA width\",\"qcom-ethqos 23000000.ethernet: User ID: 0x20, Synopsys ID: 0x51\",\"qcom-ethqos 23000000.ethernet: \\tDWMAC4/5\",\"qcom-ethqos 23000000.ethernet: DMA HW capability register supported\",\"qcom-ethqos 23000000.ethernet: RX Checksum Offload Engine supported\",\"qcom-ethqos 23000000.ethernet: TX Checksum insertion supported\",\"qcom-ethqos 23000000.ethernet: TSO supported\",\"qcom-ethqos 23000000.ethernet: Enable RX Mitigation via HW Watchdog Timer\",\"qcom-ethqos 23000000.ethernet: device MAC address 32:c9:2e:21:c4:2c\",\"qcom-ethqos 23000000.ethernet: Enabled L3L4 Flow TC (entries=8)\",\"qcom-ethqos 23000000.ethernet: Enabled RFS Flow TC (entries=10)\",\"qcom-ethqos 23000000.ethernet: Enabling HW TC (entries=128, max_off=64)\",\"qcom-ethqos 23000000.ethernet: TSO feature enabled\",\"qcom-ethqos 23000000.ethernet: SPH feature enabled\",\"qcom-ethqos 23000000.ethernet: Using 40 bits DMA width\",\"libphy: stmmac: probed\",\"hwmon hwmon0: temp1_input not attached to any thermal zone\",\"random: crng init done\",\"qcom-ethqos 23000000.ethernet eth0: Register MEM_TYPE_PAGE_POOL RxQ-0\",\"qcom-ethqos 23000000.ethernet eth0: Enabling Safety Features\",\"qcom-ethqos 23000000.ethernet eth0: IEEE 1588-2008 Advanced Timestamp supported\",\"qcom-ethqos 23000000.ethernet eth0: registered PTP clock\",\"qcom-ethqos 23000000.ethernet eth0: FPE workqueue start\",\"qcom-ethqos 23000000.ethernet eth0: configuring for fixed/rgmii-txid link mode\",\"qcom-ethqos 23000000.ethernet eth0: Link is Up - 1Gbps/Full - flow control off\",\"qcom-ethqos 20000.ethernet eth1: Register MEM_TYPE_PAGE_POOL RxQ-0\",\"qcom-ethqos 20000.ethernet eth1: PHY [stmmac-0:08] driver [Marvell 88E1510] (irq=173)\",\"qcom-ethqos 20000.ethernet eth1: Enabling Safety Features\",\"qcom-ethqos 20000.ethernet eth1: IEEE 1588-2008 Advanced Timestamp supported\",\"qcom-ethqos 20000.ethernet eth1: registered PTP clock\",\"qcom-ethqos 20000.ethernet eth1: FPE workqueue start\",\"qcom-ethqos 20000.ethernet eth1: configuring for phy/rgmii-txid link mode\",\"systemd-journald[467]: Oldest entry in /run/log/journal/d67bbd2873844ca7a52367061a40461b/system.journal is older than the configured file retention duration (1month), suggesting rotation.\",\"systemd-journald[467]: /run/log/journal/d67bbd2873844ca7a52367061a40461b/system.journal: Journal header limits reached or header out-of-date, rotating.\",\"systemd-journald[467]: Oldest entry in /run/log/journal/d67bbd2873844ca7a52367061a40461b/system.journal is older than the configured file retention duration (1month), suggesting rotation.\",\"systemd-journald[467]: /run/log/journal/d67bbd2873844ca7a52367061a40461b/system.journal: Journal header limits reached or header out-of-date, rotating.\",\"-.slice\",\"init.scope\",\"system.slice\",\"initrd-usr-fs.target\",\"systemd-journald-dev-log.socket\",\"systemd-journald.socket\",\"systemd-vconsole-setup.service\",\"dracut-cmdline.service\",\"sys-module-fuse.device\",\"sys-module-configfs.device\",\"dev-ttyS0.device\",\"sys-devices-platform-serial8250-tty-ttyS0.device\",\"dev-ttyS2.device\",\"sys-devices-platform-serial8250-tty-ttyS2.device\",\"dev-ttyS1.device\",\"sys-devices-platform-serial8250-tty-ttyS1.device\",\"dev-ttyS3.device\",\"sys-devices-platform-serial8250-tty-ttyS3.device\",\"remote-fs-pre.target\",\"dracut-pre-mount.service\",\"sys-devices-platform-soc\\\\x400-8c0000.geniqup-884000.serial-tty-ttyMSM0.device\",\"dev-ttyMSM0.device\",\"dev-disk-by\\\\x2ddiskseq-4.device\",\"dev-sdd.device\",\"dev-disk-by\\\\x2did-scsi\\\\x2d28ce38e0000000000.device\",\"sys-devices-platform-soc\\\\x400-1d84000.ufs-host0-target0:0:0-0:0:0:3-block-sdd.device\",\"dev-disk-by\\\\x2dpath-platform\\\\x2d1d84000.ufs\\\\x2dscsi\\\\x2d0:0:0:3.device\",\"sys-devices-platform-soc\\\\x400-1d84000.ufs-host0-target0:0:0-0:0:0:3-block-sdd-sdd2.device\",\"dev-disk-by\\\\x2dpath-platform\\\\x2d1d84000.ufs\\\\x2dscsi\\\\x2d0:0:0:3\\\\x2dpart2.device\",\"dev-disk-by\\\\x2dpartlabel-cdt.device\",\"dev-sdd2.device\",\"dev-disk-by\\\\x2did-scsi\\\\x2d28ce38e0000000000\\\\x2dpart2.device\",\"dev-disk-by\\\\x2dpartuuid-bb98c0d6\\\\x2d9f41\\\\x2d15e8\\\\x2d08d6\\\\x2d6843021e0cbe.device\",\"dev-disk-by\\\\x2dpath-platform\\\\x2d1d84000.ufs\\\\x2dscsi\\\\x2d0:0:0:3\\\\x2dpart1.device\",\"dev-disk-by\\\\x2did-scsi\\\\x2d28ce38e0000000000\\\\x2dpart1.device\",\"sys-devices-platform-soc\\\\x400-1d84000.ufs-host0-target0:0:0-0:0:0:3-block-sdd-sdd1.device\",\"dev-sdd1.device\",\"dev-disk-by\\\\x2dpartuuid-d9859142\\\\x2daf95\\\\x2d53e4\\\\x2d84a2\\\\x2dc6aee6b5d461.device\",\"dev-disk-by\\\\x2dpartlabel-ALIGN_TO_128K_1.device\",\"dev-disk-by\\\\x2did-scsi\\\\x2d28ce38e0000000000\\\\x2dpart3.device\",\"sys-devices-platform-soc\\\\x400-1d84000.ufs-host0-target0:0:0-0:0:0:3-block-sdd-sdd3.device\",\"dev-disk-by\\\\x2dpartuuid-75d994ac\\\\x2db2ab\\\\x2dd5b0\\\\x2d0518\\\\x2df71d55d35451.device\",\"dev-sdd3.device\",\"dev-disk-by\\\\x2dpartlabel-ddr.device\",\"dev-disk-by\\\\x2dpath-platform\\\\x2d1d84000.ufs\\\\x2dscsi\\\\x2d0:0:0:3\\\\x2dpart3.device\",\"dev-disk-by\\\\x2dpath-platform\\\\x2d1d84000.ufs\\\\x2dscsi\\\\x2d0:0:0:0.device\",\"dev-sda.device\",\"sys-devices-platform-soc\\\\x400-1d84000.ufs-host0-target0:0:0-0:0:0:0-block-sda.device\",\"dev-disk-by\\\\x2ddiskseq-1.device\",\"dev-disk-by\\\\x2dpath-platform\\\\x2d1d84000.ufs\\\\x2dscsi\\\\x2d0:0:0:6.device\",\"dev-sdg.device\",\"sys-devices-platform-soc\\\\x400-1d84000.ufs-host0-target0:0:0-0:0:0:6-block-sdg.device\",\"dev-disk-by\\\\x2ddiskseq-7.device\",\"dev-disk-by\\\\x2dpath-platform\\\\x2d1d84000.ufs\\\\x2dscsi\\\\x2d0:0:0:1.device\",\"sys-devices-platform-soc\\\\x400-1d84000.ufs-host0-target0:0:0-0:0:0:1-block-sdb.device\",\"dev-disk-by\\\\x2ddiskseq-2.device\",\"dev-sdb.device\",\"dev-disk-by\\\\x2dpath-platform\\\\x2d1d84000.ufs\\\\x2dscsi\\\\x2d0:0:0:2.device\",\"sys-devices-platform-soc\\\\x400-1d84000.ufs-host0-target0:0:0-0:0:0:2-block-sdc.device\",\"dev-sdc.device\",\"dev-disk-by\\\\x2ddiskseq-3.device\",\"dev-sdh.device\",\"dev-disk-by\\\\x2ddiskseq-8.device\",\"dev-disk-by\\\\x2dpath-platform\\\\x2d1d84000.ufs\\\\x2dscsi\\\\x2d0:0:0:7.device\",\"sys-devices-platform-soc\\\\x400-1d84000.ufs-host0-target0:0:0-0:0:0:7-block-sdh.device\",\"dev-sda1.device\",\"dev-disk-by\\\\x2dpartuuid-517f5763\\\\x2d9a89\\\\x2d8037\\\\x2d0603\\\\x2d4b3e72c8f1d3.device\",\"sys-devices-platform-soc\\\\x400-1d84000.ufs-host0-target0:0:0-0:0:0:0-block-sda-sda1.device\",\"dev-disk-by\\\\x2dpath-platform\\\\x2d1d84000.ufs\\\\x2dscsi\\\\x2d0:0:0:0\\\\x2dpart1.device\",\"dev-disk-by\\\\x2dpartlabel-system_a.device\",\"dev-disk-by\\\\x2duuid-db044b9b\\\\x2d9f78\\\\x2d4132\\\\x2d8e0c\\\\x2d11c90af2c9a5.device\",\"dev-disk-by\\\\x2dpartlabel-xbl_config_a.device\",\"dev-disk-by\\\\x2dpartuuid-73216298\\\\x2dba5f\\\\x2d9aa7\\\\x2ddf92\\\\x2de062a06dd6b9.device\",\"dev-disk-by\\\\x2dpath-platform\\\\x2d1d84000.ufs\\\\x2dscsi\\\\x2d0:0:0:1\\\\x2dpart3.device\",\"dev-sdb3.device\",\"sys-devices-platform-soc\\\\x400-1d84000.ufs-host0-target0:0:0-0:0:0:1-block-sdb-sdb3.device\",\"sys-devices-platform-soc\\\\x400-1d84000.ufs-host0-target0:0:0-0:0:0:5-block-sdf.device\",\"dev-sdf.device\",\"dev-disk-by\\\\x2dpath-platform\\\\x2d1d84000.ufs\\\\x2dscsi\\\\x2d0:0:0:5.device\",\"dev-disk-by\\\\x2ddiskseq-6.device\",\"dev-disk-by\\\\x2dpartlabel-ALIGN_TO_128K_3.device\",\"dev-sdg1.device\",\"dev-disk-by\\\\x2dpath-platform\\\\x2d1d84000.ufs\\\\x2dscsi\\\\x2d0:0:0:6\\\\x2dpart1.device\",\"dev-disk-by\\\\x2dpartuuid-cf94169c\\\\x2d1fb0\\\\x2dac9a\\\\x2d845f\\\\x2d36f84358ddbf.device\",\"sys-devices-platform-soc\\\\x400-1d84000.ufs-host0-target0:0:0-0:0:0:6-block-sdg-sdg1.device\",\"dev-disk-by\\\\x2dpartlabel-smss_a.device\",\"sys-devices-platform-soc\\\\x400-1d84000.ufs-host0-target0:0:0-0:0:0:1-block-sdb-sdb4.device\",\"dev-disk-by\\\\x2dpartuuid-46eb6202\\\\x2d3f2f\\\\x2d701c\\\\x2dd7de\\\\x2d3fef2f989e4d.device\",\"dev-disk-by\\\\x2dpath-platform\\\\x2d1d84000.ufs\\\\x2dscsi\\\\x2d0:0:0:1\\\\x2dpart4.device\",\"dev-sdb4.device\",\"dev-disk-by\\\\x2did-scsi\\\\x2d28ce38e0000000000\\\\x2dpart4.device\",\"dev-disk-by\\\\x2dpartlabel-xbl_bkup_a.device\",\"dev-disk-by\\\\x2dpartuuid-ea0a2152\\\\x2d484b\\\\x2d0687\\\\x2dc8ae\\\\x2d4ddca08ea3f0.device\",\"sys-devices-platform-soc\\\\x400-1d84000.ufs-host0-target0:0:0-0:0:0:1-block-sdb-sdb2.device\",\"dev-disk-by\\\\x2dpath-platform\\\\x2d1d84000.ufs\\\\x2dscsi\\\\x2d0:0:0:1\\\\x2dpart2.device\",\"dev-sdb2.device\",\"dev-disk-by\\\\x2dpartlabel-xbl_a.device\",\"sys-devices-platform-soc\\\\x400-1d84000.ufs-host0-target0:0:0-0:0:0:1-block-sdb-sdb1.device\",\"dev-sdb1.device\",\"dev-disk-by\\\\x2dpartuuid-78f24abf\\\\x2dcb84\\\\x2d2f1b\\\\x2d2331\\\\x2d63f701557972.device\",\"dev-disk-by\\\\x2dpath-platform\\\\x2d1d84000.ufs\\\\x2dscsi\\\\x2d0:0:0:1\\\\x2dpart1.device\",\"sys-devices-platform-soc\\\\x400-1d84000.ufs-host0-target0:0:0-0:0:0:2-block-sdc-sdc3.device\",\"dev-disk-by\\\\x2dpartlabel-xbl_config_b.device\",\"dev-sdc3.device\",\"dev-disk-by\\\\x2dpartuuid-dd1fe281\\\\x2d9682\\\\x2dc6a0\\\\x2daa1f\\\\x2dc7c550426015.device\",\"dev-disk-by\\\\x2dpath-platform\\\\x2d1d84000.ufs\\\\x2dscsi\\\\x2d0:0:0:2\\\\x2dpart3.device\",\"sys-devices-platform-soc\\\\x400-1d8