{
 "cells": [
  {
   "cell_type": "code",
   "execution_count": 200,
   "id": "initial_id",
   "metadata": {
    "collapsed": true,
    "ExecuteTime": {
     "end_time": "2023-09-15T16:54:50.367098615Z",
     "start_time": "2023-09-15T16:54:49.356721236Z"
    }
   },
   "outputs": [
    {
     "data": {
      "text/html": "<style>\n        .bk-notebook-logo {\n            display: block;\n            width: 20px;\n            height: 20px;\n            background-image: url(data:image/png;base64,iVBORw0KGgoAAAANSUhEUgAAABQAAAAUCAYAAACNiR0NAAAABHNCSVQICAgIfAhkiAAAAAlwSFlzAAALEgAACxIB0t1+/AAAABx0RVh0U29mdHdhcmUAQWRvYmUgRmlyZXdvcmtzIENTNui8sowAAAOkSURBVDiNjZRtaJVlGMd/1/08zzln5zjP1LWcU9N0NkN8m2CYjpgQYQXqSs0I84OLIC0hkEKoPtiH3gmKoiJDU7QpLgoLjLIQCpEsNJ1vqUOdO7ppbuec5+V+rj4ctwzd8IIbbi6u+8f1539dt3A78eXC7QizUF7gyV1fD1Yqg4JWz84yffhm0qkFqBogB9rM8tZdtwVsPUhWhGcFJngGeWrPzHm5oaMmkfEg1usvLFyc8jLRqDOMru7AyC8saQr7GG7f5fvDeH7Ej8CM66nIF+8yngt6HWaKh7k49Soy9nXurCi1o3qUbS3zWfrYeQDTB/Qj6kX6Ybhw4B+bOYoLKCC9H3Nu/leUTZ1JdRWkkn2ldcCamzrcf47KKXdAJllSlxAOkRgyHsGC/zRday5Qld9DyoM4/q/rUoy/CXh3jzOu3bHUVZeU+DEn8FInkPBFlu3+nW3Nw0mk6vCDiWg8CeJaxEwuHS3+z5RgY+YBR6V1Z1nxSOfoaPa4LASWxxdNp+VWTk7+4vzaou8v8PN+xo+KY2xsw6une2frhw05CTYOmQvsEhjhWjn0bmXPjpE1+kplmmkP3suftwTubK9Vq22qKmrBhpY4jvd5afdRA3wGjFAgcnTK2s4hY0/GPNIb0nErGMCRxWOOX64Z8RAC4oCXdklmEvcL8o0BfkNK4lUg9HTl+oPlQxdNo3Mg4Nv175e/1LDGzZen30MEjRUtmXSfiTVu1kK8W4txyV6BMKlbgk3lMwYCiusNy9fVfvvwMxv8Ynl6vxoByANLTWplvuj/nF9m2+PDtt1eiHPBr1oIfhCChQMBw6Aw0UulqTKZdfVvfG7VcfIqLG9bcldL/+pdWTLxLUy8Qq38heUIjh4XlzZxzQm19lLFlr8vdQ97rjZVOLf8nclzckbcD4wxXMidpX30sFd37Fv/GtwwhzhxGVAprjbg0gCAEeIgwCZyTV2Z1REEW8O4py0wsjeloKoMr6iCY6dP92H6Vw/oTyICIthibxjm/DfN9lVz8IqtqKYLUXfoKVMVQVVJOElGjrnnUt9T9wbgp8AyYKaGlqingHZU/uG2NTZSVqwHQTWkx9hxjkpWDaCg6Ckj5qebgBVbT3V3NNXMSiWSDdGV3hrtzla7J+duwPOToIg42ChPQOQjspnSlp1V+Gjdged7+8UN5CRAV7a5EdFNwCjEaBR27b3W890TE7g24NAP/mMDXRWrGoFPQI9ls/MWO2dWFAar/xcOIImbbpA3zgAAAABJRU5ErkJggg==);\n        }\n    </style>\n    <div>\n        <a href=\"https://bokeh.org\" target=\"_blank\" class=\"bk-notebook-logo\"></a>\n        <span id=\"f5e899ee-a290-4415-957e-2e3faf47c419\">Loading BokehJS ...</span>\n    </div>\n"
     },
     "metadata": {},
     "output_type": "display_data"
    },
    {
     "data": {
      "application/javascript": "(function(root) {\n  function now() {\n    return new Date();\n  }\n\n  const force = true;\n\n  if (typeof root._bokeh_onload_callbacks === \"undefined\" || force === true) {\n    root._bokeh_onload_callbacks = [];\n    root._bokeh_is_loading = undefined;\n  }\n\nconst JS_MIME_TYPE = 'application/javascript';\n  const HTML_MIME_TYPE = 'text/html';\n  const EXEC_MIME_TYPE = 'application/vnd.bokehjs_exec.v0+json';\n  const CLASS_NAME = 'output_bokeh rendered_html';\n\n  /**\n   * Render data to the DOM node\n   */\n  function render(props, node) {\n    const script = document.createElement(\"script\");\n    node.appendChild(script);\n  }\n\n  /**\n   * Handle when an output is cleared or removed\n   */\n  function handleClearOutput(event, handle) {\n    const cell = handle.cell;\n\n    const id = cell.output_area._bokeh_element_id;\n    const server_id = cell.output_area._bokeh_server_id;\n    // Clean up Bokeh references\n    if (id != null && id in Bokeh.index) {\n      Bokeh.index[id].model.document.clear();\n      delete Bokeh.index[id];\n    }\n\n    if (server_id !== undefined) {\n      // Clean up Bokeh references\n      const cmd_clean = \"from bokeh.io.state import curstate; print(curstate().uuid_to_server['\" + server_id + \"'].get_sessions()[0].document.roots[0]._id)\";\n      cell.notebook.kernel.execute(cmd_clean, {\n        iopub: {\n          output: function(msg) {\n            const id = msg.content.text.trim();\n            if (id in Bokeh.index) {\n              Bokeh.index[id].model.document.clear();\n              delete Bokeh.index[id];\n            }\n          }\n        }\n      });\n      // Destroy server and session\n      const cmd_destroy = \"import bokeh.io.notebook as ion; ion.destroy_server('\" + server_id + \"')\";\n      cell.notebook.kernel.execute(cmd_destroy);\n    }\n  }\n\n  /**\n   * Handle when a new output is added\n   */\n  function handleAddOutput(event, handle) {\n    const output_area = handle.output_area;\n    const output = handle.output;\n\n    // limit handleAddOutput to display_data with EXEC_MIME_TYPE content only\n    if ((output.output_type != \"display_data\") || (!Object.prototype.hasOwnProperty.call(output.data, EXEC_MIME_TYPE))) {\n      return\n    }\n\n    const toinsert = output_area.element.find(\".\" + CLASS_NAME.split(' ')[0]);\n\n    if (output.metadata[EXEC_MIME_TYPE][\"id\"] !== undefined) {\n      toinsert[toinsert.length - 1].firstChild.textContent = output.data[JS_MIME_TYPE];\n      // store reference to embed id on output_area\n      output_area._bokeh_element_id = output.metadata[EXEC_MIME_TYPE][\"id\"];\n    }\n    if (output.metadata[EXEC_MIME_TYPE][\"server_id\"] !== undefined) {\n      const bk_div = document.createElement(\"div\");\n      bk_div.innerHTML = output.data[HTML_MIME_TYPE];\n      const script_attrs = bk_div.children[0].attributes;\n      for (let i = 0; i < script_attrs.length; i++) {\n        toinsert[toinsert.length - 1].firstChild.setAttribute(script_attrs[i].name, script_attrs[i].value);\n        toinsert[toinsert.length - 1].firstChild.textContent = bk_div.children[0].textContent\n      }\n      // store reference to server id on output_area\n      output_area._bokeh_server_id = output.metadata[EXEC_MIME_TYPE][\"server_id\"];\n    }\n  }\n\n  function register_renderer(events, OutputArea) {\n\n    function append_mime(data, metadata, element) {\n      // create a DOM node to render to\n      const toinsert = this.create_output_subarea(\n        metadata,\n        CLASS_NAME,\n        EXEC_MIME_TYPE\n      );\n      this.keyboard_manager.register_events(toinsert);\n      // Render to node\n      const props = {data: data, metadata: metadata[EXEC_MIME_TYPE]};\n      render(props, toinsert[toinsert.length - 1]);\n      element.append(toinsert);\n      return toinsert\n    }\n\n    /* Handle when an output is cleared or removed */\n    events.on('clear_output.CodeCell', handleClearOutput);\n    events.on('delete.Cell', handleClearOutput);\n\n    /* Handle when a new output is added */\n    events.on('output_added.OutputArea', handleAddOutput);\n\n    /**\n     * Register the mime type and append_mime function with output_area\n     */\n    OutputArea.prototype.register_mime_type(EXEC_MIME_TYPE, append_mime, {\n      /* Is output safe? */\n      safe: true,\n      /* Index of renderer in `output_area.display_order` */\n      index: 0\n    });\n  }\n\n  // register the mime type if in Jupyter Notebook environment and previously unregistered\n  if (root.Jupyter !== undefined) {\n    const events = require('base/js/events');\n    const OutputArea = require('notebook/js/outputarea').OutputArea;\n\n    if (OutputArea.prototype.mime_types().indexOf(EXEC_MIME_TYPE) == -1) {\n      register_renderer(events, OutputArea);\n    }\n  }\n  if (typeof (root._bokeh_timeout) === \"undefined\" || force === true) {\n    root._bokeh_timeout = Date.now() + 5000;\n    root._bokeh_failed_load = false;\n  }\n\n  const NB_LOAD_WARNING = {'data': {'text/html':\n     \"<div style='background-color: #fdd'>\\n\"+\n     \"<p>\\n\"+\n     \"BokehJS does not appear to have successfully loaded. If loading BokehJS from CDN, this \\n\"+\n     \"may be due to a slow or bad network connection. Possible fixes:\\n\"+\n     \"</p>\\n\"+\n     \"<ul>\\n\"+\n     \"<li>re-rerun `output_notebook()` to attempt to load from CDN again, or</li>\\n\"+\n     \"<li>use INLINE resources instead, as so:</li>\\n\"+\n     \"</ul>\\n\"+\n     \"<code>\\n\"+\n     \"from bokeh.resources import INLINE\\n\"+\n     \"output_notebook(resources=INLINE)\\n\"+\n     \"</code>\\n\"+\n     \"</div>\"}};\n\n  function display_loaded() {\n    const el = document.getElementById(\"f5e899ee-a290-4415-957e-2e3faf47c419\");\n    if (el != null) {\n      el.textContent = \"BokehJS is loading...\";\n    }\n    if (root.Bokeh !== undefined) {\n      if (el != null) {\n        el.textContent = \"BokehJS \" + root.Bokeh.version + \" successfully loaded.\";\n      }\n    } else if (Date.now() < root._bokeh_timeout) {\n      setTimeout(display_loaded, 100)\n    }\n  }\n\n  function run_callbacks() {\n    try {\n      root._bokeh_onload_callbacks.forEach(function(callback) {\n        if (callback != null)\n          callback();\n      });\n    } finally {\n      delete root._bokeh_onload_callbacks\n    }\n    console.debug(\"Bokeh: all callbacks have finished\");\n  }\n\n  function load_libs(css_urls, js_urls, callback) {\n    if (css_urls == null) css_urls = [];\n    if (js_urls == null) js_urls = [];\n\n    root._bokeh_onload_callbacks.push(callback);\n    if (root._bokeh_is_loading > 0) {\n      console.debug(\"Bokeh: BokehJS is being loaded, scheduling callback at\", now());\n      return null;\n    }\n    if (js_urls == null || js_urls.length === 0) {\n      run_callbacks();\n      return null;\n    }\n    console.debug(\"Bokeh: BokehJS not loaded, scheduling load and callback at\", now());\n    root._bokeh_is_loading = css_urls.length + js_urls.length;\n\n    function on_load() {\n      root._bokeh_is_loading--;\n      if (root._bokeh_is_loading === 0) {\n        console.debug(\"Bokeh: all BokehJS libraries/stylesheets loaded\");\n        run_callbacks()\n      }\n    }\n\n    function on_error(url) {\n      console.error(\"failed to load \" + url);\n    }\n\n    for (let i = 0; i < css_urls.length; i++) {\n      const url = css_urls[i];\n      const element = document.createElement(\"link\");\n      element.onload = on_load;\n      element.onerror = on_error.bind(null, url);\n      element.rel = \"stylesheet\";\n      element.type = \"text/css\";\n      element.href = url;\n      console.debug(\"Bokeh: injecting link tag for BokehJS stylesheet: \", url);\n      document.body.appendChild(element);\n    }\n\n    for (let i = 0; i < js_urls.length; i++) {\n      const url = js_urls[i];\n      const element = document.createElement('script');\n      element.onload = on_load;\n      element.onerror = on_error.bind(null, url);\n      element.async = false;\n      element.src = url;\n      console.debug(\"Bokeh: injecting script tag for BokehJS library: \", url);\n      document.head.appendChild(element);\n    }\n  };\n\n  function inject_raw_css(css) {\n    const element = document.createElement(\"style\");\n    element.appendChild(document.createTextNode(css));\n    document.body.appendChild(element);\n  }\n\n  const js_urls = [\"https://cdn.bokeh.org/bokeh/release/bokeh-3.2.2.min.js\", \"https://cdn.bokeh.org/bokeh/release/bokeh-gl-3.2.2.min.js\", \"https://cdn.bokeh.org/bokeh/release/bokeh-widgets-3.2.2.min.js\", \"https://cdn.bokeh.org/bokeh/release/bokeh-tables-3.2.2.min.js\", \"https://cdn.bokeh.org/bokeh/release/bokeh-mathjax-3.2.2.min.js\"];\n  const css_urls = [];\n\n  const inline_js = [    function(Bokeh) {\n      Bokeh.set_log_level(\"info\");\n    },\nfunction(Bokeh) {\n    }\n  ];\n\n  function run_inline_js() {\n    if (root.Bokeh !== undefined || force === true) {\n          for (let i = 0; i < inline_js.length; i++) {\n      inline_js[i].call(root, root.Bokeh);\n    }\nif (force === true) {\n        display_loaded();\n      }} else if (Date.now() < root._bokeh_timeout) {\n      setTimeout(run_inline_js, 100);\n    } else if (!root._bokeh_failed_load) {\n      console.log(\"Bokeh: BokehJS failed to load within specified timeout.\");\n      root._bokeh_failed_load = true;\n    } else if (force !== true) {\n      const cell = $(document.getElementById(\"f5e899ee-a290-4415-957e-2e3faf47c419\")).parents('.cell').data().cell;\n      cell.output_area.append_execute_result(NB_LOAD_WARNING)\n    }\n  }\n\n  if (root._bokeh_is_loading === 0) {\n    console.debug(\"Bokeh: BokehJS loaded, going straight to plotting\");\n    run_inline_js();\n  } else {\n    load_libs(css_urls, js_urls, function() {\n      console.debug(\"Bokeh: BokehJS plotting callback run at\", now());\n      run_inline_js();\n    });\n  }\n}(window));",
      "application/vnd.bokehjs_load.v0+json": "(function(root) {\n  function now() {\n    return new Date();\n  }\n\n  const force = true;\n\n  if (typeof root._bokeh_onload_callbacks === \"undefined\" || force === true) {\n    root._bokeh_onload_callbacks = [];\n    root._bokeh_is_loading = undefined;\n  }\n\n\n  if (typeof (root._bokeh_timeout) === \"undefined\" || force === true) {\n    root._bokeh_timeout = Date.now() + 5000;\n    root._bokeh_failed_load = false;\n  }\n\n  const NB_LOAD_WARNING = {'data': {'text/html':\n     \"<div style='background-color: #fdd'>\\n\"+\n     \"<p>\\n\"+\n     \"BokehJS does not appear to have successfully loaded. If loading BokehJS from CDN, this \\n\"+\n     \"may be due to a slow or bad network connection. Possible fixes:\\n\"+\n     \"</p>\\n\"+\n     \"<ul>\\n\"+\n     \"<li>re-rerun `output_notebook()` to attempt to load from CDN again, or</li>\\n\"+\n     \"<li>use INLINE resources instead, as so:</li>\\n\"+\n     \"</ul>\\n\"+\n     \"<code>\\n\"+\n     \"from bokeh.resources import INLINE\\n\"+\n     \"output_notebook(resources=INLINE)\\n\"+\n     \"</code>\\n\"+\n     \"</div>\"}};\n\n  function display_loaded() {\n    const el = document.getElementById(\"f5e899ee-a290-4415-957e-2e3faf47c419\");\n    if (el != null) {\n      el.textContent = \"BokehJS is loading...\";\n    }\n    if (root.Bokeh !== undefined) {\n      if (el != null) {\n        el.textContent = \"BokehJS \" + root.Bokeh.version + \" successfully loaded.\";\n      }\n    } else if (Date.now() < root._bokeh_timeout) {\n      setTimeout(display_loaded, 100)\n    }\n  }\n\n  function run_callbacks() {\n    try {\n      root._bokeh_onload_callbacks.forEach(function(callback) {\n        if (callback != null)\n          callback();\n      });\n    } finally {\n      delete root._bokeh_onload_callbacks\n    }\n    console.debug(\"Bokeh: all callbacks have finished\");\n  }\n\n  function load_libs(css_urls, js_urls, callback) {\n    if (css_urls == null) css_urls = [];\n    if (js_urls == null) js_urls = [];\n\n    root._bokeh_onload_callbacks.push(callback);\n    if (root._bokeh_is_loading > 0) {\n      console.debug(\"Bokeh: BokehJS is being loaded, scheduling callback at\", now());\n      return null;\n    }\n    if (js_urls == null || js_urls.length === 0) {\n      run_callbacks();\n      return null;\n    }\n    console.debug(\"Bokeh: BokehJS not loaded, scheduling load and callback at\", now());\n    root._bokeh_is_loading = css_urls.length + js_urls.length;\n\n    function on_load() {\n      root._bokeh_is_loading--;\n      if (root._bokeh_is_loading === 0) {\n        console.debug(\"Bokeh: all BokehJS libraries/stylesheets loaded\");\n        run_callbacks()\n      }\n    }\n\n    function on_error(url) {\n      console.error(\"failed to load \" + url);\n    }\n\n    for (let i = 0; i < css_urls.length; i++) {\n      const url = css_urls[i];\n      const element = document.createElement(\"link\");\n      element.onload = on_load;\n      element.onerror = on_error.bind(null, url);\n      element.rel = \"stylesheet\";\n      element.type = \"text/css\";\n      element.href = url;\n      console.debug(\"Bokeh: injecting link tag for BokehJS stylesheet: \", url);\n      document.body.appendChild(element);\n    }\n\n    for (let i = 0; i < js_urls.length; i++) {\n      const url = js_urls[i];\n      const element = document.createElement('script');\n      element.onload = on_load;\n      element.onerror = on_error.bind(null, url);\n      element.async = false;\n      element.src = url;\n      console.debug(\"Bokeh: injecting script tag for BokehJS library: \", url);\n      document.head.appendChild(element);\n    }\n  };\n\n  function inject_raw_css(css) {\n    const element = document.createElement(\"style\");\n    element.appendChild(document.createTextNode(css));\n    document.body.appendChild(element);\n  }\n\n  const js_urls = [\"https://cdn.bokeh.org/bokeh/release/bokeh-3.2.2.min.js\", \"https://cdn.bokeh.org/bokeh/release/bokeh-gl-3.2.2.min.js\", \"https://cdn.bokeh.org/bokeh/release/bokeh-widgets-3.2.2.min.js\", \"https://cdn.bokeh.org/bokeh/release/bokeh-tables-3.2.2.min.js\", \"https://cdn.bokeh.org/bokeh/release/bokeh-mathjax-3.2.2.min.js\"];\n  const css_urls = [];\n\n  const inline_js = [    function(Bokeh) {\n      Bokeh.set_log_level(\"info\");\n    },\nfunction(Bokeh) {\n    }\n  ];\n\n  function run_inline_js() {\n    if (root.Bokeh !== undefined || force === true) {\n          for (let i = 0; i < inline_js.length; i++) {\n      inline_js[i].call(root, root.Bokeh);\n    }\nif (force === true) {\n        display_loaded();\n      }} else if (Date.now() < root._bokeh_timeout) {\n      setTimeout(run_inline_js, 100);\n    } else if (!root._bokeh_failed_load) {\n      console.log(\"Bokeh: BokehJS failed to load within specified timeout.\");\n      root._bokeh_failed_load = true;\n    } else if (force !== true) {\n      const cell = $(document.getElementById(\"f5e899ee-a290-4415-957e-2e3faf47c419\")).parents('.cell').data().cell;\n      cell.output_area.append_execute_result(NB_LOAD_WARNING)\n    }\n  }\n\n  if (root._bokeh_is_loading === 0) {\n    console.debug(\"Bokeh: BokehJS loaded, going straight to plotting\");\n    run_inline_js();\n  } else {\n    load_libs(css_urls, js_urls, function() {\n      console.debug(\"Bokeh: BokehJS plotting callback run at\", now());\n      run_inline_js();\n    });\n  }\n}(window));"
     },
     "metadata": {},
     "output_type": "display_data"
    },
    {
     "data": {
      "text/html": "\n  <div id=\"c54925bc-42d2-458f-8f80-0c02faab24ca\" data-root-id=\"p7566\" style=\"display: contents;\"></div>\n"
     },
     "metadata": {},
     "output_type": "display_data"
    },
    {
     "data": {
      "application/javascript": "(function(root) {\n  function embed_document(root) {\n  const docs_json = {\"bc1485f6-529b-4466-a91d-3cde6e0bc109\":{\"version\":\"3.2.2\",\"title\":\"Bokeh Application\",\"roots\":[{\"type\":\"object\",\"name\":\"Figure\",\"id\":\"p7566\",\"attributes\":{\"width\":1000,\"height\":700,\"x_range\":{\"type\":\"object\",\"name\":\"DataRange1d\",\"id\":\"p7567\"},\"y_range\":{\"type\":\"object\",\"name\":\"DataRange1d\",\"id\":\"p7568\",\"attributes\":{\"flipped\":true}},\"x_scale\":{\"type\":\"object\",\"name\":\"LinearScale\",\"id\":\"p7576\"},\"y_scale\":{\"type\":\"object\",\"name\":\"LinearScale\",\"id\":\"p7577\"},\"title\":{\"type\":\"object\",\"name\":\"Title\",\"id\":\"p7569\",\"attributes\":{\"text\":\"Boot Time Measurements -- 1385 Actions -- dblack_test_09_15_2023_18_46_39.json\",\"text_color\":\"#E0E0E0\",\"text_font\":\"Helvetica\",\"text_font_size\":\"15pt\"}},\"outline_line_color\":\"#E0E0E0\",\"outline_line_alpha\":0.25,\"renderers\":[{\"type\":\"object\",\"name\":\"GlyphRenderer\",\"id\":\"p7601\",\"attributes\":{\"data_source\":{\"type\":\"object\",\"name\":\"ColumnDataSource\",\"id\":\"p7562\",\"attributes\":{\"selected\":{\"type\":\"object\",\"name\":\"Selection\",\"id\":\"p7563\",\"attributes\":{\"indices\":[],\"line_indices\":[]}},\"selection_policy\":{\"type\":\"object\",\"name\":\"UnionRenderers\",\"id\":\"p7564\"},\"data\":{\"type\":\"map\",\"entries\":[[\"id\",[0,1,2,3,4,5,6,7,8,9,10,11,12,13,14,15,16,17,18,19,20,21,22,23,24,25,26,27,28,29,30,31,32,33,34,35,36,37,38,39,40,41,42,43,44,45,46,47,48,49,50,51,52,53,54,55,56,57,58,59,60,61,62,63,64,65,66,67,68,69,70,71,72,73,74,75,76,77,78,79,80,81,82,83,84,85,86,87,88,89,90,91,92,93,94,95,96,97,98,99,100,101,102,103,104,105,106,107,108,109,110,111,112,113,114,115,116,117,118,119,120,121,122,123,124,125,126,127,128,129,130,131,132,133,134,135,136,137,138,139,140,141,142,143,144,145,146,147,148,149,150,151,152,153,154,155,156,157,158,159,160,161,162,163,164,165,166,167,168,169,170,171,172,173,174,175,176,177,178,179,180,181,182,183,184,185,186,187,188,189,190,191,192,193,194,195,196,197,198,199,200,201,202,203,204,205,206,207,208,209,210,211,212,213,214,215,216,217,218,219,220,221,222,223,224,225,226,227,228,229,230,231,232,233,234,235,236,237,238,239,240,241,242,243,244,245,246,247,248,249,250,251,252,253,254,255,256,257,258,259,260,261,262,263,264,265,266,267,268,269,270,271,272,273,274,275,276,277,278,279,280,281,282,283,284,285,286,287,288,289,290,291,292,293,294,295,296,297,298,299,300,301,302,303,304,305,306,307,308,309,310,311,312,313,314,315,316,317,318,319,320,321,322,323,324,325,326,327,328,329,330,331,332,333,334,335,336,337,338,339,340,341,342,343,344,345,346,347,348,349,350,351,352,353,354,355,356,357,358,359,360,361,362,363,364,365,366,367,368,369,370,371,372,373,374,375,376,377,378,379,380,381,382,383,384,385,386,387,388,389,390,391,392,393,394,395,396,397,398,399,400,401,402,403,404,405,406,407,408,409,410,411,412,413,414,415,416,417,418,419,420,421,422,423,424,425,426,427,428,429,430,431,432,433,434,435,436,437,438,439,440,441,442,443,444,445,446,447,448,449,450,451,452,453,454,455,456,457,458,459,460,461,462,463,464,465,466,467,468,469,470,471,472,473,474,475,476,477,478,479,480,481,482,483,484,485,486,487,488,489,490,491,492,493,494,495,496,497,498,499,500,501,502,503,504,505,506,507,508,509,510,511,512,513,514,515,516,517,518,519,520,521,522,523,524,525,526,527,528,529,530,531,532,533,534,535,536,537,538,539,540,541,542,543,544,545,546,547,548,549,550,551,552,553,554,555,556,557,558,559,560,561,562,563,564,565,566,567,568,569,570,571,572,573,574,575,576,577,578,579,580,581,582,583,584,585,586,587,588,589,590,591,592,593,594,595,596,597,598,599,600,601,602,603,604,605,606,607,608,609,610,611,612,613,614,615,616,617,618,619,620,621,622,623,624,625,626,627,628,629,630,631,632,633,634,635,636,637,638,639,640,641,642,643,644,645,646,647,648,649,650,651,652,653,654,655,656,657,658,659,660,661,662,663,664,665,666,667,668,669,670,671,672,673,674,675,676,677,678,679,680,681,682,683,684,685,686,687,688,689,690,691,692,693,694,695,696,697,698,699,700,701,702,703,704,705,706,707,708,709,710,711,712,713,714,715,716,717,718,719,720,721,722,723,724,725,726,727,728,729,730,731,732,733,734,735,736,737,738,739,740,741,742,743,744,745,746,747,748,749,750,751,752,753,754,755,756,757,758,759,760,761,762,763,764,765,766,767,768,769,770,771,772,773,774,775,776,777,778,779,780,781,782,783,784,785,786,787,788,789,790,791,792,793,794,795,796,797,798,799,800,801,802,803,804,805,806,807,808,809,810,811,812,813,814,815,816,817,818,819,820,821,822,823,824,825,826,827,828,829,830,831,832,833,834,835,836,837,838,839,840,841,842,843,844,845,846,847,848,849,850,851,852,853,854,855,856,857,858,859,860,861,862,863,864,865,866,867,868,869,870,871,872,873,874,875,876,877,878,879,880,881,882,883,884,885,886,887,888,889,890,891,892,893,894,895,896,897,898,899,900,901,902,903,904,905,906,907,908,909,910,911,912,913,914,915,916,917,918,919,920,921,922,923,924,925,926,927,928,929,930,931,932,933,934,935,936,937,938,939,940,941,942,943,944,945,946,947,948,949,950,951,952,953,954,955,956,957,958,959,960,961,962,963,964,965,966,967,968,969,970,971,972,973,974,975,976,977,978,979,980,981,982,983,984,985,986,987,988,989,990,991,992,993,994,995,996,997,998,999,1000,1001,1002,1003,1004,1005,1006,1007,1008,1009,1010,1011,1012,1013,1014,1015,1016,1017,1018,1019,1020,1021,1022,1023,1024,1025,1026,1027,1028,1029,1030,1031,1032,1033,1034,1035,1036,1037,1038,1039,1040,1041,1042,1043,1044,1045,1046,1047,1048,1049,1050,1051,1052,1053,1054,1055,1056,1057,1058,1059,1060,1061,1062,1063,1064,1065,1066,1067,1068,1069,1070,1071,1072,1073,1074,1075,1076,1077,1078,1079,1080,1081,1082,1083,1084,1085,1086,1087,1088,1089,1090,1091,1092,1093,1094,1095,1096,1097,1098,1099,1100,1101,1102,1103,1104,1105,1106,1107,1108,1109,1110,1111,1112,1113,1114,1115,1116,1117,1118,1119,1120,1121,1122,1123,1124,1125,1126,1127,1128,1129,1130,1131,1132,1133,1134,1135,1136,1137,1138,1139,1140,1141,1142,1143,1144,1145,1146,1147,1148,1149,1150,1151,1152,1153,1154,1155,1156,1157,1158,1159,1160,1161,1162,1163,1164,1165,1166,1167,1168,1169,1170,1171,1172,1173,1174,1175,1176,1177,1178,1179,1180,1181,1182,1183,1184,1185,1186,1187,1188,1189,1190,1191,1192,1193,1194,1195,1196,1197,1198,1199,1200,1201,1202,1203,1204,1205,1206,1207,1208,1209,1210,1211,1212,1213,1214,1215,1216,1217,1218,1219,1220,1221,1222,1223,1224,1225,1226,1227,1228,1229,1230,1231,1232,1233,1234,1235,1236,1237,1238,1239,1240,1241,1242,1243,1244,1245,1246,1247,1248,1249,1250,1251,1252,1253,1254,1255,1256,1257,1258,1259,1260,1261,1262,1263,1264,1265,1266,1267,1268,1269,1270,1271,1272,1273,1274,1275,1276,1277,1278,1279,1280,1281,1282,1283,1284,1285,1286,1287,1288,1289,1290,1291,1292,1293,1294,1295,1296,1297,1298,1299,1300,1301,1302,1303,1304,1305,1306,1307,1308,1309,1310,1311,1312,1313,1314,1315,1316,1317,1318,1319,1320,1321,1322,1323,1324,1325,1326,1327,1328,1329,1330,1331,1332,1333,1334,1335,1336,1337,1338,1339,1340,1341,1342,1343,1344,1345,1346,1347,1348,1349,1350,1351,1352,1353,1354,1355,1356,1357,1358,1359,1360,1361,1362,1363,1364,1365,1366,1367,1368,1369,1370,1371,1372,1373,1374,1375,1376,1377,1378,1379,1380,1381,1382,1383,1384]],[\"start\",[0.0,0.0,0.0,0.0,0.0,0.0,0.0,0.0,0.0,0.0,0.0,0.0,0.0,0.0,0.0,0.0,0.0,0.0,0.0,0.0,0.0,0.0,0.0,0.0,0.0,0.0,0.0,0.0,0.0,0.0,0.0,0.0,0.0,0.0,0.0,0.0,0.0,0.0,0.0,0.0,0.0,0.0,0.0,0.0,0.0,0.0,0.0,0.0,0.0,0.0,0.0,0.0,0.0,0.0,0.0,0.0,0.0,0.0,0.0,0.0,0.0,0.0,0.0,0.0,0.0,0.0,0.0,0.0,0.0,0.0,0.0,0.0,0.0,0.0,0.0,0.0,0.0,0.0,0.0,0.0,0.0,0.0,0.0,0.0,0.0,0.0,0.0,0.0,0.0,0.0,0.0,0.0,0.0,0.0,0.027,0.027,0.029,0.03,0.031,0.032,0.033,0.034,0.035,0.036,0.037,0.039,0.04,0.041,0.042,0.043,0.044,0.133,0.168,0.173,0.229,0.25,0.261,0.307,0.393,0.447,1.302,1.306,1.33,1.357,1.443,1.444,2.029,2.218,3.352,3.412,3.551,9.552,9.588,9.681,15.619,15.661,15.775,23.036,23.089,23.193,29.283,29.322,29.425,35.487,35.536,35.647,41.753,41.797,41.889,41.994,41.997,42.0,42.001,42.002,42.003,42.004,42.006,42.006,42.008,42.009,42.01,42.082,42.087,44.668,55.769,55.777,55.936,56.215,56.423,57.247,57.657,58.062,58.094,58.202,58.437,58.439,58.44,58.493,58.583,58.71,58.834,61.823,64.169,67.925,67.926,67.928,67.929,67.93,67.93,67.931,67.932,68.284,68.693,68.771,68.773,68.959,69.026,69.101,69.117,69.129,69.186,69.317,69.397,69.905,69.906,69.907,69.93,70.033,70.295,70.543,70.561,70.697,73.831,73.98,76.587,76.846,76.861,77.393,77.899,78.004,78.661,79.448,79.461,79.47,79.607,90.587,101.996,102.018,102.119,106.324,107.255,107.26,120.659,120.668,121.44,122.215,122.789,122.789,122.794,122.795,122.829,122.901,122.902,122.981,127.655,128.992,131.824,131.827,131.847,131.849,131.85,131.852,131.863,132.679,132.681,132.93,137.517,137.775,137.784,138.13,138.149,138.182,138.183,138.477,149.43,149.456,149.57,149.887,150.503,151.067,151.557,151.975,152.197,152.403,152.538,152.655,152.656,152.755,152.761,152.78,152.786,153.123,153.226,153.229,153.25,153.281,153.282,153.283,153.284,153.285,153.286,153.287,153.287,153.288,153.29,153.74,153.882,153.925,155.778,350.437,350.472,350.474,350.476,350.477,350.478,350.479,360.017,365.212,365.502,365.506,365.755,365.842,365.987,487.958,487.961,488.001,508.681,508.944,509.108,509.237,509.256,509.268,509.293,509.301,509.31,509.329,509.525,509.596,509.818,510.059,510.228,510.244,512.926,513.232,515.507,519.269,521.178,522.497,522.808,524.095,525.966,532.009,532.405,534.283,534.599,535.237,537.519,539.521,548.757,956.544,1129.903,1139.485,1139.494,1140.253,1140.259,1140.939,1140.943,1141.609,1141.612,1150.525,1152.707,1245.175,1289.886,1289.995,1290.047,1291.592,1291.595,1291.628,1292.121,1292.827,1292.889,1292.898,1292.986,1293.224,1293.249,1293.25,1293.673,1294.17,1294.173,1294.598,1294.602,1294.907,1294.912,1295.455,1295.457,1306.951,1307.625,1307.635,1400.806,1404.853,1405.973,1408.178,1408.549,1408.552,1411.785,1412.724,1412.731,1414.211,1414.217,1415.22,1415.225,1419.978,1419.986,1421.219,1426.798,1426.801,1426.819,1426.82,1426.822,1426.834,1426.847,1426.848,1427.094,1517.53,1518.417,1519.228,1520.456,1521.405,1522.146,1522.936,1523.736,1524.529,1525.262,1525.956,1527.352,1527.407,1527.41,1527.503,1527.506,1527.508,1527.835,1527.894,1527.898,1528.008,1528.012,1528.015,1529.784,1529.837,1529.84,1529.979,1529.984,1529.987,1530.065,1530.159,1539.813,1539.873,1539.875,1539.982,1539.986,1539.988,1544.49,1546.214,1546.267,1546.27,1546.378,1546.384,1546.386,1549.093,1553.395,1553.495,1553.499,1553.722,1553.728,1553.731,1553.823,1557.691,1558.138,1564.096,1564.181,1564.184,1564.382,1564.386,1564.388,1564.906,1564.966,1564.971,1564.973,1564.975,1565.904,1571.873,1571.884,1571.886,1571.889,1571.891,1573.58,1577.174,1577.221,1577.225,1577.228,1577.23,1577.232,1578.806,1578.922,1578.925,1579.133,1579.138,1579.141,1582.977,1582.985,1582.991,1582.993,1582.995,1585.947,1585.956,1585.958,1585.96,1589.909,1589.916,1589.919,1589.921,1589.924,1590.665,1592.308,1595.308,1595.316,1595.319,1595.322,1595.324,1598.492,1598.5,1598.502,1598.506,1599.198,1604.255,1604.264,1604.298,1604.301,1604.304,1606.535,1608.541,1609.333,1609.344,1609.347,1609.388,1609.39,1615.213,1615.222,1615.225,1615.227,1615.229,1621.226,1621.235,1621.238,1621.241,1621.243,1623.891,1624.168,1624.176,1624.179,1624.181,1626.287,1629.138,1629.146,1629.149,1629.152,1629.154,1629.157,1633.179,1633.186,1633.189,1633.191,1633.194,1633.196,1637.159,1637.165,1637.168,1637.17,1637.172,1637.175,1640.75,1640.757,1640.76,1640.762,1640.765,1644.537,1644.542,1644.544,1644.547,1644.549,1644.551,1649.041,1649.046,1649.049,1649.051,1649.053,1649.055,1649.058,1653.499,1653.506,1653.51,1653.512,1653.514,1662.929,1662.937,1662.94,1662.943,1662.946,1662.948,1662.951,1666.869,1666.875,1666.877,1666.88,1666.884,1666.887,1674.294,1674.304,1674.307,1674.31,1674.313,1674.315,1679.117,1679.126,1679.128,1679.131,1679.134,1679.136,1683.017,1683.026,1683.028,1683.031,1683.033,1683.035,1687.98,1687.987,1687.99,1687.992,1687.995,1687.997,1688.0,1688.002,1690.655,1690.663,1690.666,1690.668,1694.226,1694.233,1694.236,1694.239,1694.241,1696.844,1696.85,1696.852,1696.855,1699.587,1699.595,1699.597,1699.6,1703.714,1703.721,1703.724,1703.726,1703.728,1708.75,1708.758,1708.761,1708.763,1708.766,1718.296,1718.305,1718.311,1718.314,1721.922,1721.932,1721.935,1721.937,1721.939,1724.546,1724.554,1724.557,1724.559,1728.499,1728.507,1728.51,1728.512,1728.515,1733.055,1733.063,1733.066,1733.069,1733.071,1741.325,1741.335,1741.337,1741.341,1741.343,1745.092,1745.099,1745.101,1745.103,1745.106,1748.759,1748.766,1748.768,1748.771,1748.774,1752.409,1752.418,1752.421,1752.423,1752.425,1756.097,1756.105,1756.108,1756.11,1756.112,1759.57,1759.575,1759.577,1759.579,1759.581,1763.053,1763.057,1763.06,1763.063,1763.065,1766.493,1766.497,1766.5,1766.503,1766.505,1769.847,1769.851,1769.854,1769.856,1769.858,1774.405,1774.411,1774.414,1774.416,1774.418,1777.936,1777.94,1777.943,1777.945,1777.948,1781.506,1781.51,1781.512,1781.515,1781.517,1785.308,1785.311,1785.314,1785.318,1785.32,1785.322,1788.718,1788.722,1788.725,1788.728,1788.73,1792.164,1792.168,1792.17,1792.173,1792.176,1795.959,1795.963,1795.966,1795.968,1795.971,1795.974,1799.391,1799.395,1799.397,1799.4,1799.402,1804.349,1804.355,1804.358,1804.36,1804.362,1807.735,1807.739,1807.742,1807.744,1807.747,1811.282,1811.287,1811.29,1811.293,1811.295,1815.016,1815.019,1815.022,1815.024,1815.027,1815.029,1818.373,1818.377,1818.379,1818.381,1818.384,1821.784,1821.788,1821.791,1821.793,1821.796,1824.898,1824.902,1824.904,1824.907,1828.306,1828.31,1828.312,1828.316,1828.318,1832.525,1832.529,1832.532,1832.534,1832.537,1832.539,1835.963,1835.967,1835.97,1835.973,1835.975,1839.453,1839.456,1839.459,1839.462,1839.464,1843.66,1843.664,1843.667,1843.669,1843.671,1843.673,1847.325,1847.329,1847.331,1847.333,1847.335,1847.337,1850.699,1850.703,1850.705,1850.707,1850.709,1854.024,1854.027,1854.03,1854.032,1854.034,1857.984,1857.988,1857.99,1857.992,1857.995,1857.997,1861.354,1861.358,1861.361,1861.363,1861.365,1864.72,1864.724,1864.727,1864.729,1864.731,1868.04,1868.044,1868.047,1868.049,1868.051,1873.642,1873.645,1873.648,1873.65,1873.652,1873.654,1873.656,1873.659,1878.306,1878.31,1878.312,1878.314,1878.317,1878.319,1878.321,1882.029,1882.032,1882.035,1882.037,1882.039,1882.041,1885.395,1885.399,1885.401,1885.403,1885.405,1888.763,1888.767,1888.77,1888.772,1888.774,1892.155,1892.159,1892.161,1892.164,1892.166,1895.529,1895.533,1895.535,1895.538,1895.54,1899.218,1899.222,1899.224,1899.227,1899.229,1903.012,1903.015,1903.018,1903.02,1903.023,1903.024,1906.754,1906.757,1906.761,1906.763,1906.765,1906.767,1910.698,1910.702,1910.704,1910.707,1910.709,1914.461,1914.465,1914.467,1914.47,1914.472,1914.474,1918.17,1918.174,1918.177,1918.179,1918.181,1918.184,1921.637,1921.641,1921.643,1921.645,1921.648,1925.068,1925.071,1925.073,1925.076,1925.079,1928.8,1928.804,1928.807,1928.809,1928.811,1928.814,1932.253,1932.257,1932.259,1932.262,1932.264,1935.666,1935.67,1935.673,1935.675,1935.678,1939.033,1939.037,1939.039,1939.041,1939.044,1942.759,1942.764,1942.766,1942.769,1942.771,1942.773,1946.404,1946.408,1946.41,1946.412,1946.415,1946.417,1950.562,1950.566,1950.569,1950.571,1950.573,1950.575,1953.938,1953.942,1953.945,1953.947,1953.95,1958.723,1958.727,1958.729,1958.731,1958.734,1958.736,1958.739,1958.741,1962.765,1962.77,1962.773,1962.775,1962.778,1966.381,1966.386,1966.388,1966.39,1966.393,1966.395,1969.709,1969.713,1969.716,1969.719,1969.721,1973.353,1973.357,1973.36,1973.362,1973.365,1973.367,1976.673,1976.677,1976.68,1976.682,1976.685,1980.614,1980.618,1980.621,1980.623,1980.626,1980.628,1984.3,1984.304,1984.307,1984.309,1984.312,1984.314,1987.938,1987.942,1987.944,1987.947,1987.949,1987.951,1992.083,1992.088,1992.091,1992.093,1992.095,1992.097,1995.735,1995.739,1995.742,1995.744,1995.746,1995.749,1999.893,1999.898,1999.9,1999.903,1999.968,1999.97,2003.694,2003.698,2003.7,2003.703,2003.705,2003.707,2007.325,2007.329,2007.332,2007.334,2007.336,2007.338,2010.986,2010.991,2010.994,2010.996,2010.999,2011.001,2014.616,2014.621,2014.623,2014.626,2014.628,2014.63,2018.245,2018.249,2018.252,2018.254,2018.256,2018.259,2021.907,2021.911,2021.913,2021.916,2021.918,2021.921,2021.966,2023.556,2078.78,2079.771,2081.472,2100.732,2100.79,2102.581,2473.913,2592.562,2593.968,2785.601,3000.464,3153.032,3153.038,3153.039,3153.04,3153.041,3153.042,3153.042,3342.164,3344.73,3375.414,3376.408,3505.363,3510.083,3510.386,3606.447,4053.504,4053.764,4054.363,4054.707,4055.004,4055.253,4055.549,4055.778,4056.073,4056.329,4056.624,4056.902,4057.173,4057.196,4057.395,4057.468,4057.689,4058.037,4058.092,4058.184,4058.22,4058.24,4058.255,4058.281,4058.303,4058.334,4058.384,4058.423,4058.446,4058.458,4058.474,4058.511,4058.531,4058.545,4058.572,4058.594,4060.576,4060.846,4060.874,4061.142,4062.557,4062.853,4063.079,4063.376,4065.166,4065.48,4067.357,4067.674,4069.485,4069.802,4071.721,4072.038,4072.586,4073.952,4074.269,4076.187,4076.495,4078.551,4080.408,4080.719,4082.724,4082.915,4083.036,4083.217,4086.971,4087.287,4090.456,4090.773,4092.484,4092.796,4094.538,4094.854,4095.009,4096.93,4097.241,4100.227,4100.646,4100.868,4101.059,4101.242,4102.032,4102.566,4102.842,4103.363,4103.626,4104.157,4104.418,4105.081,4105.69,4106.347,4108.293,4108.608,4110.83,4111.144,4113.053,4113.372,4115.243,4115.556,4117.247,4120.752,4124.183,4126.237,4128.72,4133.19,4134.478,4135.255,4237.502,4237.554,4241.108,4243.217,4246.135,4248.877,4502.125,4575.573,4578.304,4729.477,4738.865,4829.264,4831.622,4832.383,4832.386,4832.673,4832.678,4832.683,4832.684,4832.684,4832.685,4832.686,4832.688,4832.69,4832.692,4832.697,4832.699,4832.699,4832.701,4905.258,4906.583,4906.723,4906.84,4906.843,4906.933,4907.068,4907.07,4907.072,4907.072,4907.073,4907.367,4907.375,4907.589,4941.876,4990.576,4990.674,4993.134,4993.24,4993.352,4993.419,4993.422,4993.468,4993.47,4993.472,4993.473,4993.474,4993.639,4993.646,4993.752,4993.777,4993.779,4993.78,4993.781,4993.781,4993.908,4993.914,4998.319,4998.376,5380.383,5421.063,5421.068,5421.069,5421.071,5421.071,5432.915,5442.779,5442.85,5442.88,5444.06,5444.122,5447.131,5452.569,5681.556,5700.66,5700.663,5701.106,5701.11,5701.114,5701.115,5701.116,5701.117,5701.118,5701.121,5701.123,5701.124,5701.127,5701.128,5701.129,5701.131,5718.684,5718.69,5810.319,5816.072,5820.39,5820.429,5823.503,5824.534,5826.417,5826.427,5849.876,5849.884,6097.111,6098.84,6102.624,6104.335,6104.903,6108.947,6839.975,6840.046,6840.312,6945.96,6946.971,6947.952,6948.939,7031.368,7043.809,7053.856,7120.405,7120.41,7120.661,7120.664,7120.694,7124.578,7127.094,7129.767,7145.492,7148.09,7148.482,7150.06,7150.172,7152.283,8674.381,8674.6,9467.598,9472.51,9472.512,10231.093,10231.109]],[\"duration\",[0.0,0.0,0.0,0.0,0.0,0.0,0.0,0.0,0.0,0.0,0.0,0.0,0.0,0.0,0.0,0.0,0.0,0.0,0.0,0.0,0.0,0.0,0.0,0.0,0.0,0.0,0.0,0.0,0.0,0.0,0.0,0.0,0.0,0.0,0.0,0.0,0.0,0.0,0.0,0.0,0.0,0.0,0.0,0.0,0.0,0.0,0.0,0.0,0.0,0.0,0.0,0.0,0.0,0.0,0.0,0.0,0.0,0.0,0.0,0.0,0.0,0.0,0.0,0.0,0.0,0.0,0.0,0.0,0.0,0.0,0.0,0.0,0.0,0.0,0.0,0.0,0.0,0.0,0.0,0.0,0.0,0.0,0.0,0.0,0.0,0.0,0.0,0.0,0.0,0.0,0.0,0.0,0.0,0.0,0.0,0.0,0.002,0.001,0.001,0.001,0.001,0.001,0.001,0.001,0.001,0.002,0.001,0.001,0.001,0.001,0.001,0.089,0.035,0.005,0.056,0.021,0.011,0.046,0.086,0.054,0.855,0.004,0.024,0.027,0.086,0.001,0.585,0.189,1.134,0.06,0.139,6.001,0.036,0.093,5.938,0.042,0.114,7.261,0.053,0.104,6.09,0.039,0.103,6.062,0.049,0.111,6.106,0.044,0.092,0.105,0.003,0.003,0.001,0.001,0.001,0.001,0.0,0.002,0.002,0.001,0.001,0.072,0.005,2.581,11.101,0.008,0.159,0.279,0.208,0.824,0.41,0.405,0.032,0.108,0.235,0.002,0.001,0.053,0.09,0.127,0.124,2.989,2.346,3.756,0.001,0.002,0.001,0.0,0.001,0.001,0.001,0.352,0.409,0.078,0.002,0.186,0.067,0.075,0.016,0.012,0.057,0.131,0.08,0.508,0.001,0.001,0.023,0.103,0.262,0.248,0.018,0.136,3.134,0.149,2.607,0.259,0.015,0.532,0.506,0.105,0.657,0.787,0.013,0.009,0.137,10.98,11.409,0.022,0.101,4.205,0.931,0.005,13.399,0.009,0.772,0.775,0.0,0.574,0.005,0.001,0.034,0.072,0.001,0.079,4.675,1.336,2.832,0.003,0.02,0.002,0.001,0.002,0.011,0.816,0.002,0.248,4.587,0.258,0.009,0.346,0.019,0.033,0.001,0.294,10.953,0.026,0.114,0.317,0.616,0.564,0.49,0.418,0.222,0.206,0.135,0.117,0.001,0.099,0.006,0.019,0.006,0.337,0.103,0.003,0.021,0.031,0.001,0.001,0.001,0.001,0.001,0.0,0.001,0.001,0.002,0.45,0.142,0.043,1.853,194.659,0.035,0.002,0.002,0.001,0.001,0.001,9.538,5.195,0.29,0.004,0.248,0.087,0.145,0.0,0.0,0.0,142.695,0.0,0.426,0.13,0.019,0.011,0.025,0.0,0.018,0.019,0.0,0.267,0.221,0.241,0.169,0.017,0.0,2.987,2.275,3.762,1.91,9.2,1.629,1.287,1.871,6.043,0.396,72.524,2.194,0.638,2.282,2.001,9.236,3619.595,3443.255,3753.946,3753.939,3774.081,3774.073,3753.447,3753.446,3758.47,3758.462,0.0,12.72,696.418,44.711,0.109,0.052,1.545,0.003,0.033,0.492,0.706,0.062,0.009,0.088,0.238,0.025,0.001,0.423,0.497,0.003,0.425,0.004,0.305,0.005,0.543,0.002,11.494,0.674,0.01,93.171,4.047,1.12,2.205,0.371,0.003,3.233,3493.872,3493.862,3506.059,3506.29,3508.967,3508.96,8.193,0.008,1.233,5.579,0.003,0.018,0.001,0.002,0.012,0.013,0.001,0.246,90.436,0.887,0.811,1.228,0.949,0.741,0.79,0.8,0.793,0.733,0.694,1.396,0.055,0.003,0.093,0.003,0.002,0.327,0.059,0.004,0.11,0.004,0.003,1.769,0.053,0.003,0.139,0.005,0.003,0.078,0.094,9.654,0.06,0.002,0.107,0.004,0.002,4.502,1.724,0.053,0.003,0.108,0.006,0.002,2.707,4.302,0.1,0.004,0.223,0.006,0.003,0.092,3.868,0.447,5.958,0.085,0.003,0.198,0.004,0.002,3068.379,3068.334,3058.654,3068.323,3068.328,1.516,3146.053,3146.05,3146.043,3146.028,3146.04,7.676,3148.221,3148.177,3148.167,3148.152,3146.062,3148.169,5.226,0.116,0.003,0.208,0.005,0.003,3148.989,3148.969,3148.983,3148.976,3148.977,3080.023,3080.01,3080.015,3079.997,3176.739,3176.736,3176.715,3176.724,3176.731,11.524,1.643,3128.005,3127.995,3127.988,3127.983,3127.978,3056.206,3056.191,3056.193,3056.177,6.89,3200.084,3200.054,3200.038,3200.032,3200.025,7.337,2.006,3129.53,3129.498,3129.509,3129.472,3129.462,3114.271,3114.25,3114.235,3114.253,3114.246,3151.641,3151.635,3151.639,3151.617,3151.631,15.35,3010.323,3010.305,3010.316,3010.317,2.396,3142.35,3142.348,3142.342,3142.345,3142.32,3142.328,3175.001,3174.982,3174.988,3174.99,3174.981,3174.987,3120.743,3120.741,3120.73,3120.716,3257.155,3120.72,3044.474,3044.457,3044.467,3044.47,3044.465,3111.908,3111.916,3111.911,3111.917,3230.942,3111.91,3112.916,3112.914,3112.914,3112.903,3112.891,3051.972,3112.908,3153.44,3153.431,3153.422,3153.411,3153.421,3042.887,3042.87,3042.879,2974.573,3042.876,3042.881,3042.875,3046.525,3046.531,2969.148,3046.536,3046.525,3046.525,3066.764,3066.761,3066.738,3066.752,3066.742,3066.753,3088.987,3088.972,3088.956,3088.97,3088.958,3088.959,3019.469,3019.457,3019.451,3000.525,3019.438,3019.454,3072.152,3072.148,3072.153,2971.651,3072.134,3072.143,3072.121,3072.135,2965.084,2965.068,2965.079,2965.074,3014.522,3014.511,3014.506,3014.511,3014.493,3012.934,3012.94,3012.934,3012.938,2972.081,2972.066,2972.053,2972.063,3223.791,3223.78,3223.785,3223.781,3223.783,3217.916,3217.905,3217.907,3217.907,3217.894,3185.377,3185.373,3185.372,3185.366,3197.38,3197.361,3197.364,3197.359,3197.365,2899.062,2899.076,2899.063,2899.069,3193.868,3193.862,3193.861,3193.851,3193.858,3190.194,3190.191,3190.186,3190.189,3190.185,3186.996,3186.979,3186.98,3186.978,3186.98,3179.954,3179.945,3179.941,3179.933,3179.934,3172.711,3172.697,3172.692,3172.695,3172.694,3166.057,3166.051,3166.043,3166.044,3166.036,3173.049,3173.039,3173.03,3173.038,3173.029,3166.283,3166.28,3166.274,3166.266,3166.268,3157.148,3157.147,3157.146,3157.145,3157.133,3146.732,3146.737,3146.73,3146.733,3146.727,2878.343,2878.334,2878.342,2878.317,2878.335,3118.082,3118.078,3118.079,3118.075,3118.064,3093.419,3093.413,3093.405,3093.406,3093.392,3142.623,3142.625,3142.622,3142.616,3142.608,3108.065,3108.065,3108.064,3108.062,3108.05,2868.35,3118.937,3118.928,3118.935,3118.925,3118.928,2992.224,2992.224,2992.204,2992.212,2992.218,3105.446,3105.437,3105.432,2901.892,3105.432,3105.418,3019.632,3019.624,3019.624,3019.611,3019.623,3111.835,3111.826,3111.818,3111.823,3111.817,2879.029,2879.019,2879.028,2879.017,2879.002,3068.82,3068.812,3068.803,3068.811,3068.811,3067.096,3067.097,2829.164,3067.08,3067.087,3067.081,3070.569,3070.567,3070.554,3070.565,3070.555,3072.551,3072.551,3072.542,3072.544,3072.535,2990.353,2990.356,2990.357,2990.356,3047.195,3047.188,3047.184,3047.166,3047.176,3058.947,2860.408,3058.935,3058.924,3058.927,3058.93,3053.909,3053.893,3053.898,3053.896,3053.89,3022.873,3022.873,3022.872,3022.853,3022.859,3061.455,3061.458,3061.46,3061.451,3061.454,2965.974,2869.161,2869.152,2869.14,2869.145,2869.149,2869.152,3063.576,3063.565,3063.572,3063.566,3063.562,3061.277,3061.28,3061.28,3061.273,3061.275,3048.539,2841.378,3048.529,3048.533,3048.534,3048.53,2782.825,2782.832,2782.822,2782.805,2782.828,2788.945,2788.951,2788.935,2788.922,2788.937,3031.816,3031.803,3031.811,3031.79,3031.802,2805.889,3010.034,3010.049,3035.378,3035.379,3035.372,3035.365,3035.371,3039.278,3039.267,3039.273,2805.257,3039.263,2805.255,3039.261,2825.313,2825.296,2825.315,2825.308,2825.297,2825.298,2750.628,2750.629,2750.618,2750.603,2750.611,2790.777,2790.786,2790.777,2790.772,2790.776,2767.491,2767.48,2767.491,2767.485,2767.464,2802.348,2802.34,2802.348,2802.331,2802.34,2987.116,2987.107,2987.098,2987.105,2987.107,2999.628,2999.615,2999.62,2793.078,2999.612,2999.617,2766.87,2766.848,2766.854,2766.858,2766.853,2766.859,2785.412,2785.401,2785.384,2785.4,2785.392,2789.495,2789.488,2789.475,2789.493,2789.478,2789.486,2836.877,2836.87,2836.849,2836.859,2836.869,2836.857,2917.359,2917.349,2917.35,2917.35,2917.334,2774.295,2774.282,2774.271,2774.284,2774.278,2761.005,2966.463,2966.45,2966.454,2966.45,2966.451,2977.679,2977.672,2977.671,2977.661,2977.662,2765.364,2765.362,2765.348,2765.349,2765.333,2907.46,2907.472,2907.468,2907.46,2907.46,2772.256,2772.248,2772.252,2772.241,2772.236,2772.224,2852.219,2852.204,2852.217,2852.218,2852.22,2852.215,2827.068,2827.071,2827.051,2827.063,2827.067,2827.068,2735.876,2735.86,2735.847,2735.862,2735.862,2872.613,2872.611,2872.611,2872.597,2872.599,2872.583,2872.603,2872.59,2720.802,2720.81,2720.803,2720.81,2720.805,2807.791,2807.792,2807.793,2807.794,2807.782,2807.77,2667.819,2667.796,2667.803,2667.803,2667.804,2779.396,2779.386,2779.392,2779.384,2779.362,2779.372,2716.276,2716.281,2716.275,2716.278,2716.267,2829.056,2829.045,2829.047,2829.037,2829.039,2829.039,2869.872,2869.873,2869.851,2869.86,2869.855,2869.86,2826.27,2826.264,2826.249,2826.252,2826.255,2826.25,2819.82,2819.813,2819.799,2819.805,2819.81,2819.81,2815.108,2815.111,2815.113,2815.108,2815.114,2815.108,2883.8,2883.791,2883.786,2883.781,2883.727,2883.72,2884.21,2884.212,2884.208,2884.203,2884.193,2884.205,2873.751,2873.742,2873.728,2873.733,2873.738,2873.731,2805.332,2805.313,2805.322,2805.324,2805.314,2805.31,2864.522,2864.519,2864.506,2864.521,2864.517,2864.513,2866.612,2866.614,2866.607,2866.595,2866.605,2866.596,2791.272,2791.273,2791.263,2791.252,2791.264,2791.265,0.0,20.803,452.493,0.0,18.743,0.0,0.0,265.12,118.184,0.0,1459.29,706.821,214.863,152.568,0.006,0.001,0.001,0.001,0.0,0.001,189.122,2.566,30.684,0.994,128.954,4.72,0.303,96.061,447.057,0.26,0.6,0.0,0.64,0.0,0.545,0.0,0.525,0.0,0.55,0.0,0.0,0.572,0.0,0.272,0.221,0.0,0.0,0.0,0.0,0.0,0.0,0.0,0.0,0.645,0.05,0.04,0.022,0.012,0.017,0.036,0.02,0.015,0.026,0.022,0.0,0.0,2.28,0.268,0.0,1.712,0.0,0.522,34.759,2.104,32.99,2.194,31.086,2.128,29.043,2.236,0.548,26.996,1.683,25.546,2.227,2.055,22.715,2.168,2.004,0.191,0.121,0.181,29.969,4.07,14.328,3.486,12.91,2.023,23.284,2.058,0.155,254.154,2.233,2.985,0.419,0.222,0.191,0.183,0.79,0.535,0.275,0.521,0.263,0.531,0.261,0.663,0.609,0.658,10.342,2.26,8.307,2.536,19.967,2.228,117.48,2.184,1.691,0.0,10.804,11.09,108.534,15.942,0.0,0.0,0.0,0.0,10.186,217.725,321.887,0.0,928.638,6.382,4.773,0.0,0.0,696.074,2.358,0.761,0.003,0.287,0.005,0.005,0.0,0.001,0.001,0.001,0.002,0.002,0.002,0.005,0.0,0.002,0.002,72.557,1.325,0.14,0.117,0.003,0.09,0.135,0.002,0.0,0.002,0.001,0.294,0.008,0.214,34.287,48.7,0.098,2.46,0.106,0.112,0.067,0.003,0.046,0.002,0.002,0.001,0.001,0.165,0.007,0.106,0.025,0.002,0.001,0.0,0.001,0.127,0.006,0.0,0.0,386.469,40.68,0.005,0.001,0.0,0.002,9.643,0.0,0.0,0.0,0.0,0.0,648.15,31.498,228.987,19.104,0.003,0.443,0.004,0.004,0.001,0.001,0.001,0.001,0.003,0.002,0.001,0.003,0.001,0.001,0.002,17.553,0.006,91.629,5.753,4.318,0.039,3.074,1.031,0.0,0.0,0.0,0.0,0.0,1025.152,472.369,5.723,0.0,486.895,0.0,0.0,0.0,1121.426,1.011,0.981,0.987,82.429,12.441,10.047,66.549,0.005,0.25,0.003,0.03,0.0,22.55,13.442,0.0,0.0,0.0,0.0,0.0,7.839,1553.687,0.219,792.998,4.912,0.002,758.581,0.016]],[\"end\",[0.0,0.0,0.0,0.0,0.0,0.0,0.0,0.0,0.0,0.0,0.0,0.0,0.0,0.0,0.0,0.0,0.0,0.0,0.0,0.0,0.0,0.0,0.0,0.0,0.0,0.0,0.0,0.0,0.0,0.0,0.0,0.0,0.0,0.0,0.0,0.0,0.0,0.0,0.0,0.0,0.0,0.0,0.0,0.0,0.0,0.0,0.0,0.0,0.0,0.0,0.0,0.0,0.0,0.0,0.0,0.0,0.0,0.0,0.0,0.0,0.0,0.0,0.0,0.0,0.0,0.0,0.0,0.0,0.0,0.0,0.0,0.0,0.0,0.0,0.0,0.0,0.0,0.0,0.0,0.0,0.0,0.0,0.0,0.0,0.0,0.0,0.0,0.0,0.0,0.0,0.0,0.0,0.0,0.0,0.027,0.027,0.031,0.031,0.032,0.033,0.034,0.035,0.036,0.037,0.038,0.041,0.041,0.042,0.043,0.044,0.045,0.222,0.203,0.178,0.285,0.271,0.272,0.353,0.479,0.501,2.157,1.31,1.354,1.384,1.529,1.445,2.614,2.407,4.486,3.472,3.69,15.553,9.624,9.774,21.557,15.703,15.889,30.297,23.142,23.297,35.373,29.361,29.528,41.549,35.585,35.758,47.859,41.841,41.981,42.099,42.0,42.003,42.002,42.003,42.004,42.005,42.006,42.008,42.01,42.01,42.011,42.154,42.092,47.249,66.87,55.785,56.095,56.494,56.631,58.071,58.067,58.467,58.126,58.31,58.672,58.441,58.441,58.546,58.673,58.837,58.958,64.812,66.515,71.681,67.927,67.93,67.93,67.93,67.931,67.932,67.933,68.636,69.102,68.849,68.775,69.145,69.093,69.176,69.133,69.141,69.243,69.448,69.477,70.413,69.907,69.908,69.953,70.136,70.557,70.791,70.579,70.833,76.965,74.129,79.194,77.105,76.876,77.925,78.405,78.109,79.318,80.235,79.474,79.479,79.744,101.567,113.405,102.04,102.22,110.529,108.186,107.265,134.058,120.677,122.212,122.99,122.789,123.363,122.799,122.796,122.863,122.973,122.903,123.06,132.33,130.328,134.656,131.83,131.867,131.851,131.851,131.854,131.874,133.495,132.683,133.178,142.104,138.033,137.793,138.476,138.168,138.215,138.184,138.771,160.383,149.482,149.684,150.204,151.119,151.631,152.047,152.393,152.419,152.609,152.673,152.772,152.657,152.854,152.767,152.799,152.792,153.46,153.329,153.232,153.271,153.312,153.283,153.284,153.285,153.286,153.287,153.287,153.288,153.289,153.292,154.19,154.024,153.968,157.631,545.096,350.507,350.476,350.478,350.478,350.479,350.48,369.555,370.407,365.792,365.51,366.003,365.929,366.132,487.958,487.961,488.001,651.376,508.944,509.534,509.367,509.275,509.279,509.318,509.301,509.328,509.348,509.525,509.863,510.039,510.3,510.397,510.261,512.926,516.219,517.782,523.031,523.088,531.697,524.437,525.382,527.837,538.052,532.801,606.807,536.793,535.875,539.801,541.522,557.993,4576.139,4573.158,4893.431,4893.433,4914.334,4914.332,4894.386,4894.389,4900.079,4900.074,1150.525,1165.427,1941.593,1334.597,1290.104,1290.099,1293.137,1291.598,1291.661,1292.613,1293.533,1292.951,1292.907,1293.074,1293.462,1293.274,1293.251,1294.096,1294.667,1294.176,1295.023,1294.606,1295.212,1294.917,1295.998,1295.459,1318.445,1308.299,1307.645,1493.977,1408.9,1407.093,1410.383,1408.92,1408.555,1415.018,4906.596,4906.593,4920.27,4920.507,4924.187,4924.185,1428.171,1419.994,1422.452,1432.377,1426.804,1426.837,1426.821,1426.824,1426.846,1426.86,1426.849,1427.34,1607.966,1519.304,1520.039,1521.684,1522.354,1522.887,1523.726,1524.536,1525.322,1525.995,1526.65,1528.748,1527.462,1527.413,1527.596,1527.509,1527.51,1528.162,1527.953,1527.902,1528.118,1528.016,1528.018,1531.553,1529.89,1529.843,1530.118,1529.989,1529.99,1530.143,1530.253,1549.467,1539.933,1539.877,1540.089,1539.99,1539.99,1548.992,1547.938,1546.32,1546.273,1546.486,1546.39,1546.388,1551.8,1557.697,1553.595,1553.503,1553.945,1553.734,1553.734,1553.915,1561.559,1558.585,1570.054,1564.266,1564.187,1564.58,1564.39,1564.39,4633.285,4633.3,4623.625,4633.296,4633.303,1567.42,4717.926,4717.934,4717.929,4717.917,4717.931,1581.256,4725.395,4725.398,4725.392,4725.38,4723.292,4725.401,1584.032,1579.038,1578.928,1579.341,1579.143,1579.144,4731.966,4731.954,4731.974,4731.969,4731.972,4665.97,4665.966,4665.973,4665.957,4766.648,4766.652,4766.634,4766.645,4766.655,1602.189,1593.951,4723.313,4723.311,4723.307,4723.305,4723.302,4654.698,4654.691,4654.695,4654.683,1606.088,4804.339,4804.318,4804.336,4804.333,4804.329,1613.872,1610.547,4738.863,4738.842,4738.856,4738.86,4738.852,4729.484,4729.472,4729.46,4729.48,4729.475,4772.867,4772.87,4772.877,4772.858,4772.874,1639.241,4634.491,4634.481,4634.495,4634.498,1628.683,4771.488,4771.494,4771.491,4771.497,4771.474,4771.485,4808.18,4808.168,4808.177,4808.181,4808.175,4808.183,4757.902,4757.906,4757.898,4757.886,4894.327,4757.895,4685.224,4685.214,4685.227,4685.232,4685.23,4756.445,4756.458,4756.455,4756.464,4875.491,4756.461,4761.957,4761.96,4761.963,4761.954,4761.944,4701.027,4761.966,4806.939,4806.937,4806.932,4806.923,4806.935,4705.816,4705.807,4705.819,4637.516,4705.822,4705.829,4705.826,4713.394,4713.406,4636.025,4713.416,4713.409,4713.412,4741.058,4741.065,4741.045,4741.062,4741.055,4741.068,4768.104,4768.098,4768.084,4768.101,4768.092,4768.095,4702.486,4702.483,4702.479,4683.556,4702.471,4702.489,4760.132,4760.135,4760.143,4659.643,4760.129,4760.14,4760.121,4760.137,4655.739,4655.731,4655.745,4655.742,4708.748,4708.744,4708.742,4708.75,4708.734,4709.778,4709.79,4709.786,4709.793,4671.668,4671.661,4671.65,4671.663,4927.505,4927.501,4927.509,4927.507,4927.511,4926.666,4926.663,4926.668,4926.67,4926.66,4903.673,4903.678,4903.683,4903.68,4919.302,4919.293,4919.299,4919.296,4919.304,4623.608,4623.63,4623.62,4623.628,4922.367,4922.369,4922.371,4922.363,4922.373,4923.249,4923.254,4923.252,4923.258,4923.256,4928.321,4928.314,4928.317,4928.319,4928.323,4925.046,4925.044,4925.042,4925.036,4925.04,4921.47,4921.463,4921.46,4921.466,4921.468,4918.466,4918.469,4918.464,4918.467,4918.461,4929.146,4929.144,4929.138,4929.148,4929.141,4925.853,4925.855,4925.851,4925.845,4925.849,4920.201,4920.204,4920.206,4920.208,4920.198,4913.225,4913.234,4913.23,4913.236,4913.232,4648.19,4648.185,4648.196,4648.173,4648.193,4892.487,4892.489,4892.493,4892.491,4892.482,4871.355,4871.353,4871.348,4871.351,4871.34,4924.129,4924.135,4924.134,4924.131,4924.125,4893.373,4893.376,4893.378,4893.38,4893.37,4653.672,4907.655,4907.65,4907.66,4907.653,4907.658,4784.388,4784.392,4784.374,4784.385,4784.394,4901.405,4901.4,4901.398,4697.86,4901.403,4901.392,4819.023,4819.019,4819.021,4819.011,4819.025,4916.184,4916.181,4916.176,4916.183,4916.179,4686.764,4686.758,4686.77,4686.761,4686.749,4880.102,4880.099,4880.093,4880.104,4880.106,4882.112,4882.116,4644.186,4882.104,4882.114,4882.11,4888.942,4888.944,4888.933,4888.946,4888.939,4894.335,4894.339,4894.333,4894.337,4894.331,4815.251,4815.258,4815.261,4815.263,4875.501,4875.498,4875.496,4875.482,4875.494,4891.472,4692.937,4891.467,4891.458,4891.464,4891.469,4889.872,4889.86,4889.868,4889.869,4889.865,4862.326,4862.329,4862.331,4862.315,4862.323,4905.115,4905.122,4905.127,4905.12,4905.125,4809.647,4716.486,4716.481,4716.471,4716.478,4716.484,4716.489,4914.275,4914.268,4914.277,4914.273,4914.271,4915.301,4915.307,4915.31,4915.305,4915.309,4906.523,4699.366,4906.519,4906.525,4906.529,4906.527,4644.179,4644.19,4644.183,4644.168,4644.193,4653.665,4653.675,4653.662,4653.651,4653.668,4899.856,4899.847,4899.858,4899.839,4899.853,4679.531,4883.679,4883.697,4909.028,4909.031,4909.026,4909.021,4909.03,4917.584,4917.577,4917.585,4683.571,4917.58,4683.574,4917.582,4707.342,4707.328,4707.35,4707.345,4707.336,4707.339,4636.023,4636.028,4636.019,4636.006,4636.016,4679.54,4679.553,4679.547,4679.544,4679.55,4659.646,4659.639,4659.652,4659.649,4659.63,4697.877,4697.873,4697.883,4697.869,4697.88,4886.334,4886.329,4886.322,4886.332,4886.336,4902.64,4902.63,4902.638,4696.098,4902.635,4902.641,4673.624,4673.605,4673.615,4673.621,4673.618,4673.626,4696.11,4696.103,4696.088,4696.107,4696.101,4703.956,4703.953,4703.942,4703.963,4703.95,4703.96,4755.047,4755.044,4755.026,4755.038,4755.05,4755.041,4838.996,4838.99,4838.993,4838.995,4838.982,4699.363,4699.353,4699.344,4699.36,4699.357,4689.805,4895.267,4895.257,4895.263,4895.261,4895.265,4909.932,4909.929,4909.93,4909.923,4909.926,4701.03,4701.032,4701.021,4701.024,4701.011,4846.493,4846.509,4846.507,4846.501,4846.504,4715.015,4715.012,4715.018,4715.01,4715.007,4714.997,4798.623,4798.612,4798.627,4798.63,4798.635,4798.632,4777.63,4777.637,4777.62,4777.634,4777.64,4777.643,4689.814,4689.802,4689.792,4689.809,4689.812,4831.336,4831.338,4831.34,4831.328,4831.333,4831.319,4831.342,4831.331,4683.567,4683.58,4683.576,4683.585,4683.583,4774.172,4774.178,4774.181,4774.184,4774.175,4774.165,4637.528,4637.509,4637.519,4637.522,4637.525,4752.749,4752.743,4752.752,4752.746,4752.727,4752.739,4692.949,4692.958,4692.955,4692.96,4692.952,4809.67,4809.663,4809.668,4809.66,4809.665,4809.667,4854.172,4854.177,4854.158,4854.169,4854.167,4854.174,4814.208,4814.206,4814.193,4814.199,4814.204,4814.201,4811.903,4811.901,4811.89,4811.898,4811.905,4811.907,4810.843,4810.85,4810.855,4810.852,4810.86,4810.857,4883.693,4883.689,4883.686,4883.684,4883.695,4883.69,4887.904,4887.91,4887.908,4887.906,4887.898,4887.912,4881.076,4881.071,4881.06,4881.067,4881.074,4881.069,4816.318,4816.304,4816.316,4816.32,4816.313,4816.311,4879.138,4879.14,4879.129,4879.147,4879.145,4879.143,4884.857,4884.863,4884.859,4884.849,4884.861,4884.855,4813.179,4813.184,4813.176,4813.168,4813.182,4813.186,2021.966,2044.359,2531.273,2079.771,2100.215,2100.732,2100.79,2367.701,2592.097,2592.562,4053.258,3492.422,3215.327,3305.6,3153.044,3153.04,3153.041,3153.042,3153.042,3153.043,3531.286,3347.296,3406.098,3377.402,3634.317,3514.803,3510.689,3702.508,4500.561,4054.024,4054.963,4054.707,4055.644,4055.253,4056.094,4055.778,4056.598,4056.329,4057.174,4056.902,4057.173,4057.768,4057.395,4057.74,4057.91,4058.037,4058.092,4058.184,4058.22,4058.24,4058.255,4058.281,4058.303,4058.979,4058.434,4058.463,4058.468,4058.47,4058.491,4058.547,4058.551,4058.56,4058.598,4058.616,4060.576,4060.846,4063.154,4061.41,4062.557,4064.565,4063.079,4063.898,4099.925,4067.584,4100.347,4069.868,4100.571,4071.93,4100.764,4074.274,4073.134,4100.948,4075.952,4101.733,4078.722,4080.606,4103.123,4082.887,4084.728,4083.106,4083.157,4083.398,4116.94,4091.357,4104.784,4094.259,4105.394,4094.819,4117.822,4096.912,4095.164,4351.084,4099.474,4103.212,4101.065,4101.09,4101.25,4101.425,4102.822,4103.101,4103.117,4103.884,4103.889,4104.688,4104.679,4105.744,4106.299,4107.005,4118.635,4110.868,4119.137,4113.68,4133.02,4115.6,4232.723,4117.74,4118.938,4120.752,4134.987,4137.327,4237.254,4149.132,4134.478,4135.255,4237.502,4237.554,4251.294,4460.942,4568.022,4248.877,5430.763,4581.955,4583.077,4729.477,4738.865,5525.338,4833.98,4833.144,4832.389,4832.96,4832.683,4832.688,4832.684,4832.685,4832.686,4832.687,4832.69,4832.692,4832.694,4832.702,4832.699,4832.701,4832.703,4977.815,4907.908,4906.863,4906.957,4906.846,4907.023,4907.203,4907.072,4907.072,4907.074,4907.074,4907.661,4907.383,4907.803,4976.163,5039.276,4990.772,4995.594,4993.346,4993.464,4993.486,4993.425,4993.514,4993.472,4993.474,4993.474,4993.475,4993.804,4993.653,4993.858,4993.802,4993.781,4993.781,4993.781,4993.782,4994.035,4993.92,4998.319,4998.376,5766.852,5461.743,5421.073,5421.07,5421.071,5421.073,5442.558,5442.779,5442.85,5442.88,5444.06,5444.122,6095.281,5484.067,5910.543,5719.764,5700.666,5701.549,5701.114,5701.118,5701.116,5701.117,5701.118,5701.119,5701.124,5701.125,5701.125,5701.13,5701.129,5701.13,5701.133,5736.237,5718.696,5901.948,5821.825,5824.708,5820.468,5826.577,5825.565,5826.417,5826.427,5849.876,5849.884,6097.111,7123.992,6574.993,6110.058,6104.903,6595.842,6839.975,6840.046,6840.312,8067.386,6947.982,6948.933,6949.926,7113.797,7056.25,7063.903,7186.954,7120.415,7120.911,7120.667,7120.724,7124.578,7149.644,7143.209,7145.492,7148.09,7148.482,7150.06,7150.172,7160.122,10228.068,8674.819,10260.596,9477.422,9472.514,10989.674,10231.125]],[\"name\",[\"\\tNo expedited grace period (rcu_normal_after_boot).\",\"\\tRude variant of Tasks RCU enabled.\",\"\\tTracing variant of Tasks RCU enabled.\",\"\\tTrampoline variant of Tasks RCU enabled.\",\"  DMA      [mem 0x0000000080000000-0x00000000ffffffff]\",\"  DMA32    empty\",\"  Device   empty\",\"  Normal   [mem 0x0000000100000000-0x0000000f7fffffff]\",\"  node   0: [mem 0x0000000080000000-0x000000009087ffff]\",\"  node   0: [mem 0x0000000090880000-0x00000000908affff]\",\"  node   0: [mem 0x00000000908b0000-0x00000000908bffff]\",\"  node   0: [mem 0x00000000908c0000-0x00000000908effff]\",\"  node   0: [mem 0x00000000908f0000-0x0000000090bfffff]\",\"  node   0: [mem 0x0000000090c00000-0x0000000093afffff]\",\"  node   0: [mem 0x0000000093b00000-0x00000000956fffff]\",\"  node   0: [mem 0x0000000095700000-0x0000000095bfffff]\",\"  node   0: [mem 0x0000000095c00000-0x00000000979fffff]\",\"  node   0: [mem 0x0000000097a00000-0x0000000097afffff]\",\"  node   0: [mem 0x0000000097b00000-0x000000009b6fffff]\",\"  node   0: [mem 0x000000009b700000-0x000000009b7fffff]\",\"  node   0: [mem 0x000000009b800000-0x000000009d601fff]\",\"  node   0: [mem 0x000000009d602000-0x000000009d6fffff]\",\"  node   0: [mem 0x000000009d700000-0x00000000a02fffff]\",\"  node   0: [mem 0x00000000a0300000-0x00000000beafffff]\",\"  node   0: [mem 0x00000000beb00000-0x00000000bedfffff]\",\"  node   0: [mem 0x00000000c0000000-0x00000000d50fffff]\",\"  node   0: [mem 0x00000000d5100000-0x00000003ffffffff]\",\"  node   0: [mem 0x0000000900000000-0x00000009323fffff]\",\"  node   0: [mem 0x0000000940000000-0x0000000bffffffff]\",\"  node   0: [mem 0x0000000d00000000-0x0000000f7fffffff]\",\"Booting Linux on physical CPU 0x0000000000 [0x410fd4b2]\",\"Built 1 zonelists, mobility grouping on.  Total pages: 9229680\",\"CPU features: detected: GIC system register CPU interface\",\"CPU features: detected: Hardware dirty bit management\",\"CPU features: detected: Kernel page table isolation (KPTI)\",\"CPU features: detected: Spectre-BHB\",\"CPU features: detected: Spectre-v4\",\"CPU features: kernel page table isolation forced ON by KASLR\",\"Dentry cache hash table entries: 8388608 (order: 14, 67108864 bytes, linear)\",\"Detected PIPT I-cache on CPU0\",\"Early memory node ranges\",\"Fallback order for Node 0: 0 \",\"GICv3: 0 Extended SPIs implemented\",\"GICv3: 988 SPIs implemented\",\"GICv3: CPU0: found redistributor 0 region 0:0x0000000017a60000\",\"GICv3: GICv3 features: 16 PPIs\",\"Initmem setup node 0 [mem 0x0000000080000000-0x0000000f7fffffff]\",\"Inode-cache hash table entries: 4194304 (order: 13, 33554432 bytes, linear)\",\"Kernel command line: ro loglevel=4 efi=runtime libahci.ignore_sss=1 no_console_suspend=1 clk_ignore_unused pd_ignore_unused quiet acpi=off console=ttyMSM0,115200,n8 root=/dev/sde38 androidboot.bootdevice=1d84000.ufshc androidboot.fstab_suffix=default androidboot.serialno=c91cd446 androidboot.baseband=apq androidboot.slot_suffix=_a skip_initramfs rootwait ro init=/sbin/init silent_boot.mode=nonsilent\",\"Linux version 5.14.0-361.323.2988_985774546.el9iv.aarch64 (root@runner-tnuxrehg-project-18194050-concurrent-0) (gcc (GCC) 11.4.1 20230605 (Red Hat 11.4.1-2), GNU ld version 2.35.2-42.el9) #1 SMP PREEMPT_RT Tue Aug 29 20:58:40 UTC 2023\",\"Machine model: Qualcomm SA8775P Ride\",\"Memory: 35796864K/37505024K available (11968K kernel code, 5262K rwdata, 9372K rodata, 4992K init, 10872K bss, 1708160K reserved, 0K cma-reserved)\",\"Movable zone start for each node\",\"NR_IRQS: 64, nr_irqs: 64, preallocated irqs: 0\",\"NUMA: Faking a node at [mem 0x0000000080000000-0x0000000f7fffffff]\",\"NUMA: NODE_DATA [mem 0xf7b996e00-0xf7b99bfff]\",\"NUMA: No NUMA configuration found\",\"On node 0, zone DMA: 4608 pages in unavailable ranges\",\"On node 0, zone Normal: 23552 pages in unavailable ranges\",\"Policy zone: Normal\",\"Root IRQ handler: gic_handle_irq\",\"SLUB: HWalign=64, Order=0-3, MinObjects=0, CPUs=8, Nodes=1\",\"The list of certified hardware and cloud instances for Red Hat Enterprise Linux 9 can be viewed at the Red Hat Ecosystem Catalog, https://catalog.redhat.com.\",\"Zone ranges:\",\"alternatives: applying boot alternatives\",\"arch_timer: cp15 and mmio timer(s) running at 19.20MHz (virt/virt).\",\"clocksource: arch_sys_counter: mask: 0xffffffffffffff max_cycles: 0x46d987e47, max_idle_ns: 440795202767 ns\",\"efi: UEFI not found.\",\"ftrace: allocated 167 pages with 5 groups\",\"ftrace: allocating 42748 entries in 167 pages\",\"kfence: initialized - using 2097152 bytes for 255 objects at 0x(____ptrval____)-0x(____ptrval____)\",\"mem auto-init: stack:off, heap alloc:off, heap free:off\",\"pcpu-alloc: [0] 0 [0] 1 [0] 2 [0] 3 [0] 4 [0] 5 [0] 6 [0] 7 \",\"pcpu-alloc: s93632 r8192 d29248 u131072 alloc=32*4096\",\"percpu: Embedded 32 pages/cpu s93632 r8192 d29248 u131072\",\"psci: MIGRATE_INFO_TYPE not supported.\",\"psci: OSI mode supported.\",\"psci: PSCIv1.1 detected in firmware.\",\"psci: SMC Calling Convention v1.3\",\"psci: Using standard PSCI v0.2 function IDs\",\"psci: probing for conduit method from DT.\",\"random: crng init done\",\"random: get_random_u64 called from kmem_cache_open+0x2c/0x324 with crng_init=0\",\"rcu: \\tRCU priority boosting: priority 1 delay 500 ms.\",\"rcu: \\tRCU restricting CPUs from NR_CPUS=4096 to nr_cpu_ids=8.\",\"rcu: \\tRCU_SOFTIRQ processing moved to rcuc kthreads.\",\"rcu: Adjusting geometry for rcu_fanout_leaf=16, nr_cpu_ids=8\",\"rcu: Preemptible hierarchical RCU implementation.\",\"rcu: RCU calculated value of scheduler-enlistment delay is 10 jiffies.\",\"rcu: srcu_init: Setting srcu_struct sizes based on contention.\",\"sched_clock: 56 bits at 19MHz, resolution 52ns, wraps every 4398046511078ns\",\"software IO TLB: area num 8.\",\"software IO TLB: mapped [mem 0x00000000fbfff000-0x00000000fffff000] (64MB)\",\"trace event string verifier disabled\",\"Timer rate: 19200000 Hz\",\"arm-pv: using stolen time PV\",\"mark: primary_entry(): 82869169\",\"mark: start_kernel(): 82901576 (32407)\",\"mark: local_irq_disabled(): 82901870 (294)\",\"mark: boot_cpu_init(): 82901893 (23)\",\"mark: page_address_init(): 82901894 (1)\",\"mark: early_security_init(): 82902000 (106)\",\"mark: setup_arch(): 93836785 (10934785)\",\"mark: boot_cpu_hotplug_init(): 93841386 (4601)\",\"mark: page_alloc(): 93841733 (347)\",\"mark: trap_init(): 93919268 (77535)\",\"mark: mm_init(): 95620730 (1701462)\",\"mark: sched_init(): 96451403 (830673)\",\"mark: trace_init(): 96551399 (99996)\",\"mark: tick_init(): 96650790 (99391)\",\"mark: time_init(): 96662281 (11491)\",\"Console: colour dummy device 80x25\",\"Calibrating delay loop (skipped), value calculated using timer frequency.. 38.40 BogoMIPS (lpj=192000)\",\"pid_max: default: 32768 minimum: 301\",\"LSM: initializing lsm=lockdown,capability,yama,integrity,selinux,bpf\",\"Yama: becoming mindful.\",\"SELinux:  Initializing.\",\"LSM support for eBPF active\",\"Mount-cache hash table entries: 131072 (order: 8, 1048576 bytes, linear)\",\"Mountpoint-cache hash table entries: 131072 (order: 8, 1048576 bytes, linear)\",\"cblist_init_generic: Setting adjustable number of callback queues.\",\"cblist_init_generic: Setting shift to 3 and lim to 1.\",\"cblist_init_generic: Setting shift to 3 and lim to 1.\",\"cblist_init_generic: Setting shift to 3 and lim to 1.\",\"rcu: Hierarchical SRCU implementation.\",\"rcu: \\tMax phase no-delay instances is 1000.\",\"EFI services will not be available.\",\"smp: Bringing up secondary CPUs ...\",\"Detected PIPT I-cache on CPU1\",\"GICv3: CPU1: found redistributor 100 region 0:0x0000000017a80000\",\"CPU1: Booted secondary processor 0x0000000100 [0x410fd4b2]\",\"Detected PIPT I-cache on CPU2\",\"GICv3: CPU2: found redistributor 200 region 0:0x0000000017aa0000\",\"CPU2: Booted secondary processor 0x0000000200 [0x410fd4b2]\",\"Detected PIPT I-cache on CPU3\",\"GICv3: CPU3: found redistributor 300 region 0:0x0000000017ac0000\",\"CPU3: Booted secondary processor 0x0000000300 [0x410fd4b2]\",\"Detected PIPT I-cache on CPU4\",\"GICv3: CPU4: found redistributor 10000 region 0:0x0000000017ae0000\",\"CPU4: Booted secondary processor 0x0000010000 [0x410fd4b2]\",\"Detected PIPT I-cache on CPU5\",\"GICv3: CPU5: found redistributor 10100 region 0:0x0000000017b00000\",\"CPU5: Booted secondary processor 0x0000010100 [0x410fd4b2]\",\"Detected PIPT I-cache on CPU6\",\"GICv3: CPU6: found redistributor 10200 region 0:0x0000000017b20000\",\"CPU6: Booted secondary processor 0x0000010200 [0x410fd4b2]\",\"Detected PIPT I-cache on CPU7\",\"GICv3: CPU7: found redistributor 10300 region 0:0x0000000017b40000\",\"CPU7: Booted secondary processor 0x0000010300 [0x410fd4b2]\",\"smp: Brought up 1 node, 8 CPUs\",\"SMP: Total of 8 processors activated.\",\"CPU features: detected: 32-bit EL0 Support\",\"CPU features: detected: Data cache clean to the PoU not required for I/D coherence\",\"CPU features: detected: Common not Private translations\",\"CPU features: detected: CRC32 instructions\",\"CPU features: detected: Data cache clean to Point of Persistence\",\"CPU features: detected: LSE atomic instructions\",\"CPU features: detected: RCpc load-acquire (LDAPR)\",\"CPU features: detected: Privileged Access Never\",\"CPU features: detected: RAS Extension Support\",\"CPU features: detected: Speculative Store Bypassing Safe (SSBS)\",\"CPU: All CPU(s) started at EL1\",\"alternatives: applying system-wide alternatives\",\"devtmpfs: initialized\",\"clocksource: jiffies: mask: 0xffffffff max_cycles: 0xffffffff, max_idle_ns: 19112604462750000 ns\",\"futex hash table entries: 2048 (order: 5, 131072 bytes, linear)\",\"pinctrl core: initialized pinctrl subsystem\",\"DMI not present or invalid.\",\"NET: Registered PF_NETLINK/PF_ROUTE protocol family\",\"DMA: preallocated 8192 KiB GFP_KERNEL pool for atomic allocations\",\"DMA: preallocated 8192 KiB GFP_KERNEL|GFP_DMA pool for atomic allocations\",\"DMA: preallocated 8192 KiB GFP_KERNEL|GFP_DMA32 pool for atomic allocations\",\"audit: initializing netlink subsys (disabled)\",\"audit: type=2000 audit(0.050:1): state=initialized audit_enabled=0 res=1\",\"thermal_sys: Registered thermal governor 'fair_share'\",\"thermal_sys: Registered thermal governor 'step_wise'\",\"thermal_sys: Registered thermal governor 'user_space'\",\"cpuidle: using governor menu\",\"hw-breakpoint: found 6 breakpoint and 4 watchpoint registers.\",\"ASID allocator initialised with 32768 entries\",\"Serial: AMBA PL011 UART driver\",\"platform 1d84000.ufs: Fixed dependency cycle(s) with /soc@0/phy@1d87000\",\"KASLR enabled\",\"HugeTLB: registered 1.00 GiB page size, pre-allocated 0 pages\",\"HugeTLB: 0 KiB vmemmap can be freed for a 1.00 GiB page\",\"HugeTLB: registered 32.0 MiB page size, pre-allocated 0 pages\",\"HugeTLB: 0 KiB vmemmap can be freed for a 32.0 MiB page\",\"HugeTLB: 0 KiB vmemmap can be freed for a 2.00 MiB page\",\"HugeTLB: registered 2.00 MiB page size, pre-allocated 0 pages\",\"HugeTLB: registered 64.0 KiB page size, pre-allocated 0 pages\",\"HugeTLB: 0 KiB vmemmap can be freed for a 64.0 KiB page\",\"cryptd: max_cpu_qlen set to 1000\",\"ACPI: Interpreter disabled.\",\"iommu: Default domain type: Translated \",\"iommu: DMA domain TLB invalidation policy: lazy mode \",\"SCSI subsystem initialized\",\"libata version 3.00 loaded.\",\"usbcore: registered new interface driver usbfs\",\"usbcore: registered new interface driver hub\",\"usbcore: registered new device driver usb\",\"EDAC MC: Ver: 3.0.0\",\"psci: failed to set PC mode: -3\",\"qcom_scm: convention: smc arm 64\",\"NetLabel: Initializing\",\"NetLabel:  domain hash size = 128\",\"NetLabel:  protocols = UNLABELED CIPSOv4 CALIPSO\",\"NetLabel:  unlabeled traffic allowed by default\",\"vgaarb: loaded\",\"clocksource: Switched to clocksource arch_sys_counter\",\"VFS: Disk quotas dquot_6.6.0\",\"VFS: Dquot-cache hash table entries: 512 (order 0, 4096 bytes)\",\"pnp: PnP ACPI: disabled\",\"NET: Registered PF_INET protocol family\",\"IP idents hash table entries: 262144 (order: 9, 2097152 bytes, linear)\",\"tcp_listen_portaddr_hash hash table entries: 32768 (order: 8, 1310720 bytes, linear)\",\"Table-perturb hash table entries: 65536 (order: 6, 262144 bytes, linear)\",\"TCP established hash table entries: 524288 (order: 10, 4194304 bytes, linear)\",\"TCP bind hash table entries: 65536 (order: 9, 2621440 bytes, linear)\",\"TCP: Hash tables configured (established 524288 bind 65536)\",\"UDP hash table entries: 32768 (order: 9, 3145728 bytes, linear)\",\"UDP-Lite hash table entries: 32768 (order: 9, 3145728 bytes, linear)\",\"NET: Registered PF_UNIX/PF_LOCAL protocol family\",\"NET: Registered PF_XDP protocol family\",\"PCI: CLS 0 bytes, default 64\",\"Unpacking initramfs...\",\"kvm [1]: HYP mode not available\",\"Initialise system trusted keyrings\",\"Key type blacklist registered\",\"workingset: timestamp_bits=40 max_order=24 bucket_order=0\",\"zbud: loaded\",\"integrity: Platform Keyring initialized\",\"integrity: Machine keyring initialized\",\"NET: Registered PF_ALG protocol family\",\"xor: measuring software checksum speed\",\"   8regs           : 12790 MB/sec\",\"   32regs          : 12722 MB/sec\",\"xor: using function: arm64_neon (17236 MB/sec)\",\"   arm64_neon      : 17236 MB/sec\",\"Key type asymmetric registered\",\"Asymmetric key parser 'x509' registered\",\"Block layer SCSI generic (bsg) driver version 0.4 loaded (major 247)\",\"io scheduler mq-deadline registered\",\"io scheduler kyber registered\",\"io scheduler bfq registered\",\"atomic64_test: passed\",\"Serial: 8250/16550 driver, 4 ports, IRQ sharing enabled\",\"arm-smmu 15000000.iommu: probing hardware configuration...\",\"arm-smmu 15000000.iommu: SMMUv2 with:\",\"arm-smmu 15000000.iommu: \\tstage 1 translation\",\"arm-smmu 15000000.iommu: \\tnon-coherent table walk\",\"arm-smmu 15000000.iommu: \\t(IDR0.CTTW overridden by FW configuration)\",\"arm-smmu 15000000.iommu: \\tstream matching with 172 register groups\",\"arm-smmu 15000000.iommu: \\t112 context banks (0 stage-2 only)\",\"arm-smmu 15000000.iommu: \\tSupported page sizes: 0x61311000\",\"arm-smmu 15000000.iommu: \\tStage-1: 36-bit VA -> 36-bit IPA\",\"arm-smmu 15000000.iommu: \\tpreserved 0 boot mappings\",\"libphy: Fixed MDIO Bus: probed\",\"usbcore: registered new interface driver usbserial_generic\",\"usbserial: USB Serial support registered for generic\",\"SMCCC: SOC_ID: ARCH_SOC_ID not implemented, skipping ....\",\"hid: raw HID events driver (C) Jiri Kosina\",\"usbcore: registered new interface driver usbhid\",\"usbhid: USB HID core driver\",\"drop_monitor: Initializing network drop monitor service\",\"Initializing XFRM netlink socket\",\"NET: Registered PF_PACKET protocol family\",\"mpls_gso: MPLS GSO support\",\"registered taskstats version 1\",\"Loading compiled-in X.509 certificates\",\"Loaded X.509 cert 'The CentOS Project: CentOS Stream kernel signing key: b76b80df9e7d03269584265480763211880ab1a9'\",\"Loaded X.509 cert 'Red Hat Enterprise Linux Driver Update Program (key 3): bf57f3e87362bc7229d9f465321773dfd1f77a80'\",\"Loaded X.509 cert 'Red Hat Enterprise Linux kpatch signing key: 4d38fd864ebe18c5f0b72e3852e2014c3a676fc8'\",\"Loaded X.509 cert 'RH-IMA-CA: Red Hat IMA CA: fb31825dd0e073685b264e3038963673f753959a'\",\"zswap: loaded using pool lzo/zbud\",\"page_owner is disabled\",\"Key type .fscrypt registered\",\"Key type fscrypt-provisioning registered\",\"Key type big_key registered\",\"Key type encrypted registered\",\"ima: No TPM chip found, activating TPM-bypass!\",\"Loading compiled-in module X.509 certificates\",\"Freeing initrd memory: 18888K\",\"Loaded X.509 cert 'The CentOS Project: CentOS Stream kernel signing key: b76b80df9e7d03269584265480763211880ab1a9'\",\"ima: Allocated hash algorithm: sha256\",\"ima: No architecture policies found\",\"evm: Initialising EVM extended attributes:\",\"evm: security.selinux\",\"evm: security.SMACK64 (disabled)\",\"evm: security.SMACK64EXEC (disabled)\",\"evm: security.SMACK64TRANSMUTE (disabled)\",\"evm: security.SMACK64MMAP (disabled)\",\"evm: security.ima\",\"evm: security.apparmor (disabled)\",\"evm: security.capability\",\"evm: HMAC attrs: 0x1\",\"PM: genpd: Not disabling unused power domains\",\"clk: Not disabling unused clocks\",\"Warning: unable to open an initial console.\",\"Freeing unused kernel memory: 4992K\",\"Checked W+X mappings: passed, no W+X pages found\",\"Run /init as init process\",\"  with arguments:\",\"    /init\",\"  with environment:\",\"    HOME=/\",\"    TERM=linux\",\"systemd[1]: System time before build time, advancing clock.\",\"systemd[1]: systemd 252-18.el9 running in system mode (+PAM +AUDIT +SELINUX -APPARMOR +IMA +SMACK +SECCOMP +GCRYPT +GNUTLS +OPENSSL +ACL +BLKID +CURL +ELFUTILS -FIDO2 +IDN2 -IDN -IPTC +KMOD +LIBCRYPTSETUP +LIBFDISK +PCRE2 -PWQUALITY +P11KIT -QRENCODE +TPM2 +BZIP2 +LZ4 +XZ +ZLIB +ZSTD -BPF_FRAMEWORK +XKBCOMMON +UTMP +SYSVINIT default-hierarchy=unified)\",\"systemd[1]: Detected architecture arm64.\",\"systemd[1]: Running in initrd.\",\"systemd[1]: No hostname configured, using default hostname.\",\"systemd[1]: Hostname set to <localhost>.\",\"systemd[1]: Initializing machine ID from random generator.\",\"-.slice\",\"system.slice\",\"init.scope\",\"systemd[1]: Queued start job for default target Initrd Default Target.\",\"initrd-usr-fs.target\",\"systemd[1]: Started Dispatch Password Requests to Console Directory Watch.\",\"systemd[1]: Reached target Initrd /usr File System.\",\"systemd[1]: Reached target Local File Systems.\",\"systemd[1]: Reached target Path Units.\",\"systemd[1]: Reached target Slice Units.\",\"systemd-journald-dev-log.socket\",\"systemd[1]: Reached target Swaps.\",\"systemd[1]: Reached target Timer Units.\",\"systemd-journald.socket\",\"systemd[1]: Listening on Journal Socket (/dev/log).\",\"systemd[1]: Listening on Journal Socket.\",\"systemd[1]: Listening on udev Control Socket.\",\"systemd[1]: Listening on udev Kernel Socket.\",\"systemd[1]: Reached target Socket Units.\",\"early-service.service\",\"systemd[1]: Started early service example.\",\"systemd[1]: Starting Create List of Static Device Nodes...\",\"systemd[1]: Starting Journal Service...\",\"systemd[1]: Starting Load Kernel Modules...\",\"systemd-vconsole-setup.service\",\"systemd[1]: Starting Setup Virtual Console...\",\"systemd[1]: Finished Create List of Static Device Nodes.\",\"systemd[1]: Starting Create Static Device Nodes in /dev...\",\"systemd[1]: Finished Setup Virtual Console.\",\"systemd[1]: dracut ask for additional cmdline parameters was skipped because no trigger condition checks were met.\",\"dracut-cmdline.service\",\"systemd[1]: Starting dracut cmdline hook...\",\"fuse: init (API version 7.36)\",\"systemd[1]: Finished Load Kernel Modules.\",\"systemd[1]: Starting Apply Kernel Variables...\",\"systemd[1]: Started Journal Service.\",\"sys-module-fuse.device\",\"sys-module-configfs.device\",\"sys-devices-platform-serial8250-tty-ttyS0.device\",\"dev-ttyS0.device\",\"dev-ttyS2.device\",\"sys-devices-platform-serial8250-tty-ttyS2.device\",\"dev-ttyS1.device\",\"sys-devices-platform-serial8250-tty-ttyS1.device\",\"dev-ttyS3.device\",\"sys-devices-platform-serial8250-tty-ttyS3.device\",\"remote-fs-pre.target\",\"dracut-pre-mount.service\",\"gpio gpiochip0: (f000000.pinctrl): not an immutable chip, please consider fixing it!\",\"vreg_s4a: Setting 1800000-1816000uV\",\"vreg_s4e: Setting 970000-1520000uV\",\"vreg_l1c: Setting 1140000-1260000uV\",\"vreg_s5a: Setting 1850000-1996000uV\",\"vreg_l2c: Setting 900000-1100000uV\",\"vreg_s7e: Setting 1010000-1170000uV\",\"vreg_s9a: Setting 535000-1120000uV\",\"vreg_s9e: Setting 300000-570000uV\",\"vreg_l4a: Setting 788000-1050000uV\",\"vreg_l3c: Setting 1100000-1300000uV\",\"vreg_l6e: Setting 1280000-1450000uV\",\"vreg_l4c: Setting 1100000-1300000uV\",\"vreg_l5a: Setting 870000-950000uV\",\"vreg_l8e: Setting 1800000-1950000uV\",\"vreg_l5c: Setting 1100000-1300000uV\",\"vreg_l6c: Setting 1620000-1980000uV\",\"vreg_l6a: Setting 870000-970000uV\",\"vreg_l7a: Setting 720000-950000uV\",\"vreg_l7c: Setting 1620000-2000000uV\",\"vreg_l8a: Setting 2504000-3300000uV\",\"vreg_l8c: Setting 2400000-3300000uV\",\"vreg_l9a: Setting 2970000-3544000uV\",\"vreg_l9c: Setting 1650000-2700000uV\",\"ufshcd-qcom 1d84000.ufs: Adding to iommu group 0\",\"ufshcd-qcom 1d84000.ufs: ufshcd_populate_vreg: Unable to find vdd-hba-supply regulator, assuming enabled\",\"ufshcd-qcom 1d84000.ufs: ufshcd_populate_vreg: Unable to find vccq2-supply regulator, assuming enabled\",\"geni_se_qup 8c0000.geniqup: Adding to iommu group 1\",\"geni_se_qup ac0000.geniqup: Adding to iommu group 2\",\"88c000.serial: ttyHS2 at MMIO 0x88c000 (irq = 152, base_baud = 0) is a MSM\",\"a8c000.serial: ttyMSM0 at MMIO 0xa8c000 (irq = 154, base_baud = 0) is a MSM\",\"printk: console [ttyMSM0] printing thread started\",\"printk: console [ttyMSM0] enabled\",\"a94000.serial: ttyHS1 at MMIO 0xa94000 (irq = 156, base_baud = 0) is a MSM\",\"sys-devices-platform-soc\\\\x400-8c0000.geniqup-88c000.serial-tty-ttyHS2.device\",\"dev-ttyHS2.device\",\"dev-ttyMSM0.device\",\"sys-devices-platform-soc\\\\x400-ac0000.geniqup-a8c000.serial-tty-ttyMSM0.device\",\"sys-devices-platform-soc\\\\x400-ac0000.geniqup-a94000.serial-tty-ttyHS1.device\",\"dev-ttyHS1.device\",\"ufshcd-qcom 1d84000.ufs: ufshcd_populate_vreg: Unable to find vdd-hba-supply regulator, assuming enabled\",\"ufshcd-qcom 1d84000.ufs: ufshcd_populate_vreg: Unable to find vccq2-supply regulator, assuming enabled\",\"scsi host0: ufshcd\",\"arm-smmu 3da0000.iommu: probing hardware configuration...\",\"arm-smmu 3da0000.iommu: SMMUv2 with:\",\"arm-smmu 3da0000.iommu: \\tstage 1 translation\",\"arm-smmu 3da0000.iommu: \\tcoherent table walk\",\"arm-smmu 3da0000.iommu: \\tstream matching with 9 register groups\",\"arm-smmu 3da0000.iommu: \\t7 context banks (0 stage-2 only)\",\"arm-smmu 3da0000.iommu: \\tSupported page sizes: 0x61311000\",\"arm-smmu 3da0000.iommu: \\tStage-1: 48-bit VA -> 36-bit IPA\",\"arm-smmu 3da0000.iommu: \\tpreserved 0 boot mappings\",\"scsi 0:0:0:49488: Well-known LUN    KIOXIA   THGJFGT0T25BAZZA 0100 PQ: 0 ANSI: 6\",\"scsi 0:0:0:49476: Well-known LUN    KIOXIA   THGJFGT0T25BAZZA 0100 PQ: 0 ANSI: 6\",\"scsi 0:0:0:49456: Well-known LUN    KIOXIA   THGJFGT0T25BAZZA 0100 PQ: 0 ANSI: 6\",\"scsi 0:0:0:0: Direct-Access     KIOXIA   THGJFGT0T25BAZZA 0100 PQ: 0 ANSI: 6\",\"scsi 0:0:0:1: Direct-Access     KIOXIA   THGJFGT0T25BAZZA 0100 PQ: 0 ANSI: 6\",\"scsi 0:0:0:2: Direct-Access     KIOXIA   THGJFGT0T25BAZZA 0100 PQ: 0 ANSI: 6\",\"scsi 0:0:0:3: Direct-Access     KIOXIA   THGJFGT0T25BAZZA 0100 PQ: 0 ANSI: 6\",\"scsi 0:0:0:4: Direct-Access     KIOXIA   THGJFGT0T25BAZZA 0100 PQ: 0 ANSI: 6\",\"scsi 0:0:0:5: Direct-Access     KIOXIA   THGJFGT0T25BAZZA 0100 PQ: 0 ANSI: 6\",\"scsi 0:0:0:6: Direct-Access     KIOXIA   THGJFGT0T25BAZZA 0100 PQ: 0 ANSI: 6\",\"scsi 0:0:0:7: Direct-Access     KIOXIA   THGJFGT0T25BAZZA 0100 PQ: 0 ANSI: 6\",\"sd 0:0:0:0: [sda] 6750208 4096-byte logical blocks: (27.6 GB/25.8 GiB)\",\"sd 0:0:0:0: [sda] Write Protect is off\",\"sd 0:0:0:0: [sda] Mode Sense: 00 32 00 10\",\"sd 0:0:0:0: [sda] Write cache: enabled, read cache: enabled, supports DPO and FUA\",\"sd 0:0:0:0: [sda] Preferred minimum I/O size 4096 bytes\",\"sd 0:0:0:0: [sda] Optimal transfer size 524288 bytes\",\"sd 0:0:0:1: [sdb] 5120 4096-byte logical blocks: (21.0 MB/20.0 MiB)\",\"sd 0:0:0:1: [sdb] Write Protect is off\",\"sd 0:0:0:1: [sdb] Mode Sense: 00 32 00 10\",\"sd 0:0:0:1: [sdb] Write cache: disabled, read cache: enabled, supports DPO and FUA\",\"sd 0:0:0:1: [sdb] Preferred minimum I/O size 4096 bytes\",\"sd 0:0:0:1: [sdb] Optimal transfer size 524288 bytes\",\"sd 0:0:0:2: [sdc] 5120 4096-byte logical blocks: (21.0 MB/20.0 MiB)\",\"sd 0:0:0:2: [sdc] Write Protect is off\",\"sd 0:0:0:2: [sdc] Mode Sense: 00 32 00 10\",\"sd 0:0:0:2: [sdc] Write cache: disabled, read cache: enabled, supports DPO and FUA\",\"sd 0:0:0:2: [sdc] Preferred minimum I/O size 4096 bytes\",\"sd 0:0:0:2: [sdc] Optimal transfer size 524288 bytes\",\" sda: sda1 sda2 sda3 sda4 sda5 sda6 sda7 sda8 sda9 sda10 sda11 sda12 sda13 sda14\",\" sdb: sdb1 sdb2 sdb3\",\"sd 0:0:0:3: [sdd] 8192 4096-byte logical blocks: (33.6 MB/32.0 MiB)\",\"sd 0:0:0:3: [sdd] Write Protect is off\",\"sd 0:0:0:3: [sdd] Mode Sense: 00 32 00 10\",\"sd 0:0:0:3: [sdd] Write cache: enabled, read cache: enabled, supports DPO and FUA\",\"sd 0:0:0:3: [sdd] Preferred minimum I/O size 4096 bytes\",\"sd 0:0:0:3: [sdd] Optimal transfer size 524288 bytes\",\"sd 0:0:0:1: [sdb] Attached SCSI disk\",\"sd 0:0:0:4: [sde] 8750080 4096-byte logical blocks: (35.8 GB/33.4 GiB)\",\"sd 0:0:0:4: [sde] Write Protect is off\",\"sd 0:0:0:4: [sde] Mode Sense: 00 32 00 10\",\"sd 0:0:0:4: [sde] Write cache: enabled, read cache: enabled, supports DPO and FUA\",\"sd 0:0:0:4: [sde] Preferred minimum I/O size 4096 bytes\",\"sd 0:0:0:4: [sde] Optimal transfer size 524288 bytes\",\" sdc: sdc1 sdc2 sdc3\",\"sd 0:0:0:5: [sdf] 5242880 4096-byte logical blocks: (21.5 GB/20.0 GiB)\",\"sd 0:0:0:5: [sdf] Write Protect is off\",\"sd 0:0:0:5: [sdf] Mode Sense: 00 32 00 10\",\"sd 0:0:0:5: [sdf] Write cache: enabled, read cache: enabled, supports DPO and FUA\",\"sd 0:0:0:5: [sdf] Preferred minimum I/O size 4096 bytes\",\"sd 0:0:0:5: [sdf] Optimal transfer size 524288 bytes\",\" sdd: sdd1 sdd2 sdd3\",\"sd 0:0:0:2: [sdc] Attached SCSI disk\",\" sde: sde1 sde2 sde3 sde4 sde5 sde6 sde7 sde8 sde9 sde10 sde11 sde12 sde13 sde14 sde15 sde16 sde17 sde18 sde19 sde20 sde21 sde22 sde23 sde24 sde25 sde26 sde27 sde28 sde29 sde30 sde31 sde32 sde33 sde34 sde35 sde36 sde37 sde38 sde39 sde40 sde41 sde42 sde43 sde44 sde45\",\"sd 0:0:0:6: [sdg] 100352 4096-byte logical blocks: (411 MB/392 MiB)\",\"sd 0:0:0:6: [sdg] Write Protect is off\",\"sd 0:0:0:6: [sdg] Mode Sense: 00 32 00 10\",\"sd 0:0:0:6: [sdg] Write cache: enabled, read cache: enabled, supports DPO and FUA\",\"sd 0:0:0:6: [sdg] Preferred minimum I/O size 4096 bytes\",\"sd 0:0:0:6: [sdg] Optimal transfer size 524288 bytes\",\"dev-sdb.device\",\"dev-disk-by\\\\x2ddiskseq-2.device\",\"dev-disk-by\\\\x2did-scsi\\\\x2d28ce38e0000000000.device\",\"dev-disk-by\\\\x2dpath-platform\\\\x2d1d84000.ufs\\\\x2dscsi\\\\x2d0:0:0:1.device\",\"sys-devices-platform-soc\\\\x400-1d84000.ufs-host0-target0:0:0-0:0:0:1-block-sdb.device\",\"sd 0:0:0:3: [sdd] Attached SCSI disk\",\"dev-disk-by\\\\x2dpartlabel-xbl_a.device\",\"dev-disk-by\\\\x2dpath-platform\\\\x2d1d84000.ufs\\\\x2dscsi\\\\x2d0:0:0:1\\\\x2dpart1.device\",\"sys-devices-platform-soc\\\\x400-1d84000.ufs-host0-target0:0:0-0:0:0:1-block-sdb-sdb1.device\",\"dev-sdb1.device\",\"dev-disk-by\\\\x2dpartuuid-dc05dcce\\\\x2d875d\\\\x2d5a73\\\\x2dbc9f\\\\x2d6ceadef6a2cb.device\",\" sdf: sdf1 sdf2 sdf3 sdf4 sdf5 sdf6 sdf7 sdf8 sdf9 sdf10 sdf11 sdf12 sdf13 sdf14 sdf15 sdf16 sdf17 sdf18 sdf19 sdf20 sdf21 sdf22 sdf23\",\"dev-disk-by\\\\x2dpartlabel-xbl_config_a.device\",\"sys-devices-platform-soc\\\\x400-1d84000.ufs-host0-target0:0:0-0:0:0:1-block-sdb-sdb3.device\",\"dev-sdb3.device\",\"dev-disk-by\\\\x2dpartuuid-7d85e828\\\\x2d5f65\\\\x2d7997\\\\x2df039\\\\x2d04e49dba32d8.device\",\"dev-disk-by\\\\x2did-scsi\\\\x2d28ce38e0000000000\\\\x2dpart3.device\",\"dev-disk-by\\\\x2dpath-platform\\\\x2d1d84000.ufs\\\\x2dscsi\\\\x2d0:0:0:1\\\\x2dpart3.device\",\"sd 0:0:0:7: [sdh] 10363904 4096-byte logical blocks: (42.5 GB/39.5 GiB)\",\"sd 0:0:0:7: [sdh] Write Protect is off\",\"sd 0:0:0:7: [sdh] Mode Sense: 00 32 00 10\",\"sd 0:0:0:7: [sdh] Write cache: enabled, read cache: enabled, supports DPO and FUA\",\"sd 0:0:0:7: [sdh] Preferred minimum I/O size 4096 bytes\",\"sd 0:0:0:7: [sdh] Optimal transfer size 524288 bytes\",\"sys-devices-platform-soc\\\\x400-1d84000.ufs-host0-target0:0:0-0:0:0:1-block-sdb-sdb2.device\",\"dev-sdb2.device\",\"dev-disk-by\\\\x2dpartuuid-8405b630\\\\x2d203c\\\\x2db93f\\\\x2d654f\\\\x2dd2e05b6c69ea.device\",\"dev-disk-by\\\\x2dpath-platform\\\\x2d1d84000.ufs\\\\x2dscsi\\\\x2d0:0:0:1\\\\x2dpart2.device\",\"dev-disk-by\\\\x2dpartlabel-xbl_bkup_a.device\",\"dev-disk-by\\\\x2ddiskseq-3.device\",\"dev-sdc.device\",\"sys-devices-platform-soc\\\\x400-1d84000.ufs-host0-target0:0:0-0:0:0:2-block-sdc.device\",\"dev-disk-by\\\\x2dpath-platform\\\\x2d1d84000.ufs\\\\x2dscsi\\\\x2d0:0:0:2.device\",\"sys-devices-platform-soc\\\\x400-1d84000.ufs-host0-target0:0:0-0:0:0:2-block-sdc-sdc1.device\",\"dev-sdc1.device\",\"dev-disk-by\\\\x2dpath-platform\\\\x2d1d84000.ufs\\\\x2dscsi\\\\x2d0:0:0:2\\\\x2dpart1.device\",\"dev-disk-by\\\\x2dpartuuid-a714cdd6\\\\x2dd7be\\\\x2daae2\\\\x2da7b0\\\\x2d1942648e8cfc.device\",\"dev-disk-by\\\\x2dpartlabel-xbl_b.device\",\"sd 0:0:0:0: [sda] Attached SCSI disk\",\" sdg: sdg1 sdg2 sdg3 sdg4 sdg5 sdg6 sdg7 sdg8 sdg9\",\"dev-disk-by\\\\x2dpath-platform\\\\x2d1d84000.ufs\\\\x2dscsi\\\\x2d0:0:0:2\\\\x2dpart3.device\",\"dev-disk-by\\\\x2dpartuuid-4a025245\\\\x2d313c\\\\x2d2586\\\\x2d2b6e\\\\x2df07b41ce5678.device\",\"dev-disk-by\\\\x2dpartlabel-xbl_config_b.device\",\"dev-sdc3.device\",\"sys-devices-platform-soc\\\\x400-1d84000.ufs-host0-target0:0:0-0:0:0:2-block-sdc-sdc3.device\",\"sys-devices-platform-soc\\\\x400-1d84000.ufs-host0-target0:0:0-0:0:0:3-block-sdd.device\",\"dev-sdd.device\",\"dev-disk-by\\\\x2dpath-platform\\\\x2d1d84000.ufs\\\\x2dscsi\\\\x2d0:0:0:3.device\",\"dev-disk-by\\\\x2ddiskseq-4.device\",\" sdh: sdh1 sdh2 sdh3 sdh4 sdh5 sdh6\",\"dev-disk-by\\\\x2dpartuuid-90492dba\\\\x2db47c\\\\x2d6342\\\\x2d492a\\\\x2dc62cde9b1f43.device\",\"dev-disk-by\\\\x2dpartlabel-xbl_bkup_b.device\",\"dev-disk-by\\\\x2dpath-platform\\\\x2d1d84000.ufs\\\\x2dscsi\\\\x2d0:0:0:2\\\\x2dpart2.device\",\"dev-sdc2.device\",\"sys-devices-platform-soc\\\\x400-1d84000.ufs-host0-target0:0:0-0:0:0:2-block-sdc-sdc2.device\",\"sd 0:0:0:6: [sdg] Attached SCSI disk\",\"sd 0:0:0:7: [sdh] Attached SCSI disk\",\"dev-sdd2.device\",\"dev-disk-by\\\\x2dpath-platform\\\\x2d1d84000.ufs\\\\x2dscsi\\\\x2d0:0:0:3\\\\x2dpart2.device\",\"sys-devices-platform-soc\\\\x400-1d84000.ufs-host0-target0:0:0-0:0:0:3-block-sdd-sdd2.device\",\"dev-disk-by\\\\x2dpartlabel-cdt.device\",\"dev-disk-by\\\\x2dpartuuid-7cb8fc4a\\\\x2d107f\\\\x2d262e\\\\x2dd235\\\\x2dd43c753977fe.device\",\"dev-disk-by\\\\x2dpartuuid-c0318a08\\\\x2dcb6a\\\\x2d7af0\\\\x2d1f55\\\\x2d1132829201b0.device\",\"dev-sdd1.device\",\"sys-devices-platform-soc\\\\x400-1d84000.ufs-host0-target0:0:0-0:0:0:3-block-sdd-sdd1.device\",\"dev-disk-by\\\\x2dpath-platform\\\\x2d1d84000.ufs\\\\x2dscsi\\\\x2d0:0:0:3\\\\x2dpart1.device\",\"dev-disk-by\\\\x2dpartlabel-ALIGN_TO_128K_1.device\",\"dev-disk-by\\\\x2dpartuuid-c0df1ced\\\\x2df326\\\\x2d4095\\\\x2dc631\\\\x2d9dfff55f6d86.device\",\"dev-sdd3.device\",\"dev-disk-by\\\\x2dpartlabel-ddr.device\",\"dev-disk-by\\\\x2dpath-platform\\\\x2d1d84000.ufs\\\\x2dscsi\\\\x2d0:0:0:3\\\\x2dpart3.device\",\"sys-devices-platform-soc\\\\x400-1d84000.ufs-host0-target0:0:0-0:0:0:3-block-sdd-sdd3.device\",\"sd 0:0:0:5: [sdf] Attached SCSI disk\",\"dev-disk-by\\\\x2ddiskseq-1.device\",\"sys-devices-platform-soc\\\\x400-1d84000.ufs-host0-target0:0:0-0:0:0:0-block-sda.device\",\"dev-disk-by\\\\x2dpath-platform\\\\x2d1d84000.ufs\\\\x2dscsi\\\\x2d0:0:0:0.device\",\"dev-sda.device\",\"sd 0:0:0:4: [sde] Attached SCSI disk\",\"dev-disk-by\\\\x2did-scsi\\\\x2d28ce38e0000000000\\\\x2dpart5.device\",\"dev-disk-by\\\\x2dpartuuid-8a8bedd1\\\\x2df868\\\\x2db09f\\\\x2dee6d\\\\x2d28581e4c6118.device\",\"dev-disk-by\\\\x2dpartlabel-la_init_boot_a.device\",\"dev-disk-by\\\\x2dpath-platform\\\\x2d1d84000.ufs\\\\x2dscsi\\\\x2d0:0:0:0\\\\x2dpart5.device\",\"dev-sda5.device\",\"sys-devices-platform-soc\\\\x400-1d84000.ufs-host0-target0:0:0-0:0:0:0-block-sda-sda5.device\",\"dev-disk-by\\\\x2dpartuuid-abe8d7bb\\\\x2d1a1d\\\\x2d6419\\\\x2df066\\\\x2db995cdae8240.device\",\"sys-devices-platform-soc\\\\x400-1d84000.ufs-host0-target0:0:0-0:0:0:0-block-sda-sda6.device\",\"dev-sda6.device\",\"dev-disk-by\\\\x2dpartlabel-la_dtbo_a.device\",\"dev-disk-by\\\\x2did-scsi\\\\x2d28ce38e0000000000\\\\x2dpart6.device\",\"dev-disk-by\\\\x2dpath-platform\\\\x2d1d84000.ufs\\\\x2dscsi\\\\x2d0:0:0:0\\\\x2dpart6.device\",\"dev-disk-by\\\\x2dpartuuid-9b64a432\\\\x2d7b01\\\\x2dbbd2\\\\x2de1df\\\\x2d5a23dd591e67.device\",\"dev-disk-by\\\\x2dpath-platform\\\\x2d1d84000.ufs\\\\x2dscsi\\\\x2d0:0:0:0\\\\x2dpart7.device\",\"dev-disk-by\\\\x2dpartlabel-la_vbmeta_a.device\",\"sys-devices-platform-soc\\\\x400-1d84000.ufs-host0-target0:0:0-0:0:0:0-block-sda-sda7.device\",\"dev-disk-by\\\\x2did-scsi\\\\x2d28ce38e0000000000\\\\x2dpart7.device\",\"dev-sda7.device\",\"dev-disk-by\\\\x2dpartuuid-56c9388b\\\\x2d8145\\\\x2d67e0\\\\x2d7039\\\\x2da0254cb6ac3b.device\",\"sys-devices-platform-soc\\\\x400-1d84000.ufs-host0-target0:0:0-0:0:0:0-block-sda-sda1.device\",\"dev-disk-by\\\\x2dpath-platform\\\\x2d1d84000.ufs\\\\x2dscsi\\\\x2d0:0:0:0\\\\x2dpart1.device\",\"dev-disk-by\\\\x2dpartlabel-ALIGN_TO_128K_2.device\",\"dev-sda1.device\",\"dev-sda8.device\",\"dev-disk-by\\\\x2dpartlabel-la_vb_sys_a.device\",\"sys-devices-platform-soc\\\\x400-1d84000.ufs-host0-target0:0:0-0:0:0:0-block-sda-sda8.device\",\"dev-disk-by\\\\x2dpath-platform\\\\x2d1d84000.ufs\\\\x2dscsi\\\\x2d0:0:0:0\\\\x2dpart8.device\",\"dev-disk-by\\\\x2did-scsi\\\\x2d28ce38e0000000000\\\\x2dpart8.device\",\"dev-disk-by\\\\x2dpartuuid-9118f632\\\\x2ddecf\\\\x2d1ee8\\\\x2d8605\\\\x2df6ebc6d5a1c0.device\",\"dev-sda12.device\",\"dev-disk-by\\\\x2dpath-platform\\\\x2d1d84000.ufs\\\\x2dscsi\\\\x2d0:0:0:0\\\\x2dpart12.device\",\"dev-disk-by\\\\x2dpartlabel-la_metadata.device\",\"dev-disk-by\\\\x2duuid-c186f799\\\\x2d4cba\\\\x2d421f\\\\x2d8bdc\\\\x2dfdbd2c147f24.device\",\"dev-disk-by\\\\x2dpartuuid-9f09b0a8\\\\x2dc63f\\\\x2d3506\\\\x2d08ea\\\\x2d15ce366e8f4a.device\",\"dev-disk-by\\\\x2did-scsi\\\\x2d28ce38e0000000000\\\\x2dpart12.device\",\"sys-devices-platform-soc\\\\x400-1d84000.ufs-host0-target0:0:0-0:0:0:0-block-sda-sda12.device\",\"dev-disk-by\\\\x2dpath-platform\\\\x2d1d84000.ufs\\\\x2dscsi\\\\x2d0:0:0:0\\\\x2dpart3.device\",\"dev-disk-by\\\\x2dpartlabel-reserved2_a.device\",\"dev-disk-by\\\\x2dpartuuid-9521221b\\\\x2d5f7d\\\\x2d7613\\\\x2d0f4e\\\\x2df5348ffc43d4.device\",\"dev-sda3.device\",\"sys-devices-platform-soc\\\\x400-1d84000.ufs-host0-target0:0:0-0:0:0:0-block-sda-sda3.device\",\"dev-disk-by\\\\x2dpartlabel-la_persist.device\",\"dev-disk-by\\\\x2duuid-949dc604\\\\x2d6499\\\\x2d4323\\\\x2dbb16\\\\x2d3a3a71ef969f.device\",\"sys-devices-platform-soc\\\\x400-1d84000.ufs-host0-target0:0:0-0:0:0:0-block-sda-sda14.device\",\"dev-disk-by\\\\x2did-scsi\\\\x2d28ce38e0000000000\\\\x2dpart14.device\",\"dev-disk-by\\\\x2dpath-platform\\\\x2d1d84000.ufs\\\\x2dscsi\\\\x2d0:0:0:0\\\\x2dpart14.device\",\"dev-sda14.device\",\"dev-disk-by\\\\x2dpartuuid-7cdeede8\\\\x2db2c9\\\\x2d8ec6\\\\x2d2520\\\\x2d4873b174b49c.device\",\"dev-disk-by\\\\x2dpartuuid-f82e8ffa\\\\x2da245\\\\x2d55a6\\\\x2dc703\\\\x2dbb59369244ec.device\",\"dev-disk-by\\\\x2dpath-platform\\\\x2d1d84000.ufs\\\\x2dscsi\\\\x2d0:0:0:0\\\\x2dpart10.device\",\"dev-disk-by\\\\x2did-scsi\\\\x2d28ce38e0000000000\\\\x2dpart10.device\",\"sys-devices-platform-soc\\\\x400-1d84000.ufs-host0-target0:0:0-0:0:0:0-block-sda-sda10.device\",\"dev-disk-by\\\\x2dpartlabel-la_misc.device\",\"dev-sda10.device\",\"dev-disk-by\\\\x2dpartlabel-la_v_boot_a.device\",\"dev-disk-by\\\\x2dpartuuid-836845e7\\\\x2dc9dd\\\\x2d004e\\\\x2dad2d\\\\x2d1eb32c8716ab.device\",\"dev-disk-by\\\\x2did-scsi\\\\x2d28ce38e0000000000\\\\x2dpart9.device\",\"dev-disk-by\\\\x2dpath-platform\\\\x2d1d84000.ufs\\\\x2dscsi\\\\x2d0:0:0:0\\\\x2dpart9.device\",\"sys-devices-platform-soc\\\\x400-1d84000.ufs-host0-target0:0:0-0:0:0:0-block-sda-sda9.device\",\"dev-sda9.device\",\"dev-sda4.device\",\"dev-disk-by\\\\x2dpath-platform\\\\x2d1d84000.ufs\\\\x2dscsi\\\\x2d0:0:0:0\\\\x2dpart4.device\",\"dev-disk-by\\\\x2dpartuuid-da85b05c\\\\x2dda68\\\\x2d7016\\\\x2dffd0\\\\x2de305c4cc625f.device\",\"dev-disk-by\\\\x2did-scsi\\\\x2d28ce38e0000000000\\\\x2dpart4.device\",\"dev-disk-by\\\\x2dpartlabel-la_boot_a.device\",\"sys-devices-platform-soc\\\\x400-1d84000.ufs-host0-target0:0:0-0:0:0:0-block-sda-sda4.device\",\"dev-sda11.device\",\"sys-devices-platform-soc\\\\x400-1d84000.ufs-host0-target0:0:0-0:0:0:0-block-sda-sda11.device\",\"dev-disk-by\\\\x2dpartlabel-la_super.device\",\"dev-disk-by\\\\x2did-scsi\\\\x2d28ce38e0000000000\\\\x2dpart11.device\",\"dev-disk-by\\\\x2dpath-platform\\\\x2d1d84000.ufs\\\\x2dscsi\\\\x2d0:0:0:0\\\\x2dpart11.device\",\"dev-disk-by\\\\x2dpartuuid-139796b3\\\\x2d58d3\\\\x2d2198\\\\x2d5256\\\\x2dc2c3e2cd23d4.device\",\"dev-disk-by\\\\x2duuid-72789c43\\\\x2d257a\\\\x2d4e3e\\\\x2d88b5\\\\x2de96e4a5a9ee1.device\",\"dev-disk-by\\\\x2dpartlabel-la_userdata.device\",\"dev-disk-by\\\\x2dpath-platform\\\\x2d1d84000.ufs\\\\x2dscsi\\\\x2d0:0:0:0\\\\x2dpart13.device\",\"dev-disk-by\\\\x2did-scsi\\\\x2d28ce38e0000000000\\\\x2dpart13.device\",\"dev-disk-by\\\\x2dlabel-data.device\",\"sys-devices-platform-soc\\\\x400-1d84000.ufs-host0-target0:0:0-0:0:0:0-block-sda-sda13.device\",\"dev-sda13.device\",\"dev-disk-by\\\\x2dpartuuid-6c53b2e3\\\\x2d97f8\\\\x2d212f\\\\x2d0131\\\\x2d990ebe674f43.device\",\"dev-disk-by\\\\x2dpath-platform\\\\x2d1d84000.ufs\\\\x2dscsi\\\\x2d0:0:0:6.device\",\"dev-sdg.device\",\"dev-disk-by\\\\x2ddiskseq-7.device\",\"sys-devices-platform-soc\\\\x400-1d84000.ufs-host0-target0:0:0-0:0:0:6-block-sdg.device\",\"sys-devices-platform-soc\\\\x400-1d84000.ufs-host0-target0:0:0-0:0:0:0-block-sda-sda2.device\",\"dev-disk-by\\\\x2dpartuuid-ca9c2d3a\\\\x2dae27\\\\x2d31ea\\\\x2d170f\\\\x2d9f0f4efef206.device\",\"dev-disk-by\\\\x2dpath-platform\\\\x2d1d84000.ufs\\\\x2dscsi\\\\x2d0:0:0:0\\\\x2dpart2.device\",\"dev-disk-by\\\\x2dpartlabel-reserved1_a.device\",\"dev-sda2.device\",\"dev-sdh.device\",\"sys-devices-platform-soc\\\\x400-1d84000.ufs-host0-target0:0:0-0:0:0:7-block-sdh.device\",\"dev-disk-by\\\\x2ddiskseq-8.device\",\"dev-disk-by\\\\x2dpath-platform\\\\x2d1d84000.ufs\\\\x2dscsi\\\\x2d0:0:0:7.device\",\"dev-disk-by\\\\x2ddiskseq-6.device\",\"dev-disk-by\\\\x2dpath-platform\\\\x2d1d84000.ufs\\\\x2dscsi\\\\x2d0:0:0:5.device\",\"sys-devices-platform-soc\\\\x400-1d84000.ufs-host0-target0:0:0-0:0:0:5-block-sdf.device\",\"dev-sdf.device\",\"sys-devices-platform-soc\\\\x400-1d84000.ufs-host0-target0:0:0-0:0:0:7-block-sdh-sdh5.device\",\"dev-disk-by\\\\x2dpath-platform\\\\x2d1d84000.ufs\\\\x2dscsi\\\\x2d0:0:0:7\\\\x2dpart5.device\",\"dev-sdh5.device\",\"dev-disk-by\\\\x2dpartuuid-06bc2fbd\\\\x2d3905\\\\x2da11f\\\\x2dde0c\\\\x2d3af0626668e9.device\",\"dev-disk-by\\\\x2dpartlabel-recoveryinfo.device\",\"sys-devices-platform-soc\\\\x400-1d84000.ufs-host0-target0:0:0-0:0:0:7-block-sdh-sdh4.device\",\"dev-disk-by\\\\x2dpartuuid-794b0097\\\\x2d8fdf\\\\x2dc3d3\\\\x2d2a55\\\\x2db7824eab9d94.device\",\"dev-disk-by\\\\x2dpartlabel-ALIGN_TO_128K_4.device\",\"dev-disk-by\\\\x2dpath-platform\\\\x2d1d84000.ufs\\\\x2dscsi\\\\x2d0:0:0:7\\\\x2dpart4.device\",\"dev-sdh4.device\",\"dev-sdg1.device\",\"dev-disk-by\\\\x2dpartuuid-be295542\\\\x2d1c98\\\\x2d3d28\\\\x2d0fd2\\\\x2d3361ebac37b8.device\",\"dev-disk-by\\\\x2dpath-platform\\\\x2d1d84000.ufs\\\\x2dscsi\\\\x2d0:0:0:6\\\\x2dpart1.device\",\"sys-devices-platform-soc\\\\x400-1d84000.ufs-host0-target0:0:0-0:0:0:6-block-sdg-sdg1.device\",\"sys-devices-platform-soc\\\\x400-1d84000.ufs-host0-target0:0:0-0:0:0:6-block-sdg-sdg4.device\",\"dev-disk-by\\\\x2dpartlabel-la_boot_b.device\",\"dev-disk-by\\\\x2dpartuuid-0970c139\\\\x2d4281\\\\x2dbb05\\\\x2d823b\\\\x2deb64877d8230.device\",\"dev-disk-by\\\\x2dpath-platform\\\\x2d1d84000.ufs\\\\x2dscsi\\\\x2d0:0:0:6\\\\x2dpart4.device\",\"dev-sdg4.device\",\"dev-disk-by\\\\x2dpath-platform\\\\x2d1d84000.ufs\\\\x2dscsi\\\\x2d0:0:0:4.device\",\"sys-devices-platform-soc\\\\x400-1d84000.ufs-host0-target0:0:0-0:0:0:4-block-sde.device\",\"dev-disk-by\\\\x2ddiskseq-5.device\",\"dev-sde.device\",\"dev-sdg3.device\",\"dev-disk-by\\\\x2dpath-platform\\\\x2d1d84000.ufs\\\\x2dscsi\\\\x2d0:0:0:6\\\\x2dpart3.device\",\"dev-disk-by\\\\x2dpartuuid-34026f2b\\\\x2dbbd3\\\\x2dc9f8\\\\x2d8f6d\\\\x2d9413adb79458.device\",\"sys-devices-platform-soc\\\\x400-1d84000.ufs-host0-target0:0:0-0:0:0:6-block-sdg-sdg3.device\",\"dev-disk-by\\\\x2dpartlabel-reserved2_b.device\",\"dev-disk-by\\\\x2dpartlabel-la_vb_sys_b.device\",\"sys-devices-platform-soc\\\\x400-1d84000.ufs-host0-target0:0:0-0:0:0:6-block-sdg-sdg8.device\",\"dev-disk-by\\\\x2dpath-platform\\\\x2d1d84000.ufs\\\\x2dscsi\\\\x2d0:0:0:6\\\\x2dpart8.device\",\"dev-sdg8.device\",\"dev-disk-by\\\\x2dpartuuid-e69a5dfe\\\\x2d4e2e\\\\x2d7615\\\\x2ddecf\\\\x2d44aa640e0c4b.device\",\"dev-disk-by\\\\x2dpath-platform\\\\x2d1d84000.ufs\\\\x2dscsi\\\\x2d0:0:0:7\\\\x2dpart2.device\",\"sys-devices-platform-soc\\\\x400-1d84000.ufs-host0-target0:0:0-0:0:0:7-block-sdh-sdh2.device\",\"dev-disk-by\\\\x2dpartuuid-0dab337d\\\\x2de425\\\\x2df946\\\\x2dfea2\\\\x2d98d1b4be34c0.device\",\"dev-sdh2.device\",\"dev-disk-by\\\\x2dpartlabel-slt_storage.device\",\"dev-disk-by\\\\x2dpartlabel-slt_test.device\",\"dev-disk-by\\\\x2dpath-platform\\\\x2d1d84000.ufs\\\\x2dscsi\\\\x2d0:0:0:7\\\\x2dpart1.device\",\"dev-sdh1.device\",\"dev-disk-by\\\\x2dpartuuid-f106f9a2\\\\x2d094e\\\\x2d0f8d\\\\x2d89c8\\\\x2d6aeebb169e8b.device\",\"sys-devices-platform-soc\\\\x400-1d84000.ufs-host0-target0:0:0-0:0:0:7-block-sdh-sdh1.device\",\"dev-disk-by\\\\x2dpath-platform\\\\x2d1d84000.ufs\\\\x2dscsi\\\\x2d0:0:0:6\\\\x2dpart6.device\",\"dev-sdg6.device\",\"sys-devices-platform-soc\\\\x400-1d84000.ufs-host0-target0:0:0-0:0:0:6-block-sdg-sdg6.device\",\"dev-disk-by\\\\x2dpartuuid-00db64bc\\\\x2da541\\\\x2dcfe0\\\\x2d90ee\\\\x2d89ece89da0c3.device\",\"dev-disk-by\\\\x2dpartlabel-la_dtbo_b.device\",\"dev-disk-by\\\\x2dpath-platform\\\\x2d1d84000.ufs\\\\x2dscsi\\\\x2d0:0:0:6\\\\x2dpart7.device\",\"sys-devices-platform-soc\\\\x400-1d84000.ufs-host0-target0:0:0-0:0:0:6-block-sdg-sdg7.device\",\"dev-disk-by\\\\x2dpartlabel-la_vbmeta_b.device\",\"dev-sdg7.device\",\"dev-disk-by\\\\x2dpartuuid-a4c1f03a\\\\x2d834b\\\\x2d9dc4\\\\x2df453\\\\x2dfdef5a8cc398.device\",\"dev-disk-by\\\\x2dpartuuid-69a2b61e\\